09-12 07:35:49.883  1472  1472 W DockObserver: This kernel does not have dock station support
09-12 07:35:49.884  1472  1472 I SystemServer: StartWiredAccessoryManager
09-12 07:35:49.886  1472  1472 W WiredAccessoryManager: This kernel does not have usb audio support
09-12 07:35:49.886  1472  1472 W WiredAccessoryManager: This kernel does not have HDMI audio support
09-12 07:35:49.886  1472  1472 I SystemServer: StartMidiManager
09-12 07:35:49.887  1472  1472 I SystemServiceManager: Starting com.android.server.midi.MidiService$Lifecycle
09-12 07:35:49.891  1472  1472 I SystemServer: StartUsbService
09-12 07:35:49.891  1472  1472 I SystemServiceManager: Starting com.android.server.usb.UsbService$Lifecycle
09-12 07:35:49.935  1472  1472 I SystemServer: StartSerialService
09-12 07:35:49.937  1472  1472 I SystemServer: StartHardwarePropertiesManagerService
09-12 07:35:49.941  1472  1472 I SystemServer: StartTwilightService
09-12 07:35:49.942  1472  1472 I SystemServiceManager: Starting com.android.server.twilight.TwilightService
09-12 07:35:49.943  1472  1472 I SystemServer: StartJobScheduler
09-12 07:35:49.943  1472  1472 I SystemServiceManager: Starting com.android.server.job.JobSchedulerService
09-12 07:35:50.236  1472  1472 D ConnectivityService: requestNetwork for uid/pid:1000/1472 NetworkRequest [ TRACK_DEFAULT id=3, [ Capabilities: INTERNET&NOT_RESTRICTED&TRUSTED&NOT_VPN] ]
09-12 07:35:50.240  1472  1472 I SystemServer: StartSoundTrigger
09-12 07:35:50.241  1472  1472 I SystemServiceManager: Starting com.android.server.soundtrigger.SoundTriggerService
09-12 07:35:50.245  1472  1472 I SystemServer: StartTrustManager
09-12 07:35:50.246  1472  1472 I SystemServiceManager: Starting com.android.server.trust.TrustManagerService
09-12 07:35:50.248  1472  1472 I SystemServer: StartBackupManager
09-12 07:35:50.333  1472  1472 I SystemServiceManager: Starting com.android.server.backup.BackupManagerService$Lifecycle
09-12 07:35:50.445  1472  1472 I SystemServer: StartAppWidgerService
09-12 07:35:50.445  1472  1472 I SystemServiceManager: Starting com.android.server.appwidget.AppWidgetService
09-12 07:35:50.515  1472  1472 I SystemServer: StartVoiceRecognitionManager
09-12 07:35:50.516  1472  1472 I SystemServiceManager: Starting com.android.server.voiceinteraction.VoiceInteractionManagerService
09-12 07:35:50.519  1472  1472 I SystemServer: StartGestureLauncher
09-12 07:35:50.519  1472  1472 I SystemServiceManager: Starting com.android.server.GestureLauncherService
09-12 07:35:50.520  1472  1472 I SystemServer: StartSensorNotification
09-12 07:35:50.520  1472  1472 I SystemServiceManager: Starting com.android.server.SensorNotificationService
09-12 07:35:50.521  1472  1472 I SystemServer: StartContextHubSystemService
09-12 07:35:50.521  1472  1472 I SystemServiceManager: Starting com.android.server.ContextHubSystemService
09-12 07:35:50.526  1472  1472 I SystemServer: StartDiskStatsService
09-12 07:35:50.529  1472  1472 I SystemServer: StartSamplingProfilerService
09-12 07:35:50.539  1472  1472 I SystemServer: StartNetworkTimeUpdateService
09-12 07:35:50.540  1472  1472 I SystemServer: StartCommonTimeManagementService
09-12 07:35:50.542  1472  1472 I SystemServer: CertBlacklister
09-12 07:35:50.544  1472  1472 I SystemServer: StartEmergencyAffordanceService
09-12 07:35:50.545  1472  1472 I SystemServiceManager: Starting com.android.server.emergency.EmergencyAffordanceService
09-12 07:35:50.546  1472  1472 I SystemServer: StartDreamManager
09-12 07:35:50.546  1472  1472 I SystemServiceManager: Starting com.android.server.dreams.DreamManagerService
09-12 07:35:50.548  1472  1472 I SystemServer: AddGraphicsStatsService
09-12 07:35:50.551  1472  1472 I SystemServer: StartPrintManager
09-12 07:35:50.552  1472  1472 I SystemServiceManager: Starting com.android.server.print.PrintManagerService
09-12 07:35:50.556  1472  1472 I SystemServer: StartRestrictionManager
09-12 07:35:50.556  1472  1472 I SystemServiceManager: Starting com.android.server.restrictions.RestrictionsManagerService
09-12 07:35:50.558  1472  1472 I SystemServer: StartMediaSessionService
09-12 07:35:50.559  1472  1472 I SystemServiceManager: Starting com.android.server.media.MediaSessionService
09-12 07:35:50.584  1472  1472 I SystemServer: StartMediaResourceMonitor
09-12 07:35:50.584  1472  1472 I SystemServiceManager: Starting com.android.server.media.MediaResourceMonitorService
09-12 07:35:50.586  1472  1472 I SystemServer: StartMediaRouterService
09-12 07:35:50.587  1472  1472 I SystemServer: StartFingerprintSensor
09-12 07:35:50.588  1472  1472 I SystemServiceManager: Starting com.android.server.fingerprint.FingerprintService
09-12 07:35:50.591  1472  1472 I SystemServer: StartBackgroundDexOptService
09-12 07:35:50.592  1472  1472 I SystemServer: StartPruneInstantAppsJobService
09-12 07:35:50.593  1472  1472 I SystemServer: StartShortcutServiceLifecycle
09-12 07:35:50.593  1472  1472 I SystemServiceManager: Starting com.android.server.pm.ShortcutService$Lifecycle
09-12 07:35:50.597  1472  1472 I SystemServer: StartLauncherAppsService
09-12 07:35:50.598  1472  1472 I SystemServiceManager: Starting com.android.server.pm.LauncherAppsService
09-12 07:35:50.600  1472  1472 I SystemServer: StartMediaProjectionManager
09-12 07:35:50.600  1472  1472 I SystemServiceManager: Starting com.android.server.media.projection.MediaProjectionManagerService
09-12 07:35:50.622  1472  1520 V FingerprintService: mDeamon was null, reconnect to fingerprint
09-12 07:35:50.661  1472  1520 V FingerprintService: Fingerprint HAL id: 2942996480
09-12 07:35:50.677  1472  1472 I SystemServer: StartJitCompilation
09-12 07:35:50.677  1472  1472 I SystemServer: StartMmsService
09-12 07:35:50.678  1472  1472 I SystemServiceManager: Starting com.android.server.MmsServiceBroker
09-12 07:35:50.703  1472  1472 I SystemServer: StartRetailDemoModeService
09-12 07:35:50.703  1472  1472 I SystemServiceManager: Starting com.android.server.retaildemo.RetailDemoModeService
09-12 07:35:50.734  1472  1472 I SystemServer: StartAutoFillService
09-12 07:35:50.735  1472  1472 I SystemServiceManager: Starting com.android.server.autofill.AutofillManagerService
09-12 07:35:50.736  1472  1472 I AutofillManagerService: Setting debug to false
09-12 07:35:50.738  1472  1472 I SystemServer: MakeVibratorServiceReady
09-12 07:35:50.738  1472  1472 I SystemServer: MakeLockSettingsServiceReady
09-12 07:35:50.859  1472  1472 I LockSettingsService: Migrated lock settings to new location
09-12 07:35:50.872  1472  1472 I LockSettingsService: Migrated per-user lock settings to new location
09-12 07:35:50.955  1472  1472 I LockSettingsService: Migrated biometric weak to use the fallback instead
09-12 07:35:50.960  1472  1472 I LockSettingsService: Migrated lockscreen disabled flag
09-12 07:35:50.966  1472  1472 E LockSettingsStorage: Cannot read file java.io.FileNotFoundException: /data/system/gatekeeper.password.key: open failed: ENOENT (No such file or directory)
09-12 07:35:50.966  1472  1472 E LockSettingsStorage: Cannot read file java.io.FileNotFoundException: /data/system/password.key: open failed: ENOENT (No such file or directory)
09-12 07:35:50.966  1472  1472 E LockSettingsStorage: Cannot read file java.io.FileNotFoundException: /data/system/gatekeeper.pattern.key: open failed: ENOENT (No such file or directory)
09-12 07:35:50.967  1472  1472 E LockSettingsStorage: Cannot read file java.io.FileNotFoundException: /data/system/gatekeeper.gesture.key: open failed: ENOENT (No such file or directory)
09-12 07:35:50.967  1472  1472 E LockSettingsStorage: Cannot read file java.io.FileNotFoundException: /data/system/gesture.key: open failed: ENOENT (No such file or directory)
09-12 07:35:50.967  1472  1472 I SystemServer: StartBootPhaseLockSettingsReady
09-12 07:35:50.967  1472  1472 I SystemServiceManager: Starting phase 480
09-12 07:35:50.978  1472  1472 I SystemServer: StartBootPhaseSystemServicesReady
09-12 07:35:50.978  1472  1472 I SystemServiceManager: Starting phase 500
09-12 07:35:50.981  1472  1472 W UsageStatsService: Missing procfs interface: /proc/uid_procstat/set
09-12 07:35:50.987  1472  1472 I VrManagerService: No default vr listener service found.
09-12 07:35:50.998  1472  1472 I WifiService: WifiService starting up with Wi-Fi disabled
09-12 07:35:51.057  1472  1472 W SystemServiceManager: Service com.android.server.wifi.WifiService took 59 ms in onBootPhase
09-12 07:35:51.076  1472  1472 W SoundTriggerHelper: listModules status=0, # of modules=0
09-12 07:35:51.078  1472  1472 I SystemServer: MakeWindowManagerServiceReady
09-12 07:35:51.101  1472  1472 I SystemServer: MakePowerManagerServiceReady
09-12 07:35:51.117  1472  1497 W KeyguardServiceDelegate: onScreenTurningOn(): no keyguard service!
09-12 07:35:51.118  1472  1472 I SystemServer: MakePackageManagerServiceReady
09-12 07:35:51.164  1472  1472 D VoldConnector: SND -> {4 volume remount_uid 1001 none}
09-12 07:35:51.164  1271  1280 D vold    : Remounting 1001 as mode none
09-12 07:35:51.195  1271  1280 D vold    : Found matching PID 1342
09-12 07:35:51.195  1271  1280 W vold    : Skipping due to root namespace
09-12 07:35:51.196  1472  1535 D VoldConnector: RCV <- {200 4 Command succeeded}
09-12 07:35:51.197  1472  1472 D VoldConnector: SND -> {5 volume remount_uid 1001 none}
09-12 07:35:51.198  1271  1280 D vold    : Remounting 1001 as mode none
09-12 07:35:51.203  1271  1280 D vold    : Found matching PID 1342
09-12 07:35:51.203  1271  1280 W vold    : Skipping due to root namespace
09-12 07:35:51.204  1472  1535 D VoldConnector: RCV <- {200 5 Command succeeded}
09-12 07:35:51.216  1472  1472 D VoldConnector: SND -> {6 volume remount_uid 1000 none}
09-12 07:35:51.221  1271  1280 D vold    : Remounting 1000 as mode none
09-12 07:35:51.223  1271  1280 D vold    : Found matching PID 1266
09-12 07:35:51.223  1271  1280 W vold    : Skipping due to root namespace
09-12 07:35:51.223  1271  1280 D vold    : Found matching PID 1267
09-12 07:35:51.223  1271  1280 W vold    : Skipping due to root namespace
09-12 07:35:51.224  1271  1280 D vold    : Found matching PID 1268
09-12 07:35:51.224  1271  1280 W vold    : Skipping due to root namespace
09-12 07:35:51.224  1271  1280 D vold    : Found matching PID 1269
09-12 07:35:51.224  1271  1280 W vold    : Skipping due to root namespace
09-12 07:35:51.224  1271  1280 D vold    : Found matching PID 1316
09-12 07:35:51.224  1271  1280 W vold    : Skipping due to root namespace
09-12 07:35:51.224  1271  1280 D vold    : Found matching PID 1318
09-12 07:35:51.224  1271  1280 W vold    : Skipping due to root namespace
09-12 07:35:51.224  1271  1280 D vold    : Found matching PID 1319
09-12 07:35:51.224  1271  1280 W vold    : Skipping due to root namespace
09-12 07:35:51.224  1271  1280 D vold    : Found matching PID 1320
09-12 07:35:51.224  1271  1280 W vold    : Skipping due to root namespace
09-12 07:35:51.224  1271  1280 D vold    : Found matching PID 1321
09-12 07:35:51.224  1271  1280 W vold    : Skipping due to root namespace
09-12 07:35:51.225  1271  1280 D vold    : Found matching PID 1322
09-12 07:35:51.225  1271  1280 W vold    : Skipping due to root namespace
09-12 07:35:51.225  1271  1280 D vold    : Found matching PID 1327
09-12 07:35:51.225  1271  1280 W vold    : Skipping due to root namespace
09-12 07:35:51.225  1271  1280 D vold    : Found matching PID 1340
09-12 07:35:51.225  1271  1280 W vold    : Skipping due to root namespace
09-12 07:35:51.225  1271  1280 D vold    : Found matching PID 1344
09-12 07:35:51.225  1271  1280 W vold    : Skipping due to root namespace
09-12 07:35:51.225  1271  1280 D vold    : Found matching PID 1346
09-12 07:35:51.225  1271  1280 W vold    : Skipping due to root namespace
09-12 07:35:51.225  1271  1280 D vold    : Found matching PID 1472
09-12 07:35:51.302  1472  1535 D VoldConnector: RCV <- {200 6 Command succeeded}
09-12 07:35:51.304  1472  1472 D VoldConnector: SND -> {7 volume remount_uid 1000 none}
09-12 07:35:51.305  1271  1280 D vold    : Remounting 1000 as mode none
09-12 07:35:51.309  1271  1280 D vold    : Found matching PID 1266
09-12 07:35:51.310  1271  1280 W vold    : Skipping due to root namespace
09-12 07:35:51.310  1271  1280 D vold    : Found matching PID 1267
09-12 07:35:51.310  1271  1280 W vold    : Skipping due to root namespace
09-12 07:35:51.310  1271  1280 D vold    : Found matching PID 1268
09-12 07:35:51.310  1271  1280 W vold    : Skipping due to root namespace
09-12 07:35:51.310  1271  1280 D vold    : Found matching PID 1269
09-12 07:35:51.311  1271  1280 W vold    : Skipping due to root namespace
09-12 07:35:51.311  1271  1280 D vold    : Found matching PID 1316
09-12 07:35:51.311  1271  1280 W vold    : Skipping due to root namespace
09-12 07:35:51.311  1271  1280 D vold    : Found matching PID 1318
09-12 07:35:51.312  1271  1280 W vold    : Skipping due to root namespace
09-12 07:35:51.312  1271  1280 D vold    : Found matching PID 1319
09-12 07:35:51.312  1271  1280 W vold    : Skipping due to root namespace
09-12 07:35:51.312  1271  1280 D vold    : Found matching PID 1320
09-12 07:35:51.312  1271  1280 W vold    : Skipping due to root namespace
09-12 07:35:51.312  1271  1280 D vold    : Found matching PID 1321
09-12 07:35:51.312  1271  1280 W vold    : Skipping due to root namespace
09-12 07:35:51.313  1271  1280 D vold    : Found matching PID 1322
09-12 07:35:51.313  1271  1280 W vold    : Skipping due to root namespace
09-12 07:35:51.313  1271  1280 D vold    : Found matching PID 1327
09-12 07:35:51.313  1271  1280 W vold    : Skipping due to root namespace
09-12 07:35:51.313  1271  1280 D vold    : Found matching PID 1340
09-12 07:35:51.314  1271  1280 W vold    : Skipping due to root namespace
09-12 07:35:51.314  1271  1280 D vold    : Found matching PID 1344
09-12 07:35:51.314  1271  1280 W vold    : Skipping due to root namespace
09-12 07:35:51.314  1271  1280 D vold    : Found matching PID 1346
09-12 07:35:51.314  1271  1280 W vold    : Skipping due to root namespace
09-12 07:35:51.314  1271  1280 D vold    : Found matching PID 1472
09-12 07:35:51.316  1472  1535 D VoldConnector: RCV <- {200 7 Command succeeded}
09-12 07:35:51.354  1472  1472 D VoldConnector: SND -> {8 volume remount_uid 2000 none}
09-12 07:35:51.355  1271  1280 D vold    : Remounting 2000 as mode none
09-12 07:35:51.360  1472  1535 D VoldConnector: RCV <- {200 8 Command succeeded}
09-12 07:35:51.363  1472  1472 D VoldConnector: SND -> {9 volume remount_uid 2000 none}
09-12 07:35:51.364  1271  1280 D vold    : Remounting 2000 as mode none
09-12 07:35:51.368  1472  1535 D VoldConnector: RCV <- {200 9 Command succeeded}
09-12 07:35:51.372  1472  1472 D VoldConnector: SND -> {10 volume remount_uid 10028 none}
09-12 07:35:51.373  1271  1280 D vold    : Remounting 10028 as mode none
09-12 07:35:51.376  1472  1535 D VoldConnector: RCV <- {200 10 Command succeeded}
09-12 07:35:51.380  1472  1472 D VoldConnector: SND -> {11 volume remount_uid 10028 none}
09-12 07:35:51.381  1271  1280 D vold    : Remounting 10028 as mode none
09-12 07:35:51.384  1472  1535 D VoldConnector: RCV <- {200 11 Command succeeded}
09-12 07:35:51.400  1472  1472 I SyncManager: No initial accounts
09-12 07:35:51.401  1472  1472 I SyncManager: No initial status
09-12 07:35:51.401  1472  1472 I SyncManager: No initial statistics
09-12 07:35:51.500  1472  1472 D VoldConnector: SND -> {12 volume remount_uid 10022 none}
09-12 07:35:51.500  1271  1280 D vold    : Remounting 10022 as mode none
09-12 07:35:51.504  1472  1535 D VoldConnector: RCV <- {200 12 Command succeeded}
09-12 07:35:51.506  1472  1472 D VoldConnector: SND -> {13 volume remount_uid 10026 none}
09-12 07:35:51.515  1271  1280 D vold    : Remounting 10026 as mode none
09-12 07:35:51.518  1472  1535 D VoldConnector: RCV <- {200 13 Command succeeded}
09-12 07:35:51.519  1472  1472 D VoldConnector: SND -> {14 volume remount_uid 10026 none}
09-12 07:35:51.521  1271  1280 D vold    : Remounting 10026 as mode none
09-12 07:35:51.525  1472  1535 D VoldConnector: RCV <- {200 14 Command succeeded}
09-12 07:35:51.536  1472  1472 D VoldConnector: SND -> {15 volume remount_uid 10041 none}
09-12 07:35:51.537  1271  1280 D vold    : Remounting 10041 as mode none
09-12 07:35:51.542  1472  1535 D VoldConnector: RCV <- {200 15 Command succeeded}
09-12 07:35:51.544  1472  1472 D VoldConnector: SND -> {16 volume remount_uid 10041 none}
09-12 07:35:51.546  1271  1280 D vold    : Remounting 10041 as mode none
09-12 07:35:51.549  1472  1535 D VoldConnector: RCV <- {200 16 Command succeeded}
09-12 07:35:51.550  1472  1472 D VoldConnector: SND -> {17 volume remount_uid 10009 none}
09-12 07:35:51.551  1271  1280 D vold    : Remounting 10009 as mode none
09-12 07:35:51.554  1472  1535 D VoldConnector: RCV <- {200 17 Command succeeded}
09-12 07:35:51.556  1472  1472 D VoldConnector: SND -> {18 volume remount_uid 10009 none}
09-12 07:35:51.558  1271  1280 D vold    : Remounting 10009 as mode none
09-12 07:35:51.561  1472  1535 D VoldConnector: RCV <- {200 18 Command succeeded}
09-12 07:35:51.573  1472  1472 D VoldConnector: SND -> {19 volume remount_uid 10008 none}
09-12 07:35:51.573  1271  1280 D vold    : Remounting 10008 as mode none
09-12 07:35:51.576  1472  1535 D VoldConnector: RCV <- {200 19 Command succeeded}
09-12 07:35:51.578  1472  1472 D VoldConnector: SND -> {20 volume remount_uid 10008 none}
09-12 07:35:51.579  1271  1280 D vold    : Remounting 10008 as mode none
09-12 07:35:51.581  1472  1535 D VoldConnector: RCV <- {200 20 Command succeeded}
09-12 07:35:51.599  1472  1472 D VoldConnector: SND -> {21 volume remount_uid 10064 none}
09-12 07:35:51.600  1271  1280 D vold    : Remounting 10064 as mode none
09-12 07:35:51.602  1472  1535 D VoldConnector: RCV <- {200 21 Command succeeded}
09-12 07:35:51.603  1472  1472 D VoldConnector: SND -> {22 volume remount_uid 10064 none}
09-12 07:35:51.604  1271  1280 D vold    : Remounting 10064 as mode none
09-12 07:35:51.611  1472  1535 D VoldConnector: RCV <- {200 22 Command succeeded}
09-12 07:35:51.621  1472  1472 D VoldConnector: SND -> {23 volume remount_uid 10002 none}
09-12 07:35:51.622  1271  1280 D vold    : Remounting 10002 as mode none
09-12 07:35:51.625  1472  1535 D VoldConnector: RCV <- {200 23 Command succeeded}
09-12 07:35:51.626  1472  1472 D VoldConnector: SND -> {24 volume remount_uid 10002 none}
09-12 07:35:51.628  1271  1280 D vold    : Remounting 10002 as mode none
09-12 07:35:51.636  1472  1535 D VoldConnector: RCV <- {200 24 Command succeeded}
09-12 07:35:51.653  1472  1472 D VoldConnector: SND -> {25 volume remount_uid 10066 none}
09-12 07:35:51.654  1271  1280 D vold    : Remounting 10066 as mode none
09-12 07:35:51.657  1472  1535 D VoldConnector: RCV <- {200 25 Command succeeded}
09-12 07:35:51.659  1472  1472 D VoldConnector: SND -> {26 volume remount_uid 10066 none}
09-12 07:35:51.660  1271  1280 D vold    : Remounting 10066 as mode none
09-12 07:35:51.663  1472  1535 D VoldConnector: RCV <- {200 26 Command succeeded}
09-12 07:35:51.718  1472  1472 D VoldConnector: SND -> {27 volume remount_uid 10011 none}
09-12 07:35:51.718  1271  1280 D vold    : Remounting 10011 as mode none
09-12 07:35:51.720  1472  1535 D VoldConnector: RCV <- {200 27 Command succeeded}
09-12 07:35:51.723  1472  1472 D VoldConnector: SND -> {28 volume remount_uid 10011 none}
09-12 07:35:51.724  1271  1280 D vold    : Remounting 10011 as mode none
09-12 07:35:51.728  1472  1535 D VoldConnector: RCV <- {200 28 Command succeeded}
09-12 07:35:51.734  1472  1472 D VoldConnector: SND -> {29 volume remount_uid 10061 none}
09-12 07:35:51.735  1271  1280 D vold    : Remounting 10061 as mode none
09-12 07:35:51.738  1472  1535 D VoldConnector: RCV <- {200 29 Command succeeded}
09-12 07:35:51.740  1472  1472 D VoldConnector: SND -> {30 volume remount_uid 10061 none}
09-12 07:35:51.741  1271  1280 D vold    : Remounting 10061 as mode none
09-12 07:35:51.743  1472  1535 D VoldConnector: RCV <- {200 30 Command succeeded}
09-12 07:35:51.745  1472  1472 D VoldConnector: SND -> {31 volume remount_uid 10027 none}
09-12 07:35:51.746  1271  1280 D vold    : Remounting 10027 as mode none
09-12 07:35:51.747  1472  1535 D VoldConnector: RCV <- {200 31 Command succeeded}
09-12 07:35:51.748  1472  1472 D VoldConnector: SND -> {32 volume remount_uid 10027 none}
09-12 07:35:51.749  1271  1280 D vold    : Remounting 10027 as mode none
09-12 07:35:51.751  1472  1535 D VoldConnector: RCV <- {200 32 Command succeeded}
09-12 07:35:51.757  1472  1472 V UserDataPreparer: Found /data/user_de/0 with serial number -1
09-12 07:35:51.757  1472  1472 D UserDataPreparer: Serial number missing on /data/user_de/0; assuming current is valid
09-12 07:35:51.758  1472  1472 V UserDataPreparer: Found /data/user/0 with serial number -1
09-12 07:35:51.758  1472  1472 D UserDataPreparer: Serial number missing on /data/user/0; assuming current is valid
09-12 07:35:51.758  1472  1472 V UserDataPreparer: Found /data/system_de/0 with serial number -1
09-12 07:35:51.758  1472  1472 D UserDataPreparer: Serial number missing on /data/system_de/0; assuming current is valid
09-12 07:35:51.758  1472  1472 I SystemServer: MakeDisplayManagerServiceReady
09-12 07:35:51.763  1472  1472 I ActivityManager: System now ready
09-12 07:35:51.773  1472  1472 I SystemServer: Making services ready
09-12 07:35:51.773  1472  1472 I SystemServer: StartActivityManagerReadyPhase
09-12 07:35:51.773  1472  1472 I SystemServiceManager: Starting phase 550
09-12 07:35:52.058  1472  1472 I ActivityManager: Start proc 1588:com.android.inputmethod.latin/u0a57 for service com.android.inputmethod.latin/.LatinIME
09-12 07:35:52.062  1472  1472 W SystemServiceManager: Service com.android.server.InputMethodManagerService$Lifecycle took 282 ms in onBootPhase
09-12 07:35:52.062  1472  1534 D StorageManagerService: Thinking about init, mSystemReady=true, mDaemonConnected=true
09-12 07:35:52.062  1472  1534 D StorageManagerService: Setting up emulation state, initlocked=false
09-12 07:35:52.062  1472  1534 D CryptdConnector: SND -> {2 cryptfs unlock_user_key 0 0 ! !}
09-12 07:35:52.063  1271  1281 D vold    : e4crypt_unlock_user_key 0 serial=0 token_present=0
09-12 07:35:52.063  1271  1281 E vold    : Failed to chmod /data/system_ce/0: No such file or directory
09-12 07:35:52.063  1271  1281 E vold    : Failed to chmod /data/misc_ce/0: No such file or directory
09-12 07:35:52.063  1271  1281 E vold    : Failed to chmod /data/media/0: No such file or directory
09-12 07:35:52.063  1472  1536 D CryptdConnector: RCV <- {200 2 Command succeeded}
09-12 07:35:52.063  1472  1534 D StorageManagerService: Thinking about reset, mSystemReady=true, mDaemonConnected=true
09-12 07:35:52.064  1472  1534 D VoldConnector: SND -> {33 volume reset}
09-12 07:35:52.064  1271  1280 D vold    : Recognized experimental block major ID 253 as virtio-blk (emulator's virtual SD card device)
09-12 07:35:52.064  1271  1280 V vold    : /system/bin/sgdisk
09-12 07:35:52.064  1271  1280 V vold    :     --android-dump
09-12 07:35:52.064  1271  1280 V vold    :     /dev/block/vold/disk:253,48
09-12 07:35:52.065  1472  1486 I ActivityManager: Force stopping com.android.providers.media appid=10009 user=-1: vold reset
09-12 07:35:52.065  1472  1535 D VoldConnector: RCV <- {651 emulated 7}
09-12 07:35:52.066  1472  1535 D VoldConnector: RCV <- {659 emulated}
09-12 07:35:52.068  1472  1472 D UsbAlsaManager: Adding ALSA device AlsaDevice: [card: 0, device: 0, type: 1]
09-12 07:35:52.069  1472  1472 D UsbAlsaManager: Adding ALSA device AlsaDevice: [card: 0, device: 0, type: 2]
09-12 07:35:52.070  1472  1535 D VoldConnector: RCV <- {650 emulated 2 "" ""}
09-12 07:35:52.071  1472  1535 D VoldConnector: RCV <- {651 emulated 0}
09-12 07:35:52.072  1472  1493 V StorageManagerService: Found primary storage at VolumeInfo{emulated}:
09-12 07:35:52.072  1472  1493 V StorageManagerService:     type=EMULATED diskId=null partGuid=null mountFlags=0 mountUserId=-1 
09-12 07:35:52.072  1472  1493 V StorageManagerService:     state=UNMOUNTED 
09-12 07:35:52.072  1472  1493 V StorageManagerService:     fsType=null fsUuid=null fsLabel=null 
09-12 07:35:52.072  1472  1493 V StorageManagerService:     path=null internalPath=null 
09-12 07:35:52.072  1472  1535 D VoldConnector: RCV <- {651 public:253,48 7}
09-12 07:35:52.074  1472  1535 D VoldConnector: RCV <- {659 public:253,48}
09-12 07:35:52.075  1472  1472 I SystemServer: StartObservingNativeCrashes
09-12 07:35:52.075  1472  1535 D VoldConnector: RCV <- {649 disk:253,48}
09-12 07:35:52.075  1472  1535 D VoldConnector: RCV <- {640 disk:253,48 5}
09-12 07:35:52.076  1472  1535 D VoldConnector: RCV <- {641 disk:253,48 1048576}
09-12 07:35:52.084  1472  1535 D VoldConnector: RCV <- {642 disk:253,48 Virtual}
09-12 07:35:52.089  1472  1535 D VoldConnector: RCV <- {644 disk:253,48 /sys//devices/pci0000:00/0000:00:06.0/virtio3/block/vdd}
09-12 07:35:52.091  1472  1472 I SystemServer: StartSystemUI
09-12 07:35:52.091  1472  1484 I SystemServer: WebViewFactoryPreparation
09-12 07:35:52.114  1271  1280 E vold    : Failed to pclose /system/bin/sgdisk --android-dump /dev/block/vold/disk:253,48 : Bad file descriptor
09-12 07:35:52.114  1271  1280 W vold    : sgdisk failed to scan /dev/block/vold/disk:253,48
09-12 07:35:52.114  1472  1535 D VoldConnector: RCV <- {643 disk:253,48}
09-12 07:35:52.115  1472  1535 D VoldConnector: RCV <- {200 33 Command succeeded}
09-12 07:35:52.115  1472  1534 D VoldConnector: SND -> {34 volume user_added 0 0}
09-12 07:35:52.116  1472  1535 D VoldConnector: RCV <- {200 34 Command succeeded}
09-12 07:35:52.226  1472  1472 W ActivityManager: Slow operation: 131ms so far, now at startProcess: building log message
09-12 07:35:52.226  1472  1472 I ActivityManager: Start proc 1605:com.android.systemui/u0a28 for service com.android.systemui/.SystemUIService
09-12 07:35:52.226  1472  1472 W ActivityManager: Slow operation: 131ms so far, now at startProcess: starting to update pids map
09-12 07:35:52.226  1472  1472 W ActivityManager: Slow operation: 131ms so far, now at startProcess: done updating pids map
09-12 07:35:52.227  1472  1472 W ActivityManager: Slow operation: 133ms so far, now at startProcess: done starting proc!
09-12 07:35:52.233  1472  1487 W Looper  : Dispatch took 137ms on android.ui, h=Handler (com.android.server.am.ActivityManagerService$UiHandler) {7f9b941} cb=null msg=53
09-12 07:35:52.233  1472  1534 D VoldConnector: SND -> {35 volume mount emulated 3 -1}
09-12 07:35:52.234  1472  1472 I SystemServer: MakeNetworkScoreReady
09-12 07:35:52.235  1472  1535 D VoldConnector: RCV <- {651 emulated 1}
09-12 07:35:52.237  1472  1535 D VoldConnector: RCV <- {656 emulated /data/media}
09-12 07:35:52.237  1472  1535 D VoldConnector: RCV <- {655 emulated /storage/emulated}
09-12 07:35:52.238  1271  1280 V vold    : Waiting for FUSE to spin up...
09-12 07:35:52.244  1472  1472 I SystemServer: MakeNetworkManagementServiceReady
09-12 07:35:52.245  1472  1472 D NetworkManagement: enabling bandwidth control
09-12 07:35:52.257  1472  1472 I SystemServer: MakeNetworkStatsServiceReady
09-12 07:35:52.262  1472  1562 D NetworkPolicy: setRestrictBackgroundUL(): false
09-12 07:35:52.268  1472  1472 I SystemServer: MakeConnectivityServiceReady
09-12 07:35:52.289  1472  1472 I SystemServer: MakeNetworkPolicyServiceReady
09-12 07:35:52.289  1271  1280 V vold    : Waiting for FUSE to spin up...
09-12 07:35:52.365  1271  1280 I chatty  : uid=0(root) /system/bin/vold identical 1 line
09-12 07:35:52.416  1271  1280 V vold    : Waiting for FUSE to spin up...
09-12 07:35:52.465  1472  1489 E BatteryStatsService: no controller energy info supplied
09-12 07:35:52.465  1472  1489 E BatteryStatsService: no controller energy info supplied
09-12 07:35:52.467  1472  1489 W KernelMemoryBandwidthStats: No kernel memory bandwidth stats available
09-12 07:35:52.467  1271  1280 V vold    : Waiting for FUSE to spin up...
09-12 07:35:52.518  1271  1280 V vold    : Waiting for FUSE to spin up...
09-12 07:35:52.571  1472  1535 D VoldConnector: RCV <- {651 emulated 2}
09-12 07:35:52.572  1472  1535 D VoldConnector: RCV <- {200 35 Command succeeded}
09-12 07:35:52.661  1472  1472 I SystemServer: StartWatchdog
09-12 07:35:52.661  1472  1472 I SystemServer: PhaseThirdPartyAppsCanStart
09-12 07:35:52.938  1472  1485 D AccessibilityManagerService: Ignoring non-encryption-aware service ComponentInfo{com.example.android.apis/com.example.android.apis.accessibility.ClockBackService}
09-12 07:35:52.942  1472  1485 D AccessibilityManagerService: Ignoring non-encryption-aware service ComponentInfo{com.example.android.apis/com.example.android.apis.accessibility.MagnificationService}
09-12 07:35:52.942  1472  1485 D AccessibilityManagerService: Ignoring non-encryption-aware service ComponentInfo{com.example.android.apis/com.example.android.apis.accessibility.TaskBackService}
09-12 07:35:52.949  1472  1484 I ActivityManager: Start proc 1634:WebViewLoader-x86/1037 [android.webkit.WebViewFactory$RelroFileCreator] for 
09-12 07:35:52.961  1472  1472 I SystemServiceManager: Starting phase 600
09-12 07:35:52.965  1472  1472 V NotificationListeners: enabling notification listener for 0: ComponentInfo{com.google.android.apps.nexuslauncher/com.android.launcher3.notification.NotificationListener}
09-12 07:35:52.966  1472  1472 W ActivityManager: Unable to start service Intent { act=android.service.notification.NotificationListenerService cmp=com.google.android.apps.nexuslauncher/com.android.launcher3.notification.NotificationListener } U=0: not found
09-12 07:35:52.966  1472  1472 W NotificationListeners: Unable to bind notification listener service: Intent { act=android.service.notification.NotificationListenerService cmp=com.google.android.apps.nexuslauncher/com.android.launcher3.notification.NotificationListener (has extras) }
09-12 07:35:52.968  1472  1472 V WallpaperManagerService: bindWallpaperComponentLocked: componentName=null
09-12 07:35:52.968  1472  1472 V WallpaperManagerService: No default component; using image wallpaper
09-12 07:35:53.001  1472  1472 I SystemServer: MakeLocationServiceReady
09-12 07:35:53.339  1472  1472 W LocationProviderProxy-network: Odd, no component found for service com.android.location.service.v3.NetworkLocationProvider
09-12 07:35:53.343  1472  1472 W GeocoderProxy: Odd, no component found for service com.android.location.service.GeocodeProvider
09-12 07:35:53.344  1472  1472 D LocationManagerService: FLP HAL not supported
09-12 07:35:53.347  1472  1472 W GeofenceProxy: Odd, no component found for service com.android.location.service.GeofenceProvider
09-12 07:35:53.347  1472  1472 D LocationManagerService: Hardware Activity-Recognition not supported.
09-12 07:35:53.348  1472  1472 W ActivityRecognitionProxy: Odd, no component found for service com.android.location.service.ActivityRecognitionProvider
09-12 07:35:53.351  1472  1472 I SystemServer: MakeCountryDetectionServiceReady
09-12 07:35:53.352  1472  1472 I SystemServer: MakeNetworkTimeUpdateReady
09-12 07:35:53.356  1472  1472 I SystemServer: MakeCommonTimeManagementServiceReady
09-12 07:35:53.357  1472  1472 I SystemServer: MakeInputManagerServiceReady
09-12 07:35:53.361  1472  1472 I SystemServer: MakeTelephonyRegistryReady
09-12 07:35:53.361  1472  1472 I SystemServer: MakeMediaRouterServiceReady
09-12 07:35:53.362  1472  1472 I SystemServer: MakeMmsServiceReady
09-12 07:35:53.362  1472  1472 I MmsServiceBroker: Delay connecting to MmsService until an API is called
09-12 07:35:53.362  1472  1472 I SystemServer: MakeNetworkScoreServiceReady
09-12 07:35:53.363  1472  1472 I SystemServer: IncidentDaemonReady
09-12 07:35:53.363  1472  1472 I SystemServiceManager: Calling onStartUser u0
09-12 07:35:53.388  1472  1472 I ActivityManager: Start proc 1656:com.android.phone/1001 for added application com.android.phone
09-12 07:35:53.389  1472  1472 I ActivityManager: START u0 {act=android.intent.action.MAIN cat=[android.intent.category.HOME] flg=0x10000100 cmp=com.android.settings/.CryptKeeper} from uid 0
09-12 07:35:53.402  1472  1472 I ActivityManager: Loaded persisted task ids for user 0
09-12 07:35:53.431  1472  1472 I ActivityManager: Start proc 1669:com.android.settings:CryptKeeper/1000 for activity com.android.settings/.CryptKeeper
09-12 07:35:53.444  1472  1472 D SystemServerInitThreadPool: Shutdown successful
09-12 07:35:53.465  1472  1472 D ConditionProviders.SCP: onConnected
09-12 07:35:53.483  1472  1472 D ConditionProviders: Subscribing to condition://android/schedule?days=1.2.3.4.5&start=22.0&end=7.0&exitAtAlarm=false with ComponentInfo{android/com.android.server.notification.ScheduleConditionProvider}
09-12 07:35:53.487  1472  1472 D ConditionProviders: Subscribing to condition://android/event?userId=-10000&calendar=&reply=1 with ComponentInfo{android/com.android.server.notification.EventConditionProvider}
09-12 07:35:53.487  1472  1472 D ConditionProviders: Subscribing to condition://android/schedule?days=6.7&start=23.30&end=10.0&exitAtAlarm=false with ComponentInfo{android/com.android.server.notification.ScheduleConditionProvider}
09-12 07:35:53.722  1472  1485 W LocationProviderProxy-network: Odd, no component found for service com.android.location.service.v3.NetworkLocationProvider
09-12 07:35:53.722  1472  1485 W GeocoderProxy: Odd, no component found for service com.android.location.service.GeocodeProvider
09-12 07:35:53.722  1472  1485 W GeofenceProxy: Odd, no component found for service com.android.location.service.GeofenceProvider
09-12 07:35:53.723  1472  1485 W ActivityRecognitionProxy: Odd, no component found for service com.android.location.service.ActivityRecognitionProvider
09-12 07:35:54.319  1472  1483 W ActivityManager: Slow operation: 834ms so far, now at attachApplicationLocked: after mServices.attachApplicationLocked
09-12 07:35:54.596  1472  1472 W ContextImpl: Calling a method in the system process without a qualified user: android.app.ContextImpl.startService:1460 com.android.server.content.SyncManager$13.run:659 android.os.Handler.handleCallback:789 android.os.Handler.dispatchMessage:98 android.os.Looper.loop:164 
09-12 07:35:56.119  1472  1487 W WindowManager: Keyguard drawn timeout. Setting mKeyguardDrawComplete
09-12 07:35:56.300  1472  1495 W WindowManager: App freeze timeout expired.
09-12 07:35:56.300  1472  1495 W WindowManager: Force clearing freeze: AppWindowToken{b35c799 token=Token{a7fd6e3 ActivityRecord{f34cf12 u0 com.android.settings/.CryptKeeper t1}}}
09-12 07:35:58.438  1472  1495 I WindowManager: Screen frozen for +4s950ms
09-12 07:36:00.214  1472  1486 W ActivityManager: Activity pause timeout for ActivityRecord{f34cf12 u0 com.android.settings/.CryptKeeper t1 f}
09-12 07:36:00.214  1472  1486 I ActivityManager: START u0 {act=android.intent.action.MAIN cat=[android.intent.category.HOME] flg=0x10000100 cmp=com.google.android.setupwizard/.SetupWizardActivity} from uid 0
09-12 07:36:00.237  1472  1486 I ActivityManager: Start proc 1715:com.google.android.setupwizard/u0a23 for activity com.google.android.setupwizard/.SetupWizardActivity
09-12 07:36:00.332  1472  1618 W ActivityManager: Slow operation: 57ms so far, now at attachApplicationLocked: after mServices.attachApplicationLocked
09-12 07:36:01.393  1472  1735 I Telecom : BluetoothRouteManager: getBluetoothAudioConnectedDevice: no headset service available.
09-12 07:36:01.460  1472  1472 I Telecom : SystemStateProvider: Registering car mode receiver: android.content.IntentFilter@3992ffc: TS.init@AAA
09-12 07:36:01.501  1588  1734 E ActivityThread: Failed to find provider info for user_dictionary
09-12 07:36:01.537  1472  1738 I Telecom : Logging.Events: Non-call EVENT: AUDIO_ROUTE, Entering state QuiescentEarpieceRoute
09-12 07:36:01.545  1472  1739 I Telecom : CallAudioModeStateMachine: Message received: null.: TS.init->CAMSM.pM_1@AAA
09-12 07:36:01.549  1472  1472 I Telecom : MissedCallNotifierImpl: Boot not yet complete -- call log db may not be available. Deferring loading until boot complete.: TS.init@AAA
09-12 07:36:02.318  1472  1472 I Telecom : Class: TelecomSystem.INSTANCE being set
09-12 07:36:02.318  1472  1495 W WindowManager: App freeze timeout expired.
09-12 07:36:02.318  1472  1495 W WindowManager: Force clearing freeze: AppWindowToken{2d7873b token=Token{84629ca ActivityRecord{77c9135 u0 com.google.android.setupwizard/.SetupWizardActivity t2}}}
09-12 07:36:04.118  1472  1472 V WiredAccessoryManager: notifyWiredAccessoryChanged: when=0 bits= mask=54
09-12 07:36:04.118  1472  1472 V WiredAccessoryManager: newName=h2w newState=0 headsetState=0 prev headsetState=0
09-12 07:36:04.118  1472  1472 V WiredAccessoryManager: init()
09-12 07:36:04.148  1472  1472 D ConditionProviders.SCP: onSubscribe condition://android/schedule?days=1.2.3.4.5&start=22.0&end=7.0&exitAtAlarm=false
09-12 07:36:04.153  1472  1472 D ConditionProviders.SCP: setRegistered true
09-12 07:36:04.156  1472  1472 D ConditionProviders.SCP: notifyCondition condition://android/schedule?days=1.2.3.4.5&start=22.0&end=7.0&exitAtAlarm=false STATE_FALSE reason=!meetsSchedule
09-12 07:36:04.167  1472  1472 D ConditionProviders.SCP: Scheduling evaluate for Tue Sep 12 22:00:00 GMT+00:00 2017 (1505253600000), in +9h23m55s847ms, now=Tue Sep 12 12:36:04 GMT+00:00 2017 (1505219764153)
09-12 07:36:04.174  1472  1472 D ConditionProviders.SCP: onSubscribe condition://android/schedule?days=6.7&start=23.30&end=10.0&exitAtAlarm=false
09-12 07:36:04.175  1472  1472 D ConditionProviders.SCP: notifyCondition condition://android/schedule?days=6.7&start=23.30&end=10.0&exitAtAlarm=false STATE_FALSE reason=!meetsSchedule
09-12 07:36:04.175  1472  1472 D ConditionProviders.SCP: notifyCondition condition://android/schedule?days=1.2.3.4.5&start=22.0&end=7.0&exitAtAlarm=false STATE_FALSE reason=!meetsSchedule
09-12 07:36:04.176  1472  1472 D ConditionProviders.SCP: Scheduling evaluate for Tue Sep 12 22:00:00 GMT+00:00 2017 (1505253600000), in +9h23m55s826ms, now=Tue Sep 12 12:36:04 GMT+00:00 2017 (1505219764174)
09-12 07:36:04.186  1472  1575 E ActivityThread: Failed to find provider info for com.android.calendar
09-12 07:36:04.186  1472  1485 I SyncManager: Got SyncJobService instance.
09-12 07:36:04.196  1472  1472 I Telecom : WiredHeadsetManager: ACTION_HEADSET_PLUG event, plugged in: false, : WHC.oADA@AAE
09-12 07:36:04.197  1472  1575 E ActivityThread: Failed to find provider info for com.android.calendar
09-12 07:36:04.340  1472  1486 W KeyguardServiceDelegate: onScreenTurningOn(): no keyguard service!
09-12 07:36:04.543  1472  1472 I Telecom : PhoneAccountRegistrar: SimCallManager queried, returning: null: TSI.gSCM@AAM
09-12 07:36:04.562  1472  1472 D AccessibilityManagerService: Ignoring non-encryption-aware service ComponentInfo{com.example.android.apis/com.example.android.apis.accessibility.ClockBackService}
09-12 07:36:04.562  1472  1472 D AccessibilityManagerService: Ignoring non-encryption-aware service ComponentInfo{com.example.android.apis/com.example.android.apis.accessibility.MagnificationService}
09-12 07:36:04.562  1472  1472 D AccessibilityManagerService: Ignoring non-encryption-aware service ComponentInfo{com.example.android.apis/com.example.android.apis.accessibility.TaskBackService}
09-12 07:36:04.563  1472  1472 I AutofillManagerService: Updating Autofill for user 0: disabled=false
09-12 07:36:05.244  1472  1495 I WindowManager: Screen frozen for +4s964ms
09-12 07:36:06.391  1715  1715 E ActivityThread: Failed to find provider info for com.google.settings
09-12 07:36:06.605  1472  1472 I DevicePolicyManager: Set ro.device_owner property to false
09-12 07:36:06.665  1472  1485 I RetailDemoModeService: Deleting contents of /data/preloads
09-12 07:36:06.774  1472  1618 I ActivityManager: START u0 {act=android.intent.action.MAIN cat=[android.intent.category.HOME] flg=0x10000100 cmp=com.android.settings/.FallbackHome} from uid 0
09-12 07:36:06.791  1472  1618 I ActivityManager: Start proc 1780:com.android.settings/1000 for activity com.android.settings/.FallbackHome
09-12 07:36:06.857  1472  1482 W ActivityManager: Slow operation: 58ms so far, now at attachApplicationLocked: after mServices.attachApplicationLocked
09-12 07:36:07.893  1472  1569 D ConnectivityService: Got NetworkFactory Messenger for PhoneSwitcherNetworkRequstListener
09-12 07:36:08.236  1472  1569 D ConnectivityService: Got NetworkFactory Messenger for TelephonyNetworkFactory[0]
09-12 07:36:08.396  1656  1815 E ActivityThread: Failed to find provider info for com.android.contacts
09-12 07:36:08.422  1472  1519 I WindowManager: Screen frozen for +1s621ms due to Window{33c6c59 u0 com.android.settings/com.android.settings.FallbackHome}
09-12 07:36:09.342  1472  1487 W WindowManager: Keyguard drawn timeout. Setting mKeyguardDrawComplete
09-12 07:36:09.356  1656  1656 I TelecomFramework: TtyManager: updateUiTtyMode -1 -> 0
09-12 07:36:09.371  1472  1811 I ActivityManager: user 0 is still locked. Cannot load recents
09-12 07:36:09.499  1715  1841 E ActivityThread: Failed to find provider info for com.google.android.gsf.gservices
09-12 07:36:09.541  1472  1472 D ConditionProviders.SCP: onReceive android.intent.action.TIMEZONE_CHANGED
09-12 07:36:09.549  1472  1486 I ActivityManager: Start proc 1844:com.android.deskclock/u0a43 for broadcast com.android.deskclock/.AlarmInitReceiver
09-12 07:36:09.550  1472  1472 D ConditionProviders.SCP: notifyCondition condition://android/schedule?days=6.7&start=23.30&end=10.0&exitAtAlarm=false STATE_FALSE reason=!meetsSchedule
09-12 07:36:09.550  1472  1472 D ConditionProviders.SCP: notifyCondition condition://android/schedule?days=1.2.3.4.5&start=22.0&end=7.0&exitAtAlarm=false STATE_FALSE reason=!meetsSchedule
09-12 07:36:09.552  1472  1472 D ConditionProviders.SCP: Scheduling evaluate for Tue Sep 12 10:00:00 GMT-05:00 2017 (1505228400000), in +2h23m50s459ms, now=Tue Sep 12 07:36:09 GMT-05:00 2017 (1505219769541)
09-12 07:33:00.395  1472  1575 E ActivityThread: Failed to find provider info for com.android.calendar
09-12 07:33:00.396  1472  1575 E ActivityThread: Failed to find provider info for com.android.calendar
09-12 07:33:00.396  1472  1472 D ConditionProviders.SCP: onReceive android.intent.action.TIME_SET
09-12 07:33:00.396  1472  1472 D ConditionProviders.SCP: notifyCondition condition://android/schedule?days=6.7&start=23.30&end=10.0&exitAtAlarm=false STATE_FALSE reason=!meetsSchedule
09-12 07:33:00.396  1472  1472 D ConditionProviders.SCP: notifyCondition condition://android/schedule?days=1.2.3.4.5&start=22.0&end=7.0&exitAtAlarm=false STATE_FALSE reason=!meetsSchedule
09-12 07:33:00.397  1472  1472 D ConditionProviders.SCP: Scheduling evaluate for Tue Sep 12 10:00:00 GMT-05:00 2017 (1505228400000), in +2h26m59s604ms, now=Tue Sep 12 07:33:00 GMT-05:00 2017 (1505219580396)
09-12 07:33:00.430  1472  1575 E ActivityThread: Failed to find provider info for com.android.calendar
09-12 07:33:00.431  1472  1575 E ActivityThread: Failed to find provider info for com.android.calendar
09-12 07:33:00.621  1472  1485 W LocationProviderProxy-network: Odd, no component found for service com.android.location.service.v3.NetworkLocationProvider
09-12 07:33:00.632  1472  1485 W GeocoderProxy: Odd, no component found for service com.android.location.service.GeocodeProvider
09-12 07:33:00.633  1472  1485 W GeofenceProxy: Odd, no component found for service com.android.location.service.GeofenceProvider
09-12 07:33:00.633  1472  1485 W ActivityRecognitionProxy: Odd, no component found for service com.android.location.service.ActivityRecognitionProvider
09-12 07:33:00.635  1472  1485 W LocationProviderProxy-network: Odd, no component found for service com.android.location.service.v3.NetworkLocationProvider
09-12 07:33:00.636  1472  1485 W GeocoderProxy: Odd, no component found for service com.android.location.service.GeocodeProvider
09-12 07:33:00.636  1472  1485 W GeofenceProxy: Odd, no component found for service com.android.location.service.GeofenceProvider
09-12 07:33:00.636  1472  1485 W ActivityRecognitionProxy: Odd, no component found for service com.android.location.service.ActivityRecognitionProvider
09-12 07:33:00.663  1472  1472 I Telecom : DefaultDialerCache: Refreshing default dialer for user 0: now com.google.android.dialer: DDC.oR@AAU
09-12 07:33:00.694  1472  1472 I Telecom : DefaultDialerCache: Refreshing default dialer for user 0: now com.google.android.dialer: DDC.oR@AAY
09-12 07:33:01.038  1656  1656 D MccTable: updateMccMncConfiguration mccmnc='310260' fromServiceState=true
09-12 07:33:01.038  1656  1656 D MccTable: updateMccMncConfiguration defaultMccMnc=
09-12 07:33:01.038  1656  1656 D MccTable: updateMccMncConfiguration: mcc=310, mnc=260
09-12 07:33:01.038  1656  1656 D MccTable: WIFI_COUNTRY_CODE set to us
09-12 07:33:01.040  1472  1618 I WifiService: WifiService trying to set country code to us with persist set to false
09-12 07:33:01.490  1472  1810 I Telecom : PhoneAccountRegistrar: New phone account registered: [[ ] PhoneAccount: ComponentInfo{com.android.phone/com.android.services.telephony.TelephonyConnectionService}, [****], UserHandle{0} Capabilities: CallProvider MultiUser PlaceEmerg SimSub  Audio Routes: BESW Schemes: tel voicemail  Extras: null GroupId: [****]]: TSI.rPA@AAc
09-12 07:33:01.641  1472  1810 I Telecom : CallsManager: Sending phone-account ComponentInfo{com.android.phone/com.android.services.telephony.TelephonyConnectionService}, [****], UserHandle{0} registered intent as user: TSI.rPA@AAc
09-12 07:33:01.642  1472  1810 I Telecom : CallsManager: Sending phone-account registered intent to default dialer: TSI.rPA@AAc
09-12 07:33:01.644  1656  1656 I TelecomFramework: AccountEntry: Registered phoneAccount: [[ ] PhoneAccount: ComponentInfo{com.android.phone/com.android.services.telephony.TelephonyConnectionService}, [****], UserHandle{0} Capabilities: CallProvider MultiUser PlaceEmerg SimSub  Audio Routes: BESW Schemes: tel voicemail  Extras: null GroupId: [****]] with handle: ComponentInfo{com.android.phone/com.android.services.telephony.TelephonyConnectionService}, [****], UserHandle{0}
09-12 07:33:01.646  1656  1656 I TelecomFramework: PstnIncomingCallNotifier: Registering: Handler (com.android.internal.telephony.GsmCdmaPhone) {16a41ed}
09-12 07:33:02.004  1656  1656 I TelecomFramework: PstnPhoneCapabilitiesNotifier: handleVideoCapabilitesChanged. Video capability - false
09-12 07:33:02.019  1472  1618 I Telecom : PhoneAccountRegistrar: Modify account: [ComponentInfo{com.android.phone/com.android.services.telephony.TelephonyConnectionService}, [****], UserHandle{0}]: TSI.rPA@AAo
09-12 07:33:03.256  1656  1656 D MccTable: updateMccMncConfiguration mccmnc='310260' fromServiceState=false
09-12 07:33:03.258  1656  1656 D MccTable: updateMccMncConfiguration defaultMccMnc=
09-12 07:33:03.258  1656  1656 D MccTable: updateMccMncConfiguration: mcc=310, mnc=260
09-12 07:33:03.259  1656  1656 D MccTable: updateMccMncConfiguration updateConfig config={0.0 310mcc260mnc ?localeList ?layoutDir ?swdp ?wdp ?hdp ?density ?lsize ?long ?ldr ?wideColorGamut ?orien ?uimode ?night ?touch ?keyb/?/? ?nav/?}
09-12 07:33:03.271  1472  1482 I ActivityManager: Config changes=3 {1.0 310mcc260mnc [en_US] ldltr sw411dp w411dp h659dp 420dpi nrml port finger qwerty/v/v -nav/h appBounds=Rect(0, 0 - 1080, 1794) s.6}
09-12 07:33:03.275  1472  1485 I UsageStatsService: Time changed in UsageStats by -189 seconds
09-12 07:33:03.290  1472  1482 I ActivityManager: Override config changes=3 {1.0 310mcc260mnc [en_US] ldltr sw411dp w411dp h659dp 420dpi nrml port finger qwerty/v/v -nav/h appBounds=Rect(0, 0 - 1080, 1794) s.6} for displayId=0
09-12 07:33:03.292  1472  1485 I UsageStatsService: User[0] Flushing usage stats to disk
09-12 07:33:03.367  1472  1485 I UsageStatsDatabase: Time changed by -3m9s160ms. files deleted: 0 files moved: 4
09-12 07:33:03.385  1472  1485 I UsageStatsService: User[0] Rollover scheduled @ 2017-09-13 12:32:25(1505305945729)
09-12 07:33:03.399  1656  1656 I TelecomFramework: PstnIncomingCallNotifier: Unregistering: Handler (com.android.internal.telephony.GsmCdmaPhone) {16a41ed}
09-12 07:33:03.427  1472  1810 I Telecom : PhoneAccountRegistrar: Modify account: [ComponentInfo{com.android.phone/com.android.services.telephony.TelephonyConnectionService}, [****], UserHandle{0}(addr: tel:*********** -> tel:)(subAddr: tel:*********** -> tel:)]: TSI.rPA@AAs
09-12 07:33:03.440  1656  1656 I TelecomFramework: AccountEntry: Registered phoneAccount: [[ ] PhoneAccount: ComponentInfo{com.android.phone/com.android.services.telephony.TelephonyConnectionService}, [****], UserHandle{0} Capabilities: CallProvider MultiUser PlaceEmerg SimSub  Audio Routes: BESW Schemes: tel voicemail  Extras: null GroupId: [****]] with handle: ComponentInfo{com.android.phone/com.android.services.telephony.TelephonyConnectionService}, [****], UserHandle{0}
09-12 07:33:03.441  1656  1656 I TelecomFramework: PstnIncomingCallNotifier: Registering: Handler (com.android.internal.telephony.GsmCdmaPhone) {16a41ed}
09-12 07:33:03.593  1656  1656 D MccTable: updateMccMncConfiguration mccmnc='310260' fromServiceState=false
09-12 07:33:03.594  1656  1656 D MccTable: updateMccMncConfiguration defaultMccMnc=310260
09-12 07:33:03.595  1656  1656 D MccTable: updateMccMncConfiguration: mcc=310, mnc=260
09-12 07:33:03.595  1656  1656 D MccTable: updateMccMncConfiguration updateConfig config={0.0 310mcc260mnc ?localeList ?layoutDir ?swdp ?wdp ?hdp ?density ?lsize ?long ?ldr ?wideColorGamut ?orien ?uimode ?night ?touch ?keyb/?/? ?nav/?}
09-12 07:33:03.655  1472  1486 I ActivityManager: Start proc 1873:com.android.cellbroadcastreceiver/u0a5 for broadcast com.android.cellbroadcastreceiver/.CellBroadcastReceiver
09-12 07:33:03.817  1472  1486 W ActivityManager: Timeout executing service: ServiceRecord{d270372 u0 com.android.systemui/.keyguard.KeyguardService}
