09-12 07:34:12.200  1472  1486 E ActivityManager: CPU usage from 26707ms to 4357ms ago (2017-09-12 07:33:44.886 to 2017-09-12 07:34:07.237):
09-12 07:34:12.200  1472  1486 E ActivityManager:   10% 1472/system_server: 6.3% user + 4% kernel / faults: 9850 minor 55 major
09-12 07:34:12.200  1472  1486 E ActivityManager:   5.9% 1327/surfaceflinger: 3.7% user + 2.1% kernel / faults: 21 minor
09-12 07:34:12.200  1472  1486 E ActivityManager:   2.8% 1780/com.android.settings: 1.5% user + 1.2% kernel / faults: 232 minor
09-12 07:34:12.200  1472  1486 E ActivityManager:   2.7% 1322/android.hardware.sensors@1.0-service: 0.7% user + 2% kernel
09-12 07:34:12.200  1472  1486 E ActivityManager:   1.7% 1320/android.hardware.graphics.composer@2.1-service: 0.8% user + 0.9% kernel / faults: 18 minor
09-12 07:34:12.200  1472  1486 E ActivityManager:   1.2% 2003/com.android.systemui: 0.8% user + 0.3% kernel / faults: 599 minor
09-12 07:34:12.200  1472  1486 E ActivityManager:   0.8% 1317/android.hardware.audio@2.0-service: 0% user + 0.8% kernel
09-12 07:34:12.200  1472  1486 E ActivityManager:   0.6% 1656/com.android.phone: 0.3% user + 0.3% kernel / faults: 201 minor 1 major
09-12 07:34:12.200  1472  1486 E ActivityManager:   0.4% 1263/jbd2/vdc-8: 0% user + 0.4% kernel
09-12 07:34:12.200  1472  1486 E ActivityManager:   0.4% 1330/audioserver: 0% user + 0.4% kernel / faults: 6 minor
09-12 07:34:12.200  1472  1486 E ActivityManager:   0.3% 1314/zygote: 0% user + 0.3% kernel / faults: 1438 minor
09-12 07:34:12.200  1472  1486 E ActivityManager:   0.2% 2121/adbd: 0% user + 0.2% kernel / faults: 551 minor
09-12 07:34:12.200  1472  1486 E ActivityManager:   0.1% 2137/com.google.android.gms.persistent: 0% user + 0% kernel / faults: 352 minor 60 major
09-12 07:34:12.200  1472  1486 E ActivityManager:   0.1% 2109/com.google.android.ext.services: 0.1% user + 0% kernel / faults: 263 minor
09-12 07:34:12.200  1472  1486 E ActivityManager:   0% 7/rcu_preempt: 0% user + 0% kernel
09-12 07:34:12.200  1472  1486 E ActivityManager:   0% 1258/kworker/0:1H: 0% user + 0% kernel
09-12 07:34:12.200  1472  1486 E ActivityManager:   0% 1265/logd: 0% user + 0% kernel / faults: 17 minor
09-12 07:34:12.200  1472  1486 E ActivityManager:   0% 1266/servicemanager: 0% user + 0% kernel
09-12 07:34:12.200  1472  1486 E ActivityManager:   0% 1988/com.google.android.dialer: 0% user + 0% kernel / faults: 59 minor 2 major
09-12 07:34:12.200  1472  1486 E ActivityManager:   0% 12/ksoftirqd/1: 0% user + 0% kernel
09-12 07:34:12.200  1472  1486 E ActivityManager:   0% 18/kworker/u4:1: 0% user + 0% kernel
09-12 07:34:12.200  1472  1486 E ActivityManager:   0% 514/kswapd0: 0% user + 0% kernel
09-12 07:34:12.200  1472  1486 E ActivityManager:   0% 1270/kworker/1:1H: 0% user + 0% kernel
09-12 07:34:12.200  1472  1486 E ActivityManager:   0% 1319/android.hardware.graphics.allocator@2.0-service: 0% user + 0% kernel / faults: 7 minor
09-12 07:34:12.200  1472  1486 E ActivityManager:   0% 1321/android.hardware.power@1.0-service: 0% user + 0% kernel
09-12 07:34:12.200  1472  1486 E ActivityManager:   0% 1715/com.google.android.setupwizard: 0% user + 0% kernel / faults: 53 minor 1 major
09-12 07:34:12.200  1472  1486 E ActivityManager:  +0% 2197/com.google.android.googlequicksearchbox:interactor: 0% user + 0% kernel
09-12 07:34:12.200  1472  1486 E ActivityManager:  +0% 2212/com.android.managedprovisioning: 0% user + 0% kernel
09-12 07:34:12.200  1472  1486 E ActivityManager:  +0% 2243/com.google.android.apps.nexuslauncher: 0% user + 0% kernel
09-12 07:34:12.200  1472  1486 E ActivityManager:  +0% 2257/com.android.keychain: 0% user + 0% kernel
09-12 07:34:12.200  1472  1486 E ActivityManager:  +0% 2276/com.android.sdksetup: 0% user + 0% kernel
09-12 07:34:12.200  1472  1486 E ActivityManager:  +0% 2291/kworker/1:2: 0% user + 0% kernel
09-12 07:34:12.200  1472  1486 E ActivityManager:  +0% 2297/com.android.printspooler: 0% user + 0% kernel
09-12 07:34:12.200  1472  1486 E ActivityManager:  +0% 2331/com.google.android.apps.nexuslauncher:wallpaper_chooser: 0% user + 0% kernel
09-12 07:34:12.200  1472  1486 E ActivityManager:  +0% 2352/com.google.android.googlequicksearchbox:search: 0% user + 0% kernel
09-12 07:34:12.200  1472  1486 E ActivityManager:  +0% 2364/com.google.process.gapps: 0% user + 0% kernel
09-12 07:34:12.200  1472  1486 E ActivityManager: 99% TOTAL: 7.3% user + 6.1% kernel + 85% iowait + 0% irq + 0.2% softirq
09-12 07:34:12.200  1472  1486 E ActivityManager: CPU usage from 291754ms to 291754ms ago (1969-12-31 19:00:00.000 to 1969-12-31 19:00:00.000) with 0% awake:
09-12 07:34:12.200  1472  1486 E ActivityManager: 0% TOTAL: 0% user + 0% kernel
09-12 07:34:12.201  1472  1486 I ActivityManager: Killing 2352:com.google.android.googlequicksearchbox:search/u0a30 (adj 0): bg anr
09-12 07:34:12.242  1472  2002 W ActivityManager: Scheduling restart of crashed service com.google.android.googlequicksearchbox/com.google.android.apps.gsa.nowoverlayservice.DrawerOverlayService in 1000ms
09-12 07:34:12.242  1472  2002 W ActivityManager: Scheduling restart of crashed service com.google.android.googlequicksearchbox/com.google.android.hotword.service.HotwordService in 11000ms
09-12 07:34:13.256  1472  1486 I ActivityManager: Start proc 2434:com.google.android.googlequicksearchbox:search/u0a30 for service com.google.android.googlequicksearchbox/com.google.android.apps.gsa.nowoverlayservice.DrawerOverlayService
09-12 07:34:22.043  1472  1811 I ActivityManager: Start proc 2456:com.google.android.gms/u0a11 for service com.google.android.gms/.chimera.GmsIntentOperationService
09-12 07:34:25.252  1472  1810 I ActivityManager: Start proc 2490:com.android.vending/u0a26 for service com.android.vending/com.google.android.finsky.contentfilter.impl.ContentFiltersService
09-12 07:34:27.944  2434  2445 E ActivityThread: Failed to find provider info for com.google.android.voicesearch
09-12 07:34:29.795  2401  2401 W KeyphraseEnrollmentInfo: No Enrollment application supports the given keyphrase/locale
09-12 07:34:31.748  1472  1472 D BackupTransportManager: Bound to transport: com.google.android.gms/.backup.BackupTransportService
09-12 07:34:33.414  1472  1618 I ActivityManager: Start proc 2592:com.google.android.partnersetup/u0a16 for broadcast com.google.android.partnersetup/.PhoneStateReceiver
09-12 07:34:34.141  1472  1472 I Telecom : DefaultDialerCache: Refreshing default dialer for user 0: now com.google.android.dialer: DDC.oR@AC0
09-12 07:34:34.184  1472  1472 I Telecom : DefaultDialerCache: Refreshing default dialer for user 0: now com.google.android.dialer: DDC.oR@AC4
09-12 07:34:34.185  1472  1472 D BackupTransportManager: Binding to transport: com.google.android.gms/.backup.BackupTransportService
09-12 07:34:34.325  1472  1472 D BackupTransportManager: Bound to transport: com.google.android.gms/.backup.BackupTransportService
09-12 07:34:35.211  1472  2002 I ActivityManager: Start proc 2650:com.android.providers.calendar/u0a2 for broadcast com.android.providers.calendar/.CalendarUpgradeReceiver
09-12 07:34:35.620  1472  1619 W ActivityManager: Unable to start service Intent { act=android.intent.action.USER_PRESENT cmp=com.google.android.gms/.cast.service.CastPersistentService } U=0: not found
09-12 07:34:35.654  1472  1810 V BackupManagerService: selectBackupTransport() set com.google.android.gms/.backup.BackupTransportService returning android/com.android.internal.backup.LocalTransport
09-12 07:34:37.107  2456  2684 E ActivityThread: Failed to find provider info for com.google.android.wearable.settings
09-12 07:34:37.297  1472  1618 I ActivityManager: Start proc 2703:android.process.acore/u0a1 for content provider com.android.providers.contacts/.ContactsProvider2
09-12 07:34:37.594  1472  2000 I ActivityManager: Start proc 2723:com.google.android.gms.ui/u0a11 for service com.google.android.gms/.chimera.UiIntentOperationService
09-12 07:34:37.693  1472  1482 I PreBootBroadcaster: Pre-boot of {com.android.providers.contacts/com.android.providers.contacts.ContactsUpgradeReceiver} for user 0
09-12 07:34:37.919  1472  1483 I ActivityManager: Start proc 2752:com.google.android.gms.unstable/u0a11 for service com.google.android.gms/.droidguard.DroidGuardService
09-12 07:34:45.893  1472  1472 I Telecom : DefaultDialerCache: Refreshing default dialer for user 0: now com.google.android.dialer: DDC.oR@AC8
09-12 07:34:45.947  1472  1472 I Telecom : DefaultDialerCache: Refreshing default dialer for user 0: now com.google.android.dialer: DDC.oR@ADA
09-12 07:34:47.806  1472  1486 I ActivityManager: Killing 2703:android.process.acore/u0a1 (adj 0): timeout publishing content providers
09-12 07:34:47.807  1472  1618 W ActivityManager: Unable to launch app com.android.providers.contacts/10001 for provider com.android.contacts: launching app became null
09-12 07:34:47.828  1472  1486 I PreBootBroadcaster: Pre-boot of {com.android.providers.media/com.android.providers.media.MediaUpgradeReceiver} for user 0
09-12 07:34:47.839  2456  2511 E ActivityThread: Failed to find provider info for com.android.contacts
09-12 07:34:47.870  1472  2840 D ConnectivityService: reportNetworkConnectivity(100, false) by 10011
09-12 07:34:48.048  1472  1569 D ConnectivityService: NetworkAgentInfo [MOBILE (LTE) - 100] validation passed
09-12 07:34:48.067  1472  2840 I ActivityManager: Start proc 2859:android.process.acore/u0a1 for content provider com.android.providers.contacts/.ContactsProvider2
09-12 07:34:48.402  2150  2150 I MediaUpgradeReceiver: ---> Start upgrade of media database external.db
09-12 07:34:48.469  2150  2150 I MediaUpgradeReceiver: <--- Finished upgrade of media database external.db in 68ms
09-12 07:34:48.472  1472  2002 I PreBootBroadcaster: Pre-boot of {com.android.settings/com.android.settings.SettingsInitialize} for user 0
09-12 07:34:48.826  1472  1482 E RecoverySystemService: uncrypt failed with status: -1
09-12 07:34:50.109  1472  1811 I PreBootBroadcaster: Pre-boot of {com.google.android.googlequicksearchbox/com.google.android.apps.gsa.googlequicksearchbox.GelStubAppWatcher} for user 0
09-12 07:34:50.153  1472  2881 I PreBootBroadcaster: Pre-boot of {com.google.android.gsf/com.google.android.gsf.loginservice.MigrateToAccountManagerBroadcastReceiver} for user 0
09-12 07:34:50.165  1472  1482 I ActivityManager: Sending BOOT_COMPLETE user #0
09-12 07:34:55.540  1472  2909 E BootReceiver: Error reading /data/system/last-header.txt
09-12 07:34:55.540  1472  2909 E BootReceiver: java.io.FileNotFoundException: /data/system/last-header.txt (No such file or directory)
09-12 07:34:55.540  1472  2909 E BootReceiver: 	at java.io.FileInputStream.open0(Native Method)
09-12 07:34:55.540  1472  2909 E BootReceiver: 	at java.io.FileInputStream.open(FileInputStream.java:200)
09-12 07:34:55.540  1472  2909 E BootReceiver: 	at java.io.FileInputStream.<init>(FileInputStream.java:150)
09-12 07:34:55.540  1472  2909 E BootReceiver: 	at android.os.FileUtils.readTextFile(FileUtils.java:262)
09-12 07:34:55.540  1472  2909 E BootReceiver: 	at com.android.server.BootReceiver.getPreviousBootHeaders(BootReceiver.java:144)
09-12 07:34:55.540  1472  2909 E BootReceiver: 	at com.android.server.BootReceiver.getBootHeadersToLogAndUpdate(BootReceiver.java:166)
09-12 07:34:55.540  1472  2909 E BootReceiver: 	at com.android.server.BootReceiver.logBootEvents(BootReceiver.java:186)
09-12 07:34:55.540  1472  2909 E BootReceiver: 	at com.android.server.BootReceiver.-wrap2(Unknown Source:0)
09-12 07:34:55.540  1472  2909 E BootReceiver: 	at com.android.server.BootReceiver$1.run(BootReceiver.java:116)
09-12 07:34:55.545  1472  2909 I BootReceiver: No existing last log timestamp file /data/system/log-files.xml; starting empty
09-12 07:34:55.553  1472  2909 I BootReceiver: Copying audit failures to DropBox
09-12 07:34:55.553  1472  2909 I BootReceiver: Checking for fsck errors
09-12 07:34:55.554  1472  2909 I BootReceiver: fs_stat, partition:vdb stat:0x3
09-12 07:34:55.554  1472  2909 I BootReceiver: fs_stat, partition:vdc fix:/lost+found not found.  Create? yes
09-12 07:34:55.554  1472  2909 I BootReceiver: fs_stat, partition:vdc stat:0x413
09-12 07:34:55.555  1472  2909 I BootReceiver: Copying /dev/fscklogs/log to DropBox (SYSTEM_FSCK)
09-12 07:34:55.559  1472  2909 I BootReceiver: Copying /data/tombstones/tombstone_00 to DropBox (SYSTEM_TOMBSTONE)
09-12 07:34:55.853  2456  2531 D ActivityThread: Loading provider com.google.android.gms.matchstick.dataprovider: com.google.android.gms.matchstick.data.DatabaseProvider
09-12 07:34:56.083  1472  1472 I Telecom : DefaultDialerCache: Refreshing default dialer for user 0: now com.google.android.dialer: DDC.oR@ADQ
09-12 07:34:56.113  1472  1939 I ActivityManager: Start proc 2934:com.google.android.calendar/u0a48 for broadcast com.google.android.calendar/.SyncUpgradeReceiver
09-12 07:34:56.130  1472  1472 I Telecom : PhoneAccountRegistrar: SimCallManager queried, returning: null: TSI.gSCMFU@ADY
09-12 07:34:59.432  1472  1472 I Telecom : DefaultDialerCache: Refreshing default dialer for user 0: now com.google.android.dialer: DDC.oR@ADc
09-12 07:34:59.443  2434  2588 E ActivityThread: Failed to find provider info for com.google.android.apps.gsa.testing.ui.audio.recorded
09-12 07:34:59.522  1472  1472 I Telecom : DefaultDialerCache: Refreshing default dialer for user 0: now com.google.android.dialer: DDC.oR@ADg
09-12 07:34:59.638  1472  1472 I Telecom : DefaultDialerCache: Refreshing default dialer for user 0: now com.google.android.dialer: DDC.oR@ADk
09-12 07:34:59.672  1472  1472 I Telecom : DefaultDialerCache: Refreshing default dialer for user 0: now com.google.android.dialer: DDC.oR@ADo
09-12 07:34:59.789  1472  1486 I ActivityManager: Waited long enough for: ServiceRecord{990f389 u0 com.google.android.gms/.update.SystemUpdateService}
09-12 07:35:00.431  1472  1618 E RecoverySystemService: uncrypt failed with status: -1
09-12 07:35:02.519  1472  1482 I ActivityManager: Start proc 2996:com.android.vending:instant_app_installer/u0a26 for service com.android.vending/com.google.android.finsky.instantapps.PhenotypeUpdateService
09-12 07:35:03.664  1472  2000 I ActivityManager: Start proc 3017:com.google.process.gapps/u0a51 for content provider com.google.android.syncadapters.contacts/.ProxyGalProvider
09-12 07:35:04.464  2456  2684 E ActivityThread: Failed to find provider info for com.google.android.wearable.settings
09-12 07:35:04.552  1472  3036 I CertBlacklister: Certificate blacklist changed, updating...
09-12 07:35:04.555  1472  3035 I CertBlacklister: Certificate blacklist changed, updating...
09-12 07:35:04.555  1472  3036 I CertBlacklister: Certificate blacklist updated
09-12 07:35:04.559  1472  3035 I CertBlacklister: Certificate blacklist updated
09-12 07:35:04.689  1472  1482 I ActivityManager: Killing 1669:com.android.settings:CryptKeeper/1000 (adj 906): empty #17
09-12 07:35:05.292  2434  2588 E ActivityThread: Failed to find provider info for com.google.android.apps.gsa.testing.ui.audio.recorded
09-12 07:35:05.773  1472  1811 I ActivityManager: Start proc 3091:com.google.android.youtube/u0a77 for service com.google.android.youtube/com.google.android.apps.youtube.app.common.ads.AdIdListenerService
09-12 07:35:06.848  1472  1482 I ActivityManager: Killing 1715:com.google.android.setupwizard/u0a23 (adj 906): empty #17
09-12 07:35:08.019  1472  2000 I ActivityManager: Killing 1905:com.android.carrierconfig/u0a0 (adj 906): empty #17
09-12 07:35:08.039  1472  1482 I ActivityManager: Start proc 3109:com.google.android.gm/u0a65 for content provider com.google.android.gm/com.android.exchange.provider.ExchangeDirectoryProvider
09-12 07:35:09.625  1472  1472 I Telecom : DefaultDialerCache: Refreshing default dialer for user 0: now com.google.android.dialer: DDC.oR@ADs
09-12 07:35:09.668  1472  1472 I Telecom : DefaultDialerCache: Refreshing default dialer for user 0: now com.google.android.dialer: DDC.oR@ADw
09-12 07:35:09.702  1472  1472 I Telecom : DefaultDialerCache: Refreshing default dialer for user 0: now com.google.android.dialer: DDC.oR@AD0
09-12 07:35:10.123  1472  2881 I ActivityManager: Start proc 3126:com.google.android.gms:car/u0a11 for service com.google.android.gms/.car.CarService
09-12 07:35:10.397  2434  2588 E ActivityThread: Failed to find provider info for com.google.android.apps.gsa.testing.ui.audio.recorded
09-12 07:35:11.963  1472  2000 W ActivityManager: Unable to start service Intent { act=local_action cmp=com.google.android.gms/.car.InCallService2 } U=0: not found
09-12 07:35:12.051  1472  1619 W ActivityManager: Unbind failed: could not find connection for android.os.BinderProxy@90df58e
09-12 07:35:15.477  2434  2588 E ActivityThread: Failed to find provider info for com.google.android.apps.gsa.testing.ui.audio.recorded
09-12 07:35:15.538  1472  1489 E BatteryStatsService: modem info is invalid: ModemActivityInfo{ mTimestamp=0 mSleepTimeMs=0 mIdleTimeMs=0 mTxTimeMs[]=[0, 0, 0, 0, 0] mRxTimeMs=0 mEnergyUsed=0}
09-12 07:35:17.136  1472  1811 I ActivityManager: Start proc 3185:com.android.camera2/u0a41 for broadcast com.android.camera2/com.android.camera.DisableCameraReceiver
09-12 07:35:17.298  1472  2840 I ActivityManager: Killing 1873:com.android.cellbroadcastreceiver/u0a5 (adj 906): empty #17
09-12 07:35:17.715  3109  3211 D ActivityThread: Loading provider com.google.android.gmail.provider;com.android.mail.notifier;com.google.android.gm.email.provider;com.google.android.gm.tasks.provider;com.google.android.gm.email.notifier: com.android.email.provider.EmailProvider
09-12 07:35:18.043  1472  1810 I ActivityManager: Start proc 3221:com.android.contacts/u0a12 for broadcast com.android.contacts/.interactions.OnBootOrUpgradeReceiver
09-12 07:35:18.045  1472  1810 I ActivityManager: Killing 1844:com.android.deskclock/u0a43 (adj 906): empty #17
09-12 07:35:18.053  1472  1486 I ActivityManager: Killing 3109:com.google.android.gm/u0a65 (adj 0): timeout publishing content providers
09-12 07:35:18.053  1472  1486 W ActivityManager: Scheduling restart of crashed service com.google.android.gm/.job.BackupDataChangedJob$BackupDataChangedJobService in 1000ms
09-12 07:35:18.070  1472  1482 W ActivityManager: Unable to launch app com.google.android.gm/10065 for provider com.google.android.gm.exchange.bundled.directory.provider: launching app became null
09-12 07:35:18.072  2859  2878 E ActivityThread: Failed to find provider info for com.google.android.gm.exchange.bundled.directory.provider
09-12 07:35:19.071  1472  1486 I ActivityManager: Start proc 3249:com.google.android.gm/u0a65 for service com.google.android.gm/.job.BackupDataChangedJob$BackupDataChangedJobService
09-12 07:35:19.162  3249  3267 D ActivityThread: Loading provider com.google.android.gmail.provider;com.android.mail.notifier;com.google.android.gm.email.provider;com.google.android.gm.tasks.provider;com.google.android.gm.email.notifier: com.android.email.provider.EmailProvider
09-12 07:35:19.784  1472  2881 I ActivityManager: Start proc 3280:com.android.deskclock/u0a43 for broadcast com.android.deskclock/.AlarmInitReceiver
09-12 07:35:19.976  1472  1811 W ShortcutService: Clock rewound
09-12 07:35:20.013  1472  2882 I ActivityManager: Killing 2109:com.google.android.ext.services/u0a14 (adj 906): empty #17
09-12 07:35:20.185  1472  1811 I ActivityManager: Start proc 3302:com.android.packageinstaller/u0a22 for broadcast com.android.packageinstaller/.TemporaryFileManager
09-12 07:35:20.619  2434  2588 E ActivityThread: Failed to find provider info for com.google.android.apps.gsa.testing.ui.audio.recorded
09-12 07:35:20.625  1472  1482 I ActivityManager: Killing 2276:com.android.sdksetup/u0a21 (adj 906): empty #17
09-12 07:35:20.644  1472  2000 W ActivityManager: Unable to start service Intent { act=com.google.android.gm.email.EXCHANGE_INTENT pkg=com.google.android.gm.exchange } U=0: not found
09-12 07:35:20.664  1472  1482 W ActivityManager: Unable to start service Intent { cmp=com.google.android.gm/com.android.email.service.AttachmentService } U=0: not found
09-12 07:35:20.676  1472  1619 W ActivityManager: Unable to start service Intent { act=com.google.android.gm.email.EXCHANGE_INTENT pkg=com.google.android.gm.exchange } U=0: not found
09-12 07:35:20.708  1472  1486 I ActivityManager: Waited long enough for: ServiceRecord{1ec0a98 u0 com.android.vending/com.google.android.finsky.setup.RestoreServiceV2}
09-12 07:35:20.725  1472  1486 I ActivityManager: Waited long enough for: ServiceRecord{fe33844 u0 com.google.android.gms/.ads.identifier.service.AdvertisingIdNotificationService}
09-12 07:35:22.386  1472  1472 I Telecom : DefaultDialerCache: Refreshing default dialer for user 0: now com.google.android.dialer: DDC.oR@AD4
09-12 07:35:22.423  1472  1472 I Telecom : DefaultDialerCache: Refreshing default dialer for user 0: now com.google.android.dialer: DDC.oR@AD8
09-12 07:35:22.446  1472  1472 I Telecom : DefaultDialerCache: Refreshing default dialer for user 0: now com.google.android.dialer: DDC.oR@AEA
09-12 07:35:22.476  1472  1472 I Telecom : DefaultDialerCache: Refreshing default dialer for user 0: now com.google.android.dialer: DDC.oR@AEE
09-12 07:35:22.510  1472  1472 I Telecom : DefaultDialerCache: Refreshing default dialer for user 0: now com.google.android.dialer: DDC.oR@AEI
09-12 07:35:22.531  1472  1472 I Telecom : DefaultDialerCache: Refreshing default dialer for user 0: now com.google.android.dialer: DDC.oR@AEM
09-12 07:35:24.679  1472  1619 I ActivityManager: Killing 2257:com.android.keychain/1000 (adj 906): empty #17
09-12 07:35:24.865  1472  1619 W ActivityManager: Unable to start service Intent { act=com.google.android.gms.analytics.service.START cmp=com.google.android.gms/.analytics.service.AnalyticsService (has extras) } U=0: not found
09-12 07:35:25.228  1472  1939 I ActivityManager: Killing 2331:com.google.android.apps.nexuslauncher:wallpaper_chooser/u0a19 (adj 906): empty #17
09-12 07:35:25.667  2434  2588 E ActivityThread: Failed to find provider info for com.google.android.apps.gsa.testing.ui.audio.recorded
09-12 07:35:26.128  1472  1619 W BroadcastQueue: Permission Denial: receiving Intent { act=android.intent.action.BOOT_COMPLETED flg=0x9000010 (has extras) } to com.google.android.apps.docs/.app.NotificationChannelReceiver requires android.permission.RECEIVE_BOOT_COMPLETED due to sender null (uid 1000)
09-12 07:35:26.140  1472  1486 I ActivityManager: Start proc 3375:com.google.android.apps.maps/u0a60 for broadcast com.google.android.apps.maps/com.google.android.apps.gmm.navigation.service.detection.StartDetectionReceiver
09-12 07:35:27.553  1472  2840 I ActivityManager: Killing 2592:com.google.android.partnersetup/u0a16 (adj 906): empty #17
09-12 07:35:29.869  1472  2840 W ActivityManager: Unable to start service Intent { act=com.google.android.gms.analytics.service.START cmp=com.google.android.gms/.analytics.service.AnalyticsService (has extras) } U=0: not found
09-12 07:35:30.708  2434  2588 E ActivityThread: Failed to find provider info for com.google.android.apps.gsa.testing.ui.audio.recorded
09-12 07:35:31.193  1472  1483 D VoldConnector: SND -> {40 volume mkdirs /storage/emulated/0/Android/data/com.google.android.youtube/files/}
09-12 07:35:31.472  1472  1535 D VoldConnector: RCV <- {200 40 Command succeeded}
09-12 07:35:31.797  1472  2840 W ActivityManager: Permission Denial: Accessing service ComponentInfo{com.google.android.music/com.google.android.music.dial.DialMediaRouteProviderService} from pid=3091, uid=10077 that is not exported from uid 10061
09-12 07:35:31.800  1472  1619 I ActivityManager: Killing 2723:com.google.android.gms.ui/u0a11 (adj 906): empty #17
09-12 07:35:35.763  2434  2588 E ActivityThread: Failed to find provider info for com.google.android.apps.gsa.testing.ui.audio.recorded
09-12 07:35:37.792  1472  1939 I ActivityManager: Killing 1780:com.android.settings/1000 (adj 906): empty #17
09-12 07:35:37.803  1472  1495 W ActivityManager: setHasOverlayUi called on unknown pid: 1780
09-12 07:35:40.799  2434  2588 E ActivityThread: Failed to find provider info for com.google.android.apps.gsa.testing.ui.audio.recorded
09-12 07:35:40.830  1472  1939 I ActivityManager: Killing 2859:android.process.acore/u0a1 (adj 906): empty #17
09-12 07:35:41.026  1472  1486 I ActivityManager: Waited long enough for: ServiceRecord{df9d68 u0 com.android.providers.media/.MediaScannerService}
09-12 07:35:41.170  1472  2882 W ActivityManager: Permission Denial: Accessing service ComponentInfo{com.google.android.music/com.google.android.music.dial.DialMediaRouteProviderService} from pid=3091, uid=10077 that is not exported from uid 10061
09-12 07:35:41.211  1472  1472 I Telecom : DefaultDialerCache: Refreshing default dialer for user 0: now com.google.android.dialer: DDC.oR@AEs
09-12 07:35:44.186  1472  1618 D VoldConnector: SND -> {41 volume mkdirs /storage/emulated/0/Android/data/com.google.android.apps.maps/files/}
09-12 07:35:44.195  1472  1535 D VoldConnector: RCV <- {200 41 Command succeeded}
09-12 07:35:44.605  1472  2881 I ActivityManager: Start proc 3498:com.google.android.apps.messaging/u0a64 for broadcast com.google.android.apps.messaging/.shared.receiver.BootAndPackageReplacedReceiver
09-12 07:35:45.874  2434  2588 E ActivityThread: Failed to find provider info for com.google.android.apps.gsa.testing.ui.audio.recorded
09-12 07:35:46.239  1472  2000 I ActivityManager: Killing 2996:com.android.vending:instant_app_installer/u0a26 (adj 906): empty #17
09-12 07:35:47.236  1472  1489 E BatteryStatsService: modem info is invalid: ModemActivityInfo{ mTimestamp=0 mSleepTimeMs=0 mIdleTimeMs=0 mTxTimeMs[]=[0, 0, 0, 0, 0] mRxTimeMs=0 mEnergyUsed=0}
09-12 07:35:48.175  1472  2002 I ActivityManager: Start proc 3521:android.process.acore/u0a1 for content provider com.android.providers.contacts/.ContactsProvider2
09-12 07:35:51.088  2434  2588 E ActivityThread: Failed to find provider info for com.google.android.apps.gsa.testing.ui.audio.recorded
09-12 07:35:53.854  1472  1939 I ActivityManager: Start proc 3553:com.google.android.apps.messaging:rcs/u0a64 for service com.google.android.apps.messaging/com.google.android.rcs.service.service.JibeService
09-12 07:35:54.536  1472  2002 D MmsServiceBroker: getCarrierConfigValues() by com.google.android.apps.messaging
09-12 07:35:54.536  1472  2002 W MmsServiceBroker: MmsService not connected. Try connecting...
09-12 07:35:54.594  1472  1472 I MmsServiceBroker: Connecting to MmsService
09-12 07:35:54.594  1472  1472 W ContextImpl: Calling a method in the system process without a qualified user: android.app.ContextImpl.bindService:1540 com.android.server.MmsServiceBroker.tryConnecting:241 com.android.server.MmsServiceBroker.-wrap3:0 com.android.server.MmsServiceBroker$1.handleMessage:83 android.os.Handler.dispatchMessage:105 
09-12 07:35:54.751  1472  1472 I MmsServiceBroker: MmsService connected
--------- beginning of main
09-12 07:35:54.752  1656  1668 D MmsService: getCarrierConfigValues
09-12 07:35:54.752  1656  1668 I MmsService: mms config for sub 1: null
09-12 07:35:54.753  1656  1656 I MmsService: MmsConfigManager receiver action: android.intent.action.SIM_STATE_CHANGED
09-12 07:35:54.753  3498  3546 I Bugle   : Carrier configs loaded: Bundle[{spamForwardingNumber=7726, maxImageHeight=1944, allowEnablingWapPushSI=false, maxMessageSize=1048576, maxImageWidth=2592, enableWapPushSI=true}] from resources+system for subId=1
09-12 07:35:54.753  1656  3580 I MmsService: MmsConfigManager loads in background mcc/mnc: 310/260
09-12 07:35:54.754  1656  1656 I MmsService: MmsConfigManager receiver action: android.telephony.action.CARRIER_CONFIG_CHANGED
09-12 07:35:54.754  1656  3582 I MmsService: MmsConfigManager loads in background mcc/mnc: 310/260
09-12 07:35:54.755  1656  3581 I MmsService: MmsConfigManager loads in background mcc/mnc: 310/260
09-12 07:35:54.784  3498  3548 W BugleDataModel: Used 401ms for bt#executeAction
09-12 07:35:54.807  2150  3374 I MediaScanner: forcing rescan of /system/media/audio/ringtones/Noises1.ogg since build fingerprint changed
09-12 07:35:54.829  3498  3565 W Bugle   : canonicalizeMccMnc: invalid mccmnc:null ,null
09-12 07:35:54.861  1472  2002 D MmsServiceBroker: getCarrierConfigValues() by com.google.android.apps.messaging
09-12 07:35:54.862  1656  1899 D MmsService: getCarrierConfigValues
09-12 07:35:54.862  1656  1899 I MmsService: mms config for sub 1: Bundle[{httpSocketTimeout=60000, aliasMinChars=2, smsToMmsTextThreshold=-1, enableSMSDeliveryReports=true, maxMessageTextSize=-1, supportMmsContentDisposition=true, enabledTransID=false, aliasEnabled=false, supportHttpCharsetHeader=false, allowAttachAudio=true, smsToMmsTextLengthThreshold=-1, recipientLimit=2147483647, uaProfTagName=x-wap-profile, aliasMaxChars=48, maxImageHeight=1944, enableMMSDeliveryReports=false, userAgent=, mmsCloseConnection=false, config_cellBroadcastAppLinks=true, maxSubjectLength=40, httpParams=, enableGroupMms=true, emailGatewayNumber=, maxMessageSize=1048576, naiSuffix=, enableMMSReadReports=false, maxImageWidth=2592, uaProfUrl=, enabledMMS=true, enabledNotifyWapMMSC=false, sendMultipartSmsAsSeparateMessages=false, enableMultipartSMS=true}]
09-12 07:35:54.862  3498  3565 I Bugle   : Carrier configs loaded: Bundle[{httpSocketTimeout=60000, aliasMinChars=2, smsToMmsTextThreshold=-1, enableSMSDeliveryReports=true, maxMessageTextSize=-1, supportMmsContentDisposition=true, enabledTransID=false, aliasEnabled=false, supportHttpCharsetHeader=false, allowAttachAudio=true, spamForwardingNumber=7726, smsToMmsTextLengthThreshold=-1, recipientLimit=2147483647, uaProfTagName=x-wap-profile, aliasMaxChars=48, maxImageHeight=1944, enableMMSDeliveryReports=false, userAgent=, mmsCloseConnection=false, config_cellBroadcastAppLinks=true, maxSubjectLength=40, httpParams=, enableGroupMms=true, allowEnablingWapPushSI=false, emailGatewayNumber=, maxMessageSize=1048576, naiSuffix=, enableMMSReadReports=false, maxImageWidth=2592, uaProfUrl=, enabledMMS=true, enabledNotifyWapMMSC=false, enableWapPushSI=true, sendMultipartSmsAsSeparateMessages=false, enableMultipartSMS=true}] from resources+system for subId=1
09-12 07:35:54.913  3498  3566 W Bugle   : canonicalizeMccMnc: invalid mccmnc:null ,null
09-12 07:35:54.924  1472  1482 D MmsServiceBroker: getCarrierConfigValues() by com.google.android.apps.messaging
09-12 07:35:54.925  1656  1668 D MmsService: getCarrierConfigValues
09-12 07:35:54.925  1656  1668 I MmsService: mms config for sub 1: Bundle[{httpSocketTimeout=60000, aliasMinChars=2, smsToMmsTextThreshold=-1, enableSMSDeliveryReports=true, maxMessageTextSize=-1, supportMmsContentDisposition=true, enabledTransID=false, aliasEnabled=false, supportHttpCharsetHeader=false, allowAttachAudio=true, smsToMmsTextLengthThreshold=-1, recipientLimit=2147483647, uaProfTagName=x-wap-profile, aliasMaxChars=48, maxImageHeight=1944, enableMMSDeliveryReports=false, userAgent=, mmsCloseConnection=false, config_cellBroadcastAppLinks=true, maxSubjectLength=40, httpParams=, enableGroupMms=true, emailGatewayNumber=, maxMessageSize=1048576, naiSuffix=, enableMMSReadReports=false, maxImageWidth=2592, uaProfUrl=, enabledMMS=true, enabledNotifyWapMMSC=false, sendMultipartSmsAsSeparateMessages=false, enableMultipartSMS=true}]
09-12 07:35:54.926  3498  3566 I Bugle   : Carrier configs loaded: Bundle[{httpSocketTimeout=60000, aliasMinChars=2, smsToMmsTextThreshold=-1, enableSMSDeliveryReports=true, maxMessageTextSize=-1, supportMmsContentDisposition=true, enabledTransID=false, aliasEnabled=false, supportHttpCharsetHeader=false, allowAttachAudio=true, spamForwardingNumber=7726, smsToMmsTextLengthThreshold=-1, recipientLimit=2147483647, uaProfTagName=x-wap-profile, aliasMaxChars=48, maxImageHeight=1944, enableMMSDeliveryReports=false, userAgent=, mmsCloseConnection=false, config_cellBroadcastAppLinks=true, maxSubjectLength=40, httpParams=, enableGroupMms=true, allowEnablingWapPushSI=false, emailGatewayNumber=, maxMessageSize=1048576, naiSuffix=, enableMMSReadReports=false, maxImageWidth=2592, uaProfUrl=, enabledMMS=true, enabledNotifyWapMMSC=false, enableWapPushSI=true, sendMultipartSmsAsSeparateMessages=false, enableMultipartSMS=true}] from resources+system for subId=1
09-12 07:35:54.927  3498  3566 V BugleThrottledAction: UpdateUnreadCounterAction scheduled to run now.
09-12 07:35:54.927  3498  3566 D BugleThrottledAction: UpdateUnreadCounterAction already scheduled in 3767ms, not scheduling it again.
09-12 07:35:55.163  3553  3553 I CarrierServices: [2] i.a: Checking if using CarrierServices.apk is possible. Enabled: true, isAtLeastM: true
09-12 07:35:55.167  3553  3553 W CarrierServices: [2] i.d: Carrier Services Apk was not found.
09-12 07:35:55.167  3553  3553 W CarrierServices: [2] i.a: CarrierServices.apk was not found, not pre-loaded or is disabled.
09-12 07:35:55.167  3553  3553 I CarrierServices: [2] g.d: Using AndroidNetworkFactory
09-12 07:35:55.169  3553  3553 I CarrierServices: [2] i.a: Checking if using CarrierServices.apk is possible. Enabled: true, isAtLeastM: true
09-12 07:35:55.171  3553  3553 W CarrierServices: [2] i.d: Carrier Services Apk was not found.
09-12 07:35:55.172  3553  3553 W CarrierServices: [2] i.a: CarrierServices.apk was not found, not pre-loaded or is disabled.
09-12 07:35:55.568  2150  3374 I MediaScanner: forcing rescan of /system/media/audio/ringtones/Noises2.ogg since build fingerprint changed
09-12 07:35:55.648  2150  3374 I MediaScanner: forcing rescan of /system/media/audio/ringtones/Noises3.ogg since build fingerprint changed
09-12 07:35:55.695  2150  3374 I MediaScanner: forcing rescan of /system/media/audio/ringtones/OrganDub.ogg since build fingerprint changed
09-12 07:35:55.743  3553  3553 V RcsProvisioning: No legacy config file found, migration not necessary
09-12 07:35:55.819  3375  3489 I zygote  : Deoptimizing aotc aotc.a(int, java.lang.Object[]) due to JIT inline cache
09-12 07:35:55.819  3553  3553 W RcsProvisioning: Failed to read configuration: /data/user/0/com.google.android.apps.messaging/files/rcsconfig (No such file or directory)
09-12 07:35:55.820  3553  3553 D RcsProvisioning: Retrieving backup token
09-12 07:35:55.859  2150  3374 I MediaScanner: forcing rescan of /system/media/audio/ringtones/Orion.ogg since build fingerprint changed
09-12 07:35:55.924  3553  3553 D RcsProvisioning: No backup token found
09-12 07:35:55.927  3553  3553 D RcsService: RcsEngine: Constructor
09-12 07:35:55.941  3553  3553 W RcsProvisioning: No config URL. RCS will be disabled!
09-12 07:35:55.955  3553  3553 D RcsService: Never provisioned and provisioning is not allowed, skipped config update request
09-12 07:35:55.965  2150  3374 I MediaScanner: forcing rescan of /system/media/audio/ringtones/PERSEUS.ogg since build fingerprint changed
09-12 07:35:56.002  3553  3553 V RcsService: Device info: Google Android SDK built for x86 generic_x86  //  google sdk_gphone_x86
09-12 07:35:56.002  3553  3553 V RcsService: Running Android 8.0.0, API level 26, REL 4205617
09-12 07:35:56.003  3553  3553 D RcsService: onBind in state STARTED, intent action = com.google.android.ims.rcsservice.ims.IImsConnectionTracker
09-12 07:35:56.005  3553  3553 D RcsService: onBind in state STARTED, intent action = com.google.android.ims.rcsservice.signup.ISignup
09-12 07:35:56.009  3553  3553 E com.google.android.rcs.service.receiver.AutoStartReceiver: JibeService cant be started... Neither Bugle is whitelisted,  nor cs apk is installed
09-12 07:35:56.017  3595  3595 W zygote  : Unexpected CPU variant for X86 using defaults: x86
09-12 07:35:56.021  1472  1810 I ActivityManager: Start proc 3595:com.google.android.apps.photos/u0a66 for broadcast com.google.android.apps.photos/.camerashortcut.CameraShortcutBroadcastReceiver
09-12 07:35:56.022  3553  3553 D RcsService: Never provisioned and provisioning is not allowed, skipped config update request
09-12 07:35:56.112  2434  2434 I chatty  : uid=10030(u0_a30) com.google.android.googlequicksearchbox:search expire 35 lines
09-12 07:35:56.130  1330  3612 I chatty  : uid=1041(audioserver) AudioIn_76 expire 1 line
09-12 07:35:56.132  2434  2588 E ActivityThread: Failed to find provider info for com.google.android.apps.gsa.testing.ui.audio.recorded
09-12 07:35:56.148  3498  3549 E Bugle   : RcsUtils. Error getting default configuration value for fallback setting
09-12 07:35:56.148  3498  3549 E Bugle   : com.google.android.rcs.client.e: Jibe SDK Service not available. Is the Jibe SDK service running? Did you call connect() and wait for the notification before calling an API function?
09-12 07:35:56.148  3498  3549 E Bugle   : 	at com.google.android.rcs.client.a.b(SourceFile:48)
09-12 07:35:56.148  3498  3549 E Bugle   : 	at com.google.android.rcs.client.profile.RcsProfileService.getRcsConfig(SourceFile:67)
09-12 07:35:56.148  3498  3549 E Bugle   : 	at com.google.android.apps.messaging.shared.b.aq.i(SourceFile:648)
09-12 07:35:56.148  3498  3549 E Bugle   : 	at com.google.android.apps.messaging.shared.analytics.l.a(SourceFile:755)
09-12 07:35:56.148  3498  3549 E Bugle   : 	at com.google.android.apps.messaging.shared.analytics.i.d(SourceFile:53)
09-12 07:35:56.148  3498  3549 E Bugle   : 	at com.google.android.apps.messaging.shared.datamodel.action.f.run(SourceFile:11)
09-12 07:35:56.148  3498  3549 E Bugle   : 	at android.os.Handler.handleCallback(Handler.java:789)
09-12 07:35:56.148  3498  3549 E Bugle   : 	at android.os.Handler.dispatchMessage(Handler.java:98)
09-12 07:35:56.148  3498  3549 E Bugle   : 	at android.os.Looper.loop(Looper.java:164)
09-12 07:35:56.148  3498  3549 E Bugle   : 	at com.google.android.apps.messaging.shared.datamodel.action.h.run(SourceFile:11)
09-12 07:35:56.151  3498  3549 D Bugle   : Failed to get default sharing method
09-12 07:35:56.151  3498  3549 D Bugle   : com.google.android.rcs.client.e: Jibe SDK Service not available. Is the Jibe SDK service running? Did you call connect() and wait for the notification before calling an API function?
09-12 07:35:56.151  3498  3549 D Bugle   : 	at com.google.android.rcs.client.a.b(SourceFile:48)
09-12 07:35:56.151  3498  3549 D Bugle   : 	at com.google.android.rcs.client.profile.RcsProfileService.getRcsConfig(SourceFile:67)
09-12 07:35:56.151  3498  3549 D Bugle   : 	at com.google.android.apps.messaging.shared.b.aq.a(SourceFile:409)
09-12 07:35:56.151  3498  3549 D Bugle   : 	at com.google.android.apps.messaging.shared.analytics.l.a(SourceFile:769)
09-12 07:35:56.151  3498  3549 D Bugle   : 	at com.google.android.apps.messaging.shared.analytics.i.d(SourceFile:53)
09-12 07:35:56.151  3498  3549 D Bugle   : 	at com.google.android.apps.messaging.shared.datamodel.action.f.run(SourceFile:11)
09-12 07:35:56.151  3498  3549 D Bugle   : 	at android.os.Handler.handleCallback(Handler.java:789)
09-12 07:35:56.151  3498  3549 D Bugle   : 	at android.os.Handler.dispatchMessage(Handler.java:98)
09-12 07:35:56.151  3498  3549 D Bugle   : 	at android.os.Looper.loop(Looper.java:164)
09-12 07:35:56.151  3498  3549 D Bugle   : 	at com.google.android.apps.messaging.shared.datamodel.action.h.run(SourceFile:11)
09-12 07:35:56.173  2150  3374 I MediaScanner: forcing rescan of /system/media/audio/ringtones/Paradise_Island.ogg since build fingerprint changed
09-12 07:35:56.199  3498  3549 I BugleDataModel: ExpireWapPushSiMessageAction
09-12 07:35:56.216  1656  1667 D MmsSmsDatabaseHelper: [MmsSmsDb] tableName: threads hasAutoIncrement: CREATE TABLE threads (_id INTEGER PRIMARY KEY AUTOINCREMENT,date INTEGER DEFAULT 0,message_count INTEGER DEFAULT 0,recipient_ids TEXT,snippet TEXT,snippet_cs INTEGER DEFAULT 0,read INTEGER DEFAULT 1,archived INTEGER DEFAULT 0,type INTEGER DEFAULT 0,error INTEGER DEFAULT 0,has_attachment INTEGER DEFAULT 0) result: true
09-12 07:35:56.216  1656  1667 D MmsSmsDatabaseHelper: [MmsSmsDb] tableName: canonical_addresses hasAutoIncrement: CREATE TABLE canonical_addresses (_id INTEGER PRIMARY KEY AUTOINCREMENT,address TEXT) result: true
09-12 07:35:56.216  1656  1667 D MmsSmsDatabaseHelper: [MmsSmsDb] tableName: part hasAutoIncrement: CREATE TABLE part (_id INTEGER PRIMARY KEY AUTOINCREMENT,mid INTEGER,seq INTEGER DEFAULT 0,ct TEXT,name TEXT,chset INTEGER,cd TEXT,fn TEXT,cid TEXT,cl TEXT,ctt_s INTEGER,ctt_t TEXT,_data TEXT,text TEXT) result: true
09-12 07:35:56.217  1656  1667 D MmsSmsDatabaseHelper: [MmsSmsDb] tableName: pdu hasAutoIncrement: CREATE TABLE pdu (_id INTEGER PRIMARY KEY AUTOINCREMENT,thread_id INTEGER,date INTEGER,date_sent INTEGER DEFAULT 0,msg_box INTEGER,read INTEGER DEFAULT 0,m_id TEXT,sub TEXT,sub_cs INTEGER,ct_t TEXT,ct_l TEXT,exp INTEGER,m_cls TEXT,m_type INTEGER,v INTEGER,m_size INTEGER,pri INTEGER,rr INTEGER,rpt_a INTEGER,resp_st INTEGER,st INTEGER,tr_id TEXT,retr_st INTEGER,retr_txt TEXT,retr_txt_cs INTEGER,read_status INTEGER,ct_cls INTEGER,resp_txt TEXT,d_tm INTEGER,d_rpt INTEGER,locked INTEGER DEFAULT 0,sub_id INTEGER DEFAULT -1, seen INTEGER DEFAULT 0,creator TEXT,text_only INTEGER DEFAULT 0) result: true
09-12 07:35:56.217  1656  1667 D MmsSmsDatabaseHelper: [getWritableDatabase] hasAutoIncrementThreads: true hasAutoIncrementAddresses: true hasAutoIncrementPart: true hasAutoIncrementPdu: true
09-12 07:35:56.222  1656  1667 D MmsSmsProvider: getSingleAddressId: insert new canonical_address for xxxxxx, _id=1
09-12 07:35:56.223  1656  1667 D MmsSmsProvider: getThreadId: create new thread_id for recipients xxxxxxxx
09-12 07:35:56.223  1656  1667 D MmsSmsProvider: insertThread: created new thread_id 1 for recipientIds xxxxxxx
09-12 07:35:56.232  3498  3549 W BugleDataModel: ExpireWapPushSiMessageAction: no WAP Push SI messages
09-12 07:35:56.237  3498  3548 V Bugle   : Executing sticker action: com.google.android.apps.messaging.shared.datamodel.d.ah
09-12 07:35:56.242  3498  3549 I Bugle   : Downloading from https://www.gstatic.com/android/sms/sticker/sticker_sets_list-5.xml to /data/user/0/com.google.android.apps.messaging/files/sticker_sets_list-5.xml
09-12 07:35:56.244  3498  3549 D NetworkSecurityConfig: No Network Security Config specified, using platform default
09-12 07:35:56.289  1472  1485 I chatty  : uid=1000(system) android.bg expire 10 lines
09-12 07:35:56.297  2150  3374 I MediaScanner: forcing rescan of /system/media/audio/ringtones/Pegasus.ogg since build fingerprint changed
09-12 07:35:56.308  1472  2000 D CountryDetector: The first listener is added
09-12 07:35:56.451  3498  3548 V Bugle   : Executing sticker action: com.google.android.apps.messaging.shared.datamodel.d.c
09-12 07:35:56.454  3498  3548 V Bugle   : Executing sticker action: com.google.android.apps.messaging.shared.datamodel.d.a
09-12 07:35:56.764  2150  3374 I MediaScanner: forcing rescan of /system/media/audio/ringtones/Perseus.ogg since build fingerprint changed
09-12 07:35:58.015  2456  2584 I chatty  : uid=10011(u0_a11) lowpool[2] expire 12 lines
09-12 07:35:58.043  2456  2546 I chatty  : uid=10011(u0_a11) com.google.android.gms expire 4 lines
09-12 07:35:58.817  2150  3374 I MediaScanner: forcing rescan of /system/media/audio/ringtones/Playa.ogg since build fingerprint changed
09-12 07:35:59.149  2150  3374 I MediaScanner: forcing rescan of /system/media/audio/ringtones/Pyxis.ogg since build fingerprint changed
09-12 07:35:59.205  2150  3374 I MediaScanner: forcing rescan of /system/media/audio/ringtones/Rasalas.ogg since build fingerprint changed
09-12 07:35:59.501  2150  3374 I MediaScanner: forcing rescan of /system/media/audio/ringtones/Revelation.ogg since build fingerprint changed
09-12 07:35:59.621  2150  3374 I MediaScanner: forcing rescan of /system/media/audio/ringtones/Rigel.ogg since build fingerprint changed
09-12 07:35:59.788  2150  3374 I MediaScanner: forcing rescan of /system/media/audio/ringtones/Ring_Classic_02.ogg since build fingerprint changed
09-12 07:35:59.884  3091  3424 I qtaguid : Tagging socket -1 with tag 0(0) for uid -1 failed errno=-9
09-12 07:35:59.884  3091  3424 I NetworkManagementSocketTagger: tagSocketFd(-1, 0, -1) failed with errno-9
09-12 07:35:59.977  3091  3424 I qtaguid : Untagging socket -1 failed errno=-9
09-12 07:35:59.977  3091  3424 W NetworkManagementSocketTagger: untagSocket(-1) failed with errno -9
09-12 07:36:00.011  1320  1370 D hwcomposer: hw_composer sent 152 syncs in 60s
09-12 07:36:00.557  2150  3374 I MediaScanner: forcing rescan of /system/media/audio/ringtones/Ring_Digital_02.ogg since build fingerprint changed
09-12 07:36:00.713  2150  3374 I MediaScanner: forcing rescan of /system/media/audio/ringtones/Ring_Synth_02.ogg since build fingerprint changed
09-12 07:36:01.047  2150  3374 I MediaScanner: forcing rescan of /system/media/audio/ringtones/Ring_Synth_04.ogg since build fingerprint changed
09-12 07:36:01.173  2434  2571 I chatty  : uid=10030(u0_a30) NonUserFacing2 expire 12 lines
09-12 07:36:01.178  1330  3619 I chatty  : uid=1041(audioserver) AudioIn_7E expire 1 line
09-12 07:36:01.184  2434  2588 E ActivityThread: Failed to find provider info for com.google.android.apps.gsa.testing.ui.audio.recorded
09-12 07:36:01.626  3595  3608 I zygote  : Waiting for a blocking GC ProfileSaver
09-12 07:36:01.653  2150  3374 I MediaScanner: forcing rescan of /system/media/audio/ringtones/Road_Trip.ogg since build fingerprint changed
09-12 07:36:02.059  2150  3374 I MediaScanner: forcing rescan of /system/media/audio/ringtones/RomancingTheTone.ogg since build fingerprint changed
09-12 07:36:02.167  3595  3608 I zygote  : WaitForGcToComplete blocked for 540.790ms for cause ProfileSaver
09-12 07:36:02.181  2150  3374 I MediaScanner: forcing rescan of /system/media/audio/ringtones/Safari.ogg since build fingerprint changed
09-12 07:36:02.484  2150  3374 I MediaScanner: forcing rescan of /system/media/audio/ringtones/Savannah.ogg since build fingerprint changed
09-12 07:36:02.744  2150  3374 I MediaScanner: forcing rescan of /system/media/audio/ringtones/Scarabaeus.ogg since build fingerprint changed
09-12 07:36:02.970  2150  3374 I MediaScanner: forcing rescan of /system/media/audio/ringtones/Sceptrum.ogg since build fingerprint changed
09-12 07:36:03.477  1472  1483 W ActivityManager: Permission Denial: Accessing service ComponentInfo{com.google.android.music/com.google.android.music.dial.DialMediaRouteProviderService} from pid=3091, uid=10077 that is not exported from uid 10061
09-12 07:36:03.909  1656  1666 I zygote  : Background concurrent copying GC freed 22098(1357KB) AllocSpace objects, 0(0B) LOS objects, 55% free, 1245KB/2MB, paused 425.509ms total 439.843ms
09-12 07:36:03.965  1656  1656 D CarrierSvcBindHelper: No carrier app for: 0
09-12 07:36:03.965  1656  1656 D ImsResolver: maybeAddedImsService, packageName: com.google.android.apps.messaging
09-12 07:36:04.851  1472  1472 I Telecom : DefaultDialerCache: Refreshing default dialer for user 0: now com.google.android.dialer: DDC.oR@AEw
09-12 07:36:05.139  2150  3374 I MediaScanner: forcing rescan of /system/media/audio/ringtones/Seville.ogg since build fingerprint changed
09-12 07:36:05.282  2150  3374 I MediaScanner: forcing rescan of /system/media/audio/ringtones/Shes_All_That.ogg since build fingerprint changed
09-12 07:36:05.337  2150  3374 I MediaScanner: forcing rescan of /system/media/audio/ringtones/SilkyWay.ogg since build fingerprint changed
09-12 07:36:05.477  2150  3374 I MediaScanner: forcing rescan of /system/media/audio/ringtones/SitarVsSitar.ogg since build fingerprint changed
09-12 07:36:05.590  2150  3374 I MediaScanner: forcing rescan of /system/media/audio/ringtones/Solarium.ogg since build fingerprint changed
09-12 07:36:05.927  2150  3374 I MediaScanner: forcing rescan of /system/media/audio/ringtones/SpringyJalopy.ogg since build fingerprint changed
09-12 07:36:06.017  2150  3374 I MediaScanner: forcing rescan of /system/media/audio/ringtones/Steppin_Out.ogg since build fingerprint changed
09-12 07:36:06.238  1330  3627 I chatty  : uid=1041(audioserver) AudioIn_86 expire 1 line
09-12 07:36:06.259  2434  2588 E ActivityThread: Failed to find provider info for com.google.android.apps.gsa.testing.ui.audio.recorded
09-12 07:36:06.467  2150  3374 I MediaScanner: forcing rescan of /system/media/audio/ringtones/Terminated.ogg since build fingerprint changed
09-12 07:36:06.621  2150  3374 I MediaScanner: forcing rescan of /system/media/audio/ringtones/Testudo.ogg since build fingerprint changed
09-12 07:36:06.787  2150  3374 I MediaScanner: forcing rescan of /system/media/audio/ringtones/Themos.ogg since build fingerprint changed
09-12 07:36:07.020  2150  3374 I MediaScanner: forcing rescan of /system/media/audio/ringtones/Third_Eye.ogg since build fingerprint changed
09-12 07:36:07.152  2150  3374 I MediaScanner: forcing rescan of /system/media/audio/ringtones/Thunderfoot.ogg since build fingerprint changed
09-12 07:36:07.202  3595  3605 W zygote  : Suspending all threads took: 34.655ms
09-12 07:36:07.206  2150  3374 I MediaScanner: forcing rescan of /system/media/audio/ringtones/TwirlAway.ogg since build fingerprint changed
09-12 07:36:07.302  2150  3374 I MediaScanner: forcing rescan of /system/media/audio/ringtones/URSAMINOR.ogg since build fingerprint changed
09-12 07:36:07.458  2150  3374 I MediaScanner: forcing rescan of /system/media/audio/ringtones/UrsaMinor.ogg since build fingerprint changed
09-12 07:36:07.594  2150  3374 I MediaScanner: forcing rescan of /system/media/audio/ringtones/VeryAlarmed.ogg since build fingerprint changed
09-12 07:36:07.665  2150  3374 I MediaScanner: forcing rescan of /system/media/audio/ringtones/Vespa.ogg since build fingerprint changed
09-12 07:36:07.695  2150  3374 I MediaScanner: forcing rescan of /system/media/audio/ringtones/World.ogg since build fingerprint changed
09-12 07:36:07.946  2150  3374 I MediaScanner: forcing rescan of /system/media/audio/ringtones/Zeta.ogg since build fingerprint changed
09-12 07:36:08.152  2150  3374 I MediaScanner: forcing rescan of /system/media/audio/ringtones/hydra.ogg since build fingerprint changed
09-12 07:36:08.239  1472  1485 I chatty  : uid=1000(system) android.bg expire 4 lines
