09-12 07:36:08.959  2150  3374 W MediaScanner: Error opening directory '/oem/media/', skipping: No such file or directory.
09-12 07:36:08.961  2150  3374 W MediaProvider: Missing volume for /system/media/audio/ui; assuming invalid
09-12 07:36:08.965  2150  3374 W MediaProvider: Missing volume for /system/media/bootanimation.zip; assuming invalid
09-12 07:36:08.968  2150  3374 W MediaProvider: Missing volume for /system/media/audio/ringtones/Aquila.ogg; assuming invalid
09-12 07:36:08.971  2150  3374 W MediaProvider: Missing volume for /system/media/audio/ringtones/ArgoNavis.ogg; assuming invalid
09-12 07:36:08.980  2150  3374 W MediaProvider: Missing volume for /system/media/audio/ringtones/Atria.ogg; assuming invalid
09-12 07:36:08.982  2150  3374 W MediaProvider: Missing volume for /system/media/audio/ringtones/BOOTES.ogg; assuming invalid
09-12 07:36:08.984  2150  3374 W MediaProvider: Missing volume for /system/media/audio/ringtones/Backroad.ogg; assuming invalid
09-12 07:36:08.986  2150  3374 W MediaProvider: Missing volume for /system/media/audio/ringtones/BeatPlucker.ogg; assuming invalid
09-12 07:36:08.987  2150  3374 W MediaProvider: Missing volume for /system/media/audio/ringtones/BentleyDubs.ogg; assuming invalid
09-12 07:36:08.989  2150  3374 W MediaProvider: Missing volume for /system/media/audio/ringtones/Big_Easy.ogg; assuming invalid
09-12 07:36:08.992  2150  3374 W MediaProvider: Missing volume for /system/media/audio/ringtones/BirdLoop.ogg; assuming invalid
09-12 07:36:08.993  2150  3374 W MediaProvider: Missing volume for /system/media/audio/ringtones/Bollywood.ogg; assuming invalid
09-12 07:36:08.995  2150  3374 W MediaProvider: Missing volume for /system/media/audio/ringtones/BussaMove.ogg; assuming invalid
09-12 07:36:08.997  2150  3374 W MediaProvider: Missing volume for /system/media/audio/ringtones/CANISMAJOR.ogg; assuming invalid
09-12 07:36:08.998  2150  3374 W MediaProvider: Missing volume for /system/media/audio/ringtones/CASSIOPEIA.ogg; assuming invalid
09-12 07:36:09.000  2150  3374 W MediaProvider: Missing volume for /system/media/audio/ringtones/Cairo.ogg; assuming invalid
09-12 07:36:09.002  2150  3374 W MediaProvider: Missing volume for /system/media/audio/ringtones/Calypso_Steel.ogg; assuming invalid
09-12 07:36:09.003  2150  3374 W MediaProvider: Missing volume for /system/media/audio/ringtones/CanisMajor.ogg; assuming invalid
09-12 07:36:09.004  2150  3374 E SQLiteDatabase: Error inserting title_key=-)C9MA);EK parent=71 is_music=false title=Canis Major _size=31133 duration=3498 bucket_id=293500348 is_alarm=false album_artist=null media_type=2 storage_id=0 is_notification=false track=0 bucket_display_name=ringtones _data=/system/media/audio/ringtones/CanisMajor.ogg is_drm=false _display_name=CanisMajor.ogg composer=null format=47362 is_ringtone=true artist_id=1 is_podcast=false date_added=1505219769 date_modified=1230796800 mime_type=application/ogg album_id=4
09-12 07:36:09.004  2150  3374 E SQLiteDatabase: android.database.sqlite.SQLiteConstraintException: UNIQUE constraint failed: files._data (code 2067)
09-12 07:36:09.004  2150  3374 E SQLiteDatabase: 	at android.database.sqlite.SQLiteConnection.nativeExecuteForLastInsertedRowId(Native Method)
09-12 07:36:09.004  2150  3374 E SQLiteDatabase: 	at android.database.sqlite.SQLiteConnection.executeForLastInsertedRowId(SQLiteConnection.java:782)
09-12 07:36:09.004  2150  3374 E SQLiteDatabase: 	at android.database.sqlite.SQLiteSession.executeForLastInsertedRowId(SQLiteSession.java:788)
09-12 07:36:09.004  2150  3374 E SQLiteDatabase: 	at android.database.sqlite.SQLiteStatement.executeInsert(SQLiteStatement.java:86)
09-12 07:36:09.004  2150  3374 E SQLiteDatabase: 	at android.database.sqlite.SQLiteDatabase.insertWithOnConflict(SQLiteDatabase.java:1474)
09-12 07:36:09.004  2150  3374 E SQLiteDatabase: 	at android.database.sqlite.SQLiteDatabase.insert(SQLiteDatabase.java:1343)
09-12 07:36:09.004  2150  3374 E SQLiteDatabase: 	at com.android.providers.media.MediaProvider.insertFile(MediaProvider.java:2260)
09-12 07:36:09.004  2150  3374 E SQLiteDatabase: 	at com.android.providers.media.MediaProvider.insertInternal(MediaProvider.java:2493)
09-12 07:36:09.004  2150  3374 E SQLiteDatabase: 	at com.android.providers.media.MediaProvider.bulkInsert(MediaProvider.java:1866)
09-12 07:36:09.004  2150  3374 E SQLiteDatabase: 	at android.content.ContentProvider$Transport.bulkInsert(ContentProvider.java:282)
09-12 07:36:09.004  2150  3374 E SQLiteDatabase: 	at android.content.ContentProviderClient.bulkInsert(ContentProviderClient.java:290)
09-12 07:36:09.004  2150  3374 E SQLiteDatabase: 	at android.media.MediaInserter.flush(MediaInserter.java:91)
09-12 07:36:09.004  2150  3374 E SQLiteDatabase: 	at android.media.MediaInserter.flushAll(MediaInserter.java:74)
09-12 07:36:09.004  2150  3374 E SQLiteDatabase: 	at android.media.MediaScanner.scanDirectories(MediaScanner.java:1408)
09-12 07:36:09.004  2150  3374 E SQLiteDatabase: 	at com.android.providers.media.MediaScannerService.scan(MediaScannerService.java:82)
09-12 07:36:09.004  2150  3374 E SQLiteDatabase: 	at com.android.providers.media.MediaScannerService.-wrap1(Unknown Source:0)
09-12 07:36:09.004  2150  3374 E SQLiteDatabase: 	at com.android.providers.media.MediaScannerService$ServiceHandler.handleMessage(MediaScannerService.java:252)
09-12 07:36:09.004  2150  3374 E SQLiteDatabase: 	at android.os.Handler.dispatchMessage(Handler.java:105)
09-12 07:36:09.004  2150  3374 E SQLiteDatabase: 	at android.os.Looper.loop(Looper.java:164)
09-12 07:36:09.004  2150  3374 E SQLiteDatabase: 	at com.android.providers.media.MediaScannerService.run(MediaScannerService.java:161)
09-12 07:36:09.004  2150  3374 E SQLiteDatabase: 	at java.lang.Thread.run(Thread.java:764)
09-12 07:36:09.005  2150  3374 W MediaProvider: Missing volume for /system/media/audio/ringtones/CaribbeanIce.ogg; assuming invalid
09-12 07:36:09.007  2150  3374 W MediaProvider: Missing volume for /system/media/audio/ringtones/Carina.ogg; assuming invalid
09-12 07:36:09.009  2150  3374 W MediaProvider: Missing volume for /system/media/audio/ringtones/Centaurus.ogg; assuming invalid
09-12 07:36:09.011  2150  3374 W MediaProvider: Missing volume for /system/media/audio/ringtones/Champagne_Edition.ogg; assuming invalid
09-12 07:36:09.012  2150  3374 W MediaProvider: Missing volume for /system/media/audio/ringtones/Club_Cubano.ogg; assuming invalid
09-12 07:36:09.014  2150  3374 W MediaProvider: Missing volume for /system/media/audio/ringtones/CrayonRock.ogg; assuming invalid
09-12 07:36:09.016  2150  3374 W MediaProvider: Missing volume for /system/media/audio/ringtones/CrazyDream.ogg; assuming invalid
09-12 07:36:09.017  2150  3374 W MediaProvider: Missing volume for /system/media/audio/ringtones/CurveBall.ogg; assuming invalid
09-12 07:36:09.019  2150  3374 W MediaProvider: Missing volume for /system/media/audio/ringtones/Cygnus.ogg; assuming invalid
09-12 07:36:09.021  2150  3374 W MediaProvider: Missing volume for /system/media/audio/ringtones/DancinFool.ogg; assuming invalid
09-12 07:36:09.022  2150  3374 W MediaProvider: Missing volume for /system/media/audio/ringtones/Ding.ogg; assuming invalid
09-12 07:36:09.025  2150  3374 W MediaProvider: Missing volume for /system/media/audio/ringtones/DonMessWivIt.ogg; assuming invalid
09-12 07:36:09.027  2150  3374 W MediaProvider: Missing volume for /system/media/audio/ringtones/Draco.ogg; assuming invalid
09-12 07:36:09.029  2150  3374 W MediaProvider: Missing volume for /system/media/audio/ringtones/DreamTheme.ogg; assuming invalid
09-12 07:36:09.031  2150  3374 W MediaProvider: Missing volume for /system/media/audio/ringtones/Eastern_Sky.ogg; assuming invalid
09-12 07:36:09.032  2150  3374 W MediaProvider: Missing volume for /system/media/audio/ringtones/Enter_the_Nexus.ogg; assuming invalid
09-12 07:36:09.034  2150  3374 W MediaProvider: Missing volume for /system/media/audio/ringtones/Eridani.ogg; assuming invalid
09-12 07:36:09.035  2150  3374 W MediaProvider: Missing volume for /system/media/audio/ringtones/EtherShake.ogg; assuming invalid
09-12 07:36:09.037  2150  3374 W MediaProvider: Missing volume for /system/media/audio/ringtones/FreeFlight.ogg; assuming invalid
09-12 07:36:09.039  2150  3374 W MediaProvider: Missing volume for /system/media/audio/ringtones/FriendlyGhost.ogg; assuming invalid
09-12 07:36:09.041  2150  3374 W MediaProvider: Missing volume for /system/media/audio/ringtones/Funk_Yall.ogg; assuming invalid
09-12 07:36:09.042  2150  3374 W MediaProvider: Missing volume for /system/media/audio/ringtones/GameOverGuitar.ogg; assuming invalid
09-12 07:36:09.044  2150  3374 W MediaProvider: Missing volume for /system/media/audio/ringtones/Gimme_Mo_Town.ogg; assuming invalid
09-12 07:36:09.046  2150  3374 W MediaProvider: Missing volume for /system/media/audio/ringtones/Girtab.ogg; assuming invalid
09-12 07:36:09.048  2150  3374 W MediaProvider: Missing volume for /system/media/audio/ringtones/Glacial_Groove.ogg; assuming invalid
09-12 07:36:09.050  2150  3374 W MediaProvider: Missing volume for /system/media/audio/ringtones/Growl.ogg; assuming invalid
09-12 07:36:09.051  2150  3374 W MediaProvider: Missing volume for /system/media/audio/ringtones/HalfwayHome.ogg; assuming invalid
09-12 07:36:09.053  2150  3374 W MediaProvider: Missing volume for /system/media/audio/ringtones/Hydra.ogg; assuming invalid
09-12 07:36:09.055  2150  3374 W MediaProvider: Missing volume for /system/media/audio/ringtones/InsertCoin.ogg; assuming invalid
09-12 07:36:09.057  2150  3374 W MediaProvider: Missing volume for /system/media/audio/ringtones/Kuma.ogg; assuming invalid
09-12 07:36:09.058  2150  3374 W MediaProvider: Missing volume for /system/media/audio/ringtones/LoopyLounge.ogg; assuming invalid
09-12 07:36:09.060  2150  3374 W MediaProvider: Missing volume for /system/media/audio/ringtones/LoveFlute.ogg; assuming invalid
09-12 07:36:09.062  2150  3374 W MediaProvider: Missing volume for /system/media/audio/ringtones/Lyra.ogg; assuming invalid
09-12 07:36:09.064  2150  3374 W MediaProvider: Missing volume for /system/media/audio/ringtones/Machina.ogg; assuming invalid
09-12 07:36:09.065  2150  3374 W MediaProvider: Missing volume for /system/media/audio/ringtones/MidEvilJaunt.ogg; assuming invalid
09-12 07:36:09.069  2150  3374 W MediaProvider: Missing volume for /system/media/audio/ringtones/MildlyAlarming.ogg; assuming invalid
09-12 07:36:09.073  2150  3374 W MediaProvider: Missing volume for /system/media/audio/ringtones/Nairobi.ogg; assuming invalid
09-12 07:36:09.075  2150  3374 W MediaProvider: Missing volume for /system/media/audio/ringtones/Nassau.ogg; assuming invalid
09-12 07:36:09.076  2150  3374 W MediaProvider: Missing volume for /system/media/audio/ringtones/NewPlayer.ogg; assuming invalid
09-12 07:36:09.078  2150  3374 W MediaProvider: Missing volume for /system/media/audio/ringtones/No_Limits.ogg; assuming invalid
09-12 07:36:09.080  2150  3374 W MediaProvider: Missing volume for /system/media/audio/ringtones/Noises1.ogg; assuming invalid
09-12 07:36:09.082  2150  3374 W MediaProvider: Missing volume for /system/media/audio/ringtones/Noises2.ogg; assuming invalid
09-12 07:36:09.084  2150  3374 W MediaProvider: Missing volume for /system/media/audio/ringtones/Noises3.ogg; assuming invalid
09-12 07:36:09.085  2150  3374 W MediaProvider: Missing volume for /system/media/audio/ringtones/OrganDub.ogg; assuming invalid
09-12 07:36:09.087  2150  3374 W MediaProvider: Missing volume for /system/media/audio/ringtones/Orion.ogg; assuming invalid
09-12 07:36:09.094  2150  3374 W MediaProvider: Missing volume for /system/media/audio/ringtones/PERSEUS.ogg; assuming invalid
09-12 07:36:09.096  2150  3374 W MediaProvider: Missing volume for /system/media/audio/ringtones/Paradise_Island.ogg; assuming invalid
09-12 07:36:09.100  2150  3374 W MediaProvider: Missing volume for /system/media/audio/ringtones/Pegasus.ogg; assuming invalid
09-12 07:36:09.102  1338  1338 E MetadataRetrieverClient: failed to extract an album art
09-12 07:36:09.104  2150  3374 W MediaProvider: Missing volume for /system/media/audio/ringtones/Perseus.ogg; assuming invalid
09-12 07:36:09.105  2150  3374 E SQLiteDatabase: Error inserting title_key=G1KM1QM parent=71 is_music=false title=Perseus _size=236343 duration=10170 bucket_id=293500348 is_alarm=false album_artist=null media_type=2 storage_id=0 is_notification=false track=0 bucket_display_name=ringtones _data=/system/media/audio/ringtones/Perseus.ogg is_drm=false _display_name=Perseus.ogg composer=null format=47362 is_ringtone=true artist_id=1 is_podcast=false date_added=1505219769 date_modified=1230796800 mime_type=application/ogg album_id=4
09-12 07:36:09.105  2150  3374 E SQLiteDatabase: android.database.sqlite.SQLiteConstraintException: UNIQUE constraint failed: files._data (code 2067)
09-12 07:36:09.105  2150  3374 E SQLiteDatabase: 	at android.database.sqlite.SQLiteConnection.nativeExecuteForLastInsertedRowId(Native Method)
09-12 07:36:09.105  2150  3374 E SQLiteDatabase: 	at android.database.sqlite.SQLiteConnection.executeForLastInsertedRowId(SQLiteConnection.java:782)
09-12 07:36:09.105  2150  3374 E SQLiteDatabase: 	at android.database.sqlite.SQLiteSession.executeForLastInsertedRowId(SQLiteSession.java:788)
09-12 07:36:09.105  2150  3374 E SQLiteDatabase: 	at android.database.sqlite.SQLiteStatement.executeInsert(SQLiteStatement.java:86)
09-12 07:36:09.105  2150  3374 E SQLiteDatabase: 	at android.database.sqlite.SQLiteDatabase.insertWithOnConflict(SQLiteDatabase.java:1474)
09-12 07:36:09.105  2150  3374 E SQLiteDatabase: 	at android.database.sqlite.SQLiteDatabase.insert(SQLiteDatabase.java:1343)
09-12 07:36:09.105  2150  3374 E SQLiteDatabase: 	at com.android.providers.media.MediaProvider.insertFile(MediaProvider.java:2260)
09-12 07:36:09.105  2150  3374 E SQLiteDatabase: 	at com.android.providers.media.MediaProvider.insertInternal(MediaProvider.java:2493)
09-12 07:36:09.105  2150  3374 E SQLiteDatabase: 	at com.android.providers.media.MediaProvider.bulkInsert(MediaProvider.java:1866)
09-12 07:36:09.105  2150  3374 E SQLiteDatabase: 	at android.content.ContentProvider$Transport.bulkInsert(ContentProvider.java:282)
09-12 07:36:09.105  2150  3374 E SQLiteDatabase: 	at android.content.ContentProviderClient.bulkInsert(ContentProviderClient.java:290)
09-12 07:36:09.105  2150  3374 E SQLiteDatabase: 	at android.media.MediaInserter.flush(MediaInserter.java:91)
09-12 07:36:09.105  2150  3374 E SQLiteDatabase: 	at android.media.MediaInserter.flushAll(MediaInserter.java:74)
09-12 07:36:09.105  2150  3374 E SQLiteDatabase: 	at android.media.MediaScanner.scanDirectories(MediaScanner.java:1408)
09-12 07:36:09.105  2150  3374 E SQLiteDatabase: 	at com.android.providers.media.MediaScannerService.scan(MediaScannerService.java:82)
09-12 07:36:09.105  2150  3374 E SQLiteDatabase: 	at com.android.providers.media.MediaScannerService.-wrap1(Unknown Source:0)
09-12 07:36:09.105  2150  3374 E SQLiteDatabase: 	at com.android.providers.media.MediaScannerService$ServiceHandler.handleMessage(MediaScannerService.java:252)
09-12 07:36:09.105  2150  3374 E SQLiteDatabase: 	at android.os.Handler.dispatchMessage(Handler.java:105)
09-12 07:36:09.105  2150  3374 E SQLiteDatabase: 	at android.os.Looper.loop(Looper.java:164)
09-12 07:36:09.105  2150  3374 E SQLiteDatabase: 	at com.android.providers.media.MediaScannerService.run(MediaScannerService.java:161)
09-12 07:36:09.105  2150  3374 E SQLiteDatabase: 	at java.lang.Thread.run(Thread.java:764)
09-12 07:36:09.107  2150  3374 W MediaProvider: Missing volume for /system/media/audio/ringtones/Playa.ogg; assuming invalid
09-12 07:36:09.109  2150  3374 W MediaProvider: Missing volume for /system/media/audio/ringtones/Pyxis.ogg; assuming invalid
09-12 07:36:09.111  2150  3374 W MediaProvider: Missing volume for /system/media/audio/ringtones/Rasalas.ogg; assuming invalid
09-12 07:36:09.114  2150  3374 W MediaProvider: Missing volume for /system/media/audio/ringtones/Revelation.ogg; assuming invalid
09-12 07:36:09.119  2150  3374 W MediaProvider: Missing volume for /system/media/audio/ringtones/Rigel.ogg; assuming invalid
09-12 07:36:09.120  2150  3374 W MediaProvider: Missing volume for /system/media/audio/ringtones/Ring_Classic_02.ogg; assuming invalid
09-12 07:36:09.122  2150  3374 W MediaProvider: Missing volume for /system/media/audio/ringtones/Ring_Digital_02.ogg; assuming invalid
09-12 07:36:09.125  2150  3374 W MediaProvider: Missing volume for /system/media/audio/ringtones/Ring_Synth_02.ogg; assuming invalid
09-12 07:36:09.127  2150  3374 W MediaProvider: Missing volume for /system/media/audio/ringtones/Ring_Synth_04.ogg; assuming invalid
09-12 07:36:09.128  2150  3374 W MediaProvider: Missing volume for /system/media/audio/ringtones/Road_Trip.ogg; assuming invalid
09-12 07:36:09.130  2150  3374 W MediaProvider: Missing volume for /system/media/audio/ringtones/RomancingTheTone.ogg; assuming invalid
09-12 07:36:09.132  2150  3374 W MediaProvider: Missing volume for /system/media/audio/ringtones/Safari.ogg; assuming invalid
09-12 07:36:09.133  2150  3374 W MediaProvider: Missing volume for /system/media/audio/ringtones/Savannah.ogg; assuming invalid
09-12 07:36:09.135  2150  3374 W MediaProvider: Missing volume for /system/media/audio/ringtones/Scarabaeus.ogg; assuming invalid
09-12 07:36:09.137  2150  3374 W MediaProvider: Missing volume for /system/media/audio/ringtones/Sceptrum.ogg; assuming invalid
09-12 07:36:09.138  2150  3374 W MediaProvider: Missing volume for /system/media/audio/ringtones/Seville.ogg; assuming invalid
09-12 07:36:09.140  2150  3374 W MediaProvider: Missing volume for /system/media/audio/ringtones/Shes_All_That.ogg; assuming invalid
09-12 07:36:09.142  2150  3374 W MediaProvider: Missing volume for /system/media/audio/ringtones/SilkyWay.ogg; assuming invalid
09-12 07:36:09.144  2150  3374 W MediaProvider: Missing volume for /system/media/audio/ringtones/SitarVsSitar.ogg; assuming invalid
09-12 07:36:09.147  2150  3374 W MediaProvider: Missing volume for /system/media/audio/ringtones/Solarium.ogg; assuming invalid
09-12 07:36:09.148  2150  3374 W MediaProvider: Missing volume for /system/media/audio/ringtones/SpringyJalopy.ogg; assuming invalid
09-12 07:36:09.150  2150  3374 W MediaProvider: Missing volume for /system/media/audio/ringtones/Steppin_Out.ogg; assuming invalid
09-12 07:36:09.152  2150  3374 W MediaProvider: Missing volume for /system/media/audio/ringtones/Terminated.ogg; assuming invalid
09-12 07:36:09.154  2150  3374 W MediaProvider: Missing volume for /system/media/audio/ringtones/Testudo.ogg; assuming invalid
09-12 07:36:09.156  2150  3374 W MediaProvider: Missing volume for /system/media/audio/ringtones/Themos.ogg; assuming invalid
09-12 07:36:09.158  2150  3374 W MediaProvider: Missing volume for /system/media/audio/ringtones/Third_Eye.ogg; assuming invalid
09-12 07:36:09.159  2150  3374 W MediaProvider: Missing volume for /system/media/audio/ringtones/Thunderfoot.ogg; assuming invalid
09-12 07:36:09.161  2150  3374 W MediaProvider: Missing volume for /system/media/audio/ringtones/TwirlAway.ogg; assuming invalid
09-12 07:36:09.163  2150  3374 W MediaProvider: Missing volume for /system/media/audio/ringtones/URSAMINOR.ogg; assuming invalid
09-12 07:36:09.167  2150  3374 W MediaProvider: Missing volume for /system/media/audio/ringtones/UrsaMinor.ogg; assuming invalid
09-12 07:36:09.168  2150  3374 E SQLiteDatabase: Error inserting title_key=QKM)A9CEK parent=71 is_music=false title=UrsaMinor _size=185005 duration=12800 bucket_id=293500348 is_alarm=false album_artist=null media_type=2 storage_id=0 is_notification=false track=0 bucket_display_name=ringtones _data=/system/media/audio/ringtones/UrsaMinor.ogg is_drm=false _display_name=UrsaMinor.ogg composer=null format=47362 is_ringtone=true artist_id=1 is_podcast=false date_added=1505219769 date_modified=1230796800 mime_type=application/ogg album_id=4
09-12 07:36:09.168  2150  3374 E SQLiteDatabase: android.database.sqlite.SQLiteConstraintException: UNIQUE constraint failed: files._data (code 2067)
09-12 07:36:09.168  2150  3374 E SQLiteDatabase: 	at android.database.sqlite.SQLiteConnection.nativeExecuteForLastInsertedRowId(Native Method)
09-12 07:36:09.168  2150  3374 E SQLiteDatabase: 	at android.database.sqlite.SQLiteConnection.executeForLastInsertedRowId(SQLiteConnection.java:782)
09-12 07:36:09.168  2150  3374 E SQLiteDatabase: 	at android.database.sqlite.SQLiteSession.executeForLastInsertedRowId(SQLiteSession.java:788)
09-12 07:36:09.168  2150  3374 E SQLiteDatabase: 	at android.database.sqlite.SQLiteStatement.executeInsert(SQLiteStatement.java:86)
09-12 07:36:09.168  2150  3374 E SQLiteDatabase: 	at android.database.sqlite.SQLiteDatabase.insertWithOnConflict(SQLiteDatabase.java:1474)
09-12 07:36:09.168  2150  3374 E SQLiteDatabase: 	at android.database.sqlite.SQLiteDatabase.insert(SQLiteDatabase.java:1343)
09-12 07:36:09.168  2150  3374 E SQLiteDatabase: 	at com.android.providers.media.MediaProvider.insertFile(MediaProvider.java:2260)
09-12 07:36:09.168  2150  3374 E SQLiteDatabase: 	at com.android.providers.media.MediaProvider.insertInternal(MediaProvider.java:2493)
09-12 07:36:09.168  2150  3374 E SQLiteDatabase: 	at com.android.providers.media.MediaProvider.bulkInsert(MediaProvider.java:1866)
09-12 07:36:09.168  2150  3374 E SQLiteDatabase: 	at android.content.ContentProvider$Transport.bulkInsert(ContentProvider.java:282)
09-12 07:36:09.168  2150  3374 E SQLiteDatabase: 	at android.content.ContentProviderClient.bulkInsert(ContentProviderClient.java:290)
09-12 07:36:09.168  2150  3374 E SQLiteDatabase: 	at android.media.MediaInserter.flush(MediaInserter.java:91)
09-12 07:36:09.168  2150  3374 E SQLiteDatabase: 	at android.media.MediaInserter.flushAll(MediaInserter.java:74)
09-12 07:36:09.168  2150  3374 E SQLiteDatabase: 	at android.media.MediaScanner.scanDirectories(MediaScanner.java:1408)
09-12 07:36:09.168  2150  3374 E SQLiteDatabase: 	at com.android.providers.media.MediaScannerService.scan(MediaScannerService.java:82)
09-12 07:36:09.168  2150  3374 E SQLiteDatabase: 	at com.android.providers.media.MediaScannerService.-wrap1(Unknown Source:0)
09-12 07:36:09.168  2150  3374 E SQLiteDatabase: 	at com.android.providers.media.MediaScannerService$ServiceHandler.handleMessage(MediaScannerService.java:252)
09-12 07:36:09.168  2150  3374 E SQLiteDatabase: 	at android.os.Handler.dispatchMessage(Handler.java:105)
09-12 07:36:09.168  2150  3374 E SQLiteDatabase: 	at android.os.Looper.loop(Looper.java:164)
09-12 07:36:09.168  2150  3374 E SQLiteDatabase: 	at com.android.providers.media.MediaScannerService.run(MediaScannerService.java:161)
09-12 07:36:09.168  2150  3374 E SQLiteDatabase: 	at java.lang.Thread.run(Thread.java:764)
09-12 07:36:09.170  2150  3374 W MediaProvider: Missing volume for /system/media/audio/ringtones/VeryAlarmed.ogg; assuming invalid
09-12 07:36:09.172  2150  3374 W MediaProvider: Missing volume for /system/media/audio/ringtones/Vespa.ogg; assuming invalid
09-12 07:36:09.174  2150  3374 W MediaProvider: Missing volume for /system/media/audio/ringtones/World.ogg; assuming invalid
09-12 07:36:09.176  2150  3374 W MediaProvider: Missing volume for /system/media/audio/ringtones/Zeta.ogg; assuming invalid
09-12 07:36:09.178  2150  3374 W MediaProvider: Missing volume for /system/media/audio/ringtones/hydra.ogg; assuming invalid
09-12 07:36:09.179  2150  3374 E SQLiteDatabase: Error inserting title_key=7Y/K) parent=71 is_music=false title=Hydra _size=22962 duration=5000 bucket_id=293500348 is_alarm=false album_artist=null media_type=2 storage_id=0 is_notification=false track=2 bucket_display_name=ringtones _data=/system/media/audio/ringtones/hydra.ogg is_drm=false _display_name=hydra.ogg composer=null format=47362 is_ringtone=true artist_id=2 is_podcast=false date_added=1505219769 date_modified=1230796800 mime_type=application/ogg album_id=4
09-12 07:36:09.179  2150  3374 E SQLiteDatabase: android.database.sqlite.SQLiteConstraintException: UNIQUE constraint failed: files._data (code 2067)
09-12 07:36:09.179  2150  3374 E SQLiteDatabase: 	at android.database.sqlite.SQLiteConnection.nativeExecuteForLastInsertedRowId(Native Method)
09-12 07:36:09.179  2150  3374 E SQLiteDatabase: 	at android.database.sqlite.SQLiteConnection.executeForLastInsertedRowId(SQLiteConnection.java:782)
09-12 07:36:09.179  2150  3374 E SQLiteDatabase: 	at android.database.sqlite.SQLiteSession.executeForLastInsertedRowId(SQLiteSession.java:788)
09-12 07:36:09.179  2150  3374 E SQLiteDatabase: 	at android.database.sqlite.SQLiteStatement.executeInsert(SQLiteStatement.java:86)
09-12 07:36:09.179  2150  3374 E SQLiteDatabase: 	at android.database.sqlite.SQLiteDatabase.insertWithOnConflict(SQLiteDatabase.java:1474)
09-12 07:36:09.179  2150  3374 E SQLiteDatabase: 	at android.database.sqlite.SQLiteDatabase.insert(SQLiteDatabase.java:1343)
09-12 07:36:09.179  2150  3374 E SQLiteDatabase: 	at com.android.providers.media.MediaProvider.insertFile(MediaProvider.java:2260)
09-12 07:36:09.179  2150  3374 E SQLiteDatabase: 	at com.android.providers.media.MediaProvider.insertInternal(MediaProvider.java:2493)
09-12 07:36:09.179  2150  3374 E SQLiteDatabase: 	at com.android.providers.media.MediaProvider.bulkInsert(MediaProvider.java:1866)
09-12 07:36:09.179  2150  3374 E SQLiteDatabase: 	at android.content.ContentProvider$Transport.bulkInsert(ContentProvider.java:282)
09-12 07:36:09.179  2150  3374 E SQLiteDatabase: 	at android.content.ContentProviderClient.bulkInsert(ContentProviderClient.java:290)
09-12 07:36:09.179  2150  3374 E SQLiteDatabase: 	at android.media.MediaInserter.flush(MediaInserter.java:91)
09-12 07:36:09.179  2150  3374 E SQLiteDatabase: 	at android.media.MediaInserter.flushAll(MediaInserter.java:74)
09-12 07:36:09.179  2150  3374 E SQLiteDatabase: 	at android.media.MediaScanner.scanDirectories(MediaScanner.java:1408)
09-12 07:36:09.179  2150  3374 E SQLiteDatabase: 	at com.android.providers.media.MediaScannerService.scan(MediaScannerService.java:82)
09-12 07:36:09.179  2150  3374 E SQLiteDatabase: 	at com.android.providers.media.MediaScannerService.-wrap1(Unknown Source:0)
09-12 07:36:09.179  2150  3374 E SQLiteDatabase: 	at com.android.providers.media.MediaScannerService$ServiceHandler.handleMessage(MediaScannerService.java:252)
09-12 07:36:09.179  2150  3374 E SQLiteDatabase: 	at android.os.Handler.dispatchMessage(Handler.java:105)
09-12 07:36:09.179  2150  3374 E SQLiteDatabase: 	at android.os.Looper.loop(Looper.java:164)
09-12 07:36:09.179  2150  3374 E SQLiteDatabase: 	at com.android.providers.media.MediaScannerService.run(MediaScannerService.java:161)
09-12 07:36:09.179  2150  3374 E SQLiteDatabase: 	at java.lang.Thread.run(Thread.java:764)
09-12 07:36:09.185  2150  3374 W MediaProvider: Missing volume for /system/media/audio/ui/Dock.ogg; assuming invalid
09-12 07:36:09.186  1338  1430 E MetadataRetrieverClient: failed to extract an album art
09-12 07:36:09.196  2150  3374 W MediaProvider: Missing volume for /system/media/audio/ui/Effect_Tick.ogg; assuming invalid
09-12 07:36:09.203  2150  3374 W MediaProvider: Missing volume for /system/media/audio/ui/KeypressDelete.ogg; assuming invalid
09-12 07:36:09.210  2150  3374 W MediaProvider: Missing volume for /system/media/audio/ui/KeypressInvalid.ogg; assuming invalid
09-12 07:36:09.228  2150  3374 W MediaProvider: Missing volume for /system/media/audio/ui/KeypressReturn.ogg; assuming invalid
09-12 07:36:09.241  2150  3374 W MediaProvider: Missing volume for /system/media/audio/ui/KeypressSpacebar.ogg; assuming invalid
09-12 07:36:09.244  2150  3374 W MediaProvider: Missing volume for /system/media/audio/ui/KeypressStandard.ogg; assuming invalid
09-12 07:36:09.247  2150  3374 W MediaProvider: Missing volume for /system/media/audio/ui/Lock.ogg; assuming invalid
09-12 07:36:09.250  2150  3374 W MediaProvider: Missing volume for /system/media/audio/ui/LowBattery.ogg; assuming invalid
09-12 07:36:09.253  2150  3374 W MediaProvider: Missing volume for /system/media/audio/ui/Trusted.ogg; assuming invalid
09-12 07:36:09.256  2150  3374 W MediaProvider: Missing volume for /system/media/audio/ui/Undock.ogg; assuming invalid
09-12 07:36:09.261  2150  3374 W MediaProvider: Missing volume for /system/media/audio/ui/Unlock.ogg; assuming invalid
09-12 07:36:09.264  2150  3374 W MediaProvider: Missing volume for /system/media/audio/ui/VideoRecord.ogg; assuming invalid
09-12 07:36:09.275  2150  3374 W MediaProvider: Missing volume for /system/media/audio/ui/VideoStop.ogg; assuming invalid
09-12 07:36:09.278  2150  3374 W MediaProvider: Missing volume for /system/media/audio/ui/WirelessChargingStarted.ogg; assuming invalid
09-12 07:36:09.282  2150  3374 W MediaProvider: Missing volume for /system/media/audio/ui/camera_click.ogg; assuming invalid
09-12 07:36:09.284  2150  3374 W MediaProvider: Missing volume for /system/media/audio/ui/camera_focus.ogg; assuming invalid
09-12 07:36:09.367  2150  3374 V MediaScanner: pruneDeadThumbnailFiles... android.content.ContentProviderClient$CursorWrapperInner@596d321
09-12 07:36:09.367  2150  3374 V MediaScanner: /pruneDeadThumbnailFiles... android.content.ContentProviderClient$CursorWrapperInner@596d321
09-12 07:36:09.436  3595  3600 I zygote  : Do partial code cache collection, code=0B, data=13KB
09-12 07:36:09.444  3595  3600 I zygote  : After code cache collection, code=0B, data=13KB
09-12 07:36:09.444  3595  3600 I zygote  : Increasing code cache capacity to 128KB
09-12 07:36:09.451  2456  3628 I chatty  : uid=10011(u0_a11) com.google.android.gms expire 3 lines
09-12 07:36:09.779  3641  3641 W zygote  : Unexpected CPU variant for X86 using defaults: x86
09-12 07:36:09.782  1472  2882 I ActivityManager: Start proc 3641:com.google.android.apps.wallpaper/u0a72 for broadcast com.google.android.apps.wallpaper/.module.GoogleAlarmInitializer
09-12 07:36:10.001  1472  1489 E BatteryStatsService: modem info is invalid: ModemActivityInfo{ mTimestamp=0 mSleepTimeMs=0 mIdleTimeMs=0 mTxTimeMs[]=[0, 0, 0, 0, 0] mRxTimeMs=0 mEnergyUsed=0}
09-12 07:36:10.004  1472  1482 I ActivityManager: Start proc 3671:com.google.android.configupdater/u0a4 for broadcast com.google.android.configupdater/.MainReceiver
09-12 07:36:10.014  3671  3671 W zygote  : Unexpected CPU variant for X86 using defaults: x86
09-12 07:36:10.148  3595  3638 E SQLiteLog: (1) no such table: job_queue_table
09-12 07:36:10.220  3671  3671 E ConfigUpdater: ignoring update request
09-12 07:36:10.267  3671  3671 I chatty  : uid=10004(u0_a4) identical 7 lines
09-12 07:36:10.271  3671  3671 E ConfigUpdater: ignoring update request
09-12 07:36:10.336  3249  3249 W EasBundling: ExchangeUpgradeReceiver: action=android.intent.action.BOOT_COMPLETED data=null
09-12 07:36:10.339  3249  3249 W EasBundling: ExchangeUpgradeUtils: isExchangeLegacy=false
09-12 07:36:10.350  1472  1500 I ActivityManager: Killing 3249:com.google.android.gm/u0a65 (adj 0): change com.google.android.gm
09-12 07:36:10.351  1472  1500 W ActivityManager: Scheduling restart of crashed service com.google.android.gm/com.android.email.job.UpgradeJob$UpgradeJobService in 1000ms
09-12 07:36:10.351  1472  1500 W ActivityManager: Scheduling restart of crashed service com.google.android.gm/com.android.email.job.BootCompletedJob$BootCompletedJobService in 11000ms
09-12 07:36:10.351  1472  1500 W ActivityManager: Scheduling restart of crashed service com.google.android.gm/.job.GoogleMailWidgetAndShortcutSwitchJob$GoogleMailWidgetAndShortcutSwitchJobService in 21000ms
09-12 07:36:10.351  1472  1500 W ActivityManager: Scheduling restart of crashed service com.google.android.gm/.job.GmailInitialSetupJob$GmailInitialSetupJobService in 31000ms
09-12 07:36:10.367  1472  1485 W ResourceType: No known package when getting value for resource number 0x7f020078
09-12 07:36:10.367  1472  1485 W ResourceType: No known package when getting value for resource number 0x7f100262
09-12 07:36:10.391  3710  3710 W zygote  : Unexpected CPU variant for X86 using defaults: x86
09-12 07:36:10.396  1472  1486 I ActivityManager: Start proc 3710:com.google.android.gm/u0a65 for broadcast com.google.android.gm/com.android.email.task.notification.TaskReminderReceiver
09-12 07:36:10.396  1472  1483 W ActivityManager: Permission Denial: Accessing service ComponentInfo{com.google.android.music/com.google.android.music.dial.DialMediaRouteProviderService} from pid=3091, uid=10077 that is not exported from uid 10061
09-12 07:36:10.463  1472  1472 I Telecom : DefaultDialerCache: Refreshing default dialer for user 0: now com.google.android.dialer: DDC.oR@AE4
09-12 07:36:10.498  1656  1656 D CarrierSvcBindHelper: No carrier app for: 0
09-12 07:36:10.498  1656  1656 D ImsResolver: maybeAddedImsService, packageName: com.google.android.gm
09-12 07:36:10.516  3710  3710 W EasBundling: in EasBundling.init, isBundlingEnabled=true
09-12 07:36:10.534  3710  3728 D ActivityThread: Loading provider com.google.android.gmail.provider;com.android.mail.notifier;com.google.android.gm.email.provider;com.google.android.gm.tasks.provider;com.google.android.gm.email.notifier: com.android.email.provider.EmailProvider
09-12 07:36:10.637  3710  3731 I irr     : Beginning new tracing period at 410648.28934.
09-12 07:36:10.638  3710  3731 W irr     : START TRACE Inbox first results loaded <21c9a2f80530093d0000015e7616f90c>@410648.28934
09-12 07:36:10.647  3710  3710 W GAV2    : Thread[main,5,main]: Need to call initialize() and be in fallback mode to start dispatch.
09-12 07:36:10.682  1472  2840 W ActivityManager: Unable to start service Intent { cmp=com.google.android.gm/com.android.email.service.AttachmentService } U=0: not found
09-12 07:36:10.752  1472  2881 W ActivityManager: Unable to start service Intent { cmp=com.google.android.gm.exchange/com.android.exchange.service.EasService } U=0: not found
09-12 07:36:10.963  2456  3738 I chatty  : uid=10011(u0_a11) com.google.android.gms expire 1 line
09-12 07:36:10.965  2456  3749 I chatty  : uid=10011(u0_a11) com.google.android.gms expire 2 lines
09-12 07:36:10.985  2456  3746 I chatty  : uid=10011(u0_a11) com.google.android.gms expire 1 line
09-12 07:36:11.011  2414  3751 I chatty  : uid=10011(u0_a11) com.google.android.gms.persistent expire 1 line
09-12 07:36:11.062  2414  2414 I chatty  : uid=10011(u0_a11) com.google.android.gms.persistent expire 18 lines
09-12 07:36:11.069  2456  3739 I chatty  : uid=10011(u0_a11) com.google.android.gms expire 6 lines
09-12 07:36:11.071  2456  3754 I chatty  : uid=10011(u0_a11) com.google.android.gms expire 2 lines
09-12 07:36:11.161  2456  2466 I chatty  : uid=10011(u0_a11) HeapTaskDaemon expire 2 lines
09-12 07:36:11.208  1472  2882 I ActivityManager: Start proc 3757:com.android.chrome/u0a44 for service com.android.chrome/org.chromium.chrome.browser.customtabs.CustomTabsConnectionService
09-12 07:36:11.220  3757  3757 W zygote  : Unexpected CPU variant for X86 using defaults: x86
09-12 07:36:11.284  1472  2002 I ActivityManager: Start proc 3771:com.google.android.onetimeinitializer/u0a13 for broadcast com.google.android.onetimeinitializer/.OneTimeInitializerReceiver
09-12 07:36:11.303  3771  3771 W zygote  : Unexpected CPU variant for X86 using defaults: x86
09-12 07:36:11.305  2414  3737 I chatty  : uid=10011(u0_a11) com.google.android.gms.persistent expire 2 lines
09-12 07:36:11.370  1330  3790 I chatty  : uid=1041(audioserver) AudioIn_8E expire 1 line
09-12 07:36:11.372  2434  2588 E ActivityThread: Failed to find provider info for com.google.android.apps.gsa.testing.ui.audio.recorded
09-12 07:36:11.414  2456  3776 I chatty  : uid=10011(u0_a11) com.google.android.gms expire 2 lines
09-12 07:36:11.573  2456  3780 I chatty  : uid=10011(u0_a11) com.google.android.gms expire 4 lines
09-12 07:36:11.686  3771  3771 V OneTimeInitializerReceiver: OneTimeInitializerReceiver.onReceive
09-12 07:36:11.796  3771  3797 V OneTimeInitializer: OneTimeInitializer.initialize
09-12 07:36:11.819  3771  3797 V OneTimeInitializer: Device Policy is not installed, doing nothing.
09-12 07:36:11.837  3802  3802 W zygote  : Unexpected CPU variant for X86 using defaults: x86
09-12 07:36:11.844  1472  2882 I ActivityManager: Start proc 3802:com.google.android.partnersetup/u0a16 for broadcast com.google.android.partnersetup/.GooglePartnerSetup
09-12 07:36:11.881  3819  3819 I chatty  : uid=10011(u0_a11) com.google.android.gms.ui expire 5 lines
09-12 07:36:11.881  1472  2840 I ActivityManager: Start proc 3819:com.google.android.gms.ui/u0a11 for service com.google.android.gms/.chimera.UiIntentOperationService
09-12 07:36:11.883  3802  3813 I zygote  : Background concurrent copying GC freed 5142(2MB) AllocSpace objects, 0(0B) LOS objects, 81% free, 337KB/1873KB, paused 10.419ms total 39.916ms
09-12 07:36:11.980  2414  2827 I chatty  : uid=10011(u0_a11) com.google.android.gms.persistent expire 1 line
09-12 07:36:12.083  2456  3847 I chatty  : uid=10011(u0_a11) com.google.android.gms expire 3 lines
09-12 07:36:12.131  2414  3846 I chatty  : uid=10011(u0_a11) com.google.android.gms.persistent expire 2 lines
09-12 07:36:12.353  2752  2752 I chatty  : uid=10011(u0_a11) com.google.android.gms.unstable expire 4 lines
09-12 07:36:12.405  2456  2461 I chatty  : uid=10011(u0_a11) Jit thread pool expire 2 lines
09-12 07:36:12.426  2456  3747 I chatty  : uid=10011(u0_a11) com.google.android.gms expire 1 line
09-12 07:36:12.578  2752  3816 I chatty  : uid=10011(u0_a11) com.google.android.gms.unstable expire 1 line
09-12 07:36:12.776  3757  3757 W DynamiteModule: Local module descriptor class for com.google.android.gms.googlecertificates not found.
09-12 07:36:12.913  3757  3757 W zygote  : Skipping duplicate class check due to unrecognized classloader
09-12 07:36:12.952  3757  3757 I DynamiteModule: Considering local module com.google.android.gms.googlecertificates:0 and remote module com.google.android.gms.googlecertificates:2
09-12 07:36:12.952  3757  3757 I DynamiteModule: Selected remote version of com.google.android.gms.googlecertificates, version >= 2
09-12 07:36:12.965  3757  3757 W zygote  : Skipping duplicate class check due to unrecognized classloader
09-12 07:36:13.387  2456  3858 I chatty  : uid=10011(u0_a11) com.google.android.gms expire 1 line
09-12 07:36:13.544  2456  3884 I chatty  : uid=10011(u0_a11) com.google.android.gms expire 4 lines
09-12 07:36:13.574  3757  3757 E FirebaseInstanceId: Failed to resolve target intent service, skipping classname enforcement
09-12 07:36:13.580  1472  2000 W ActivityManager: Unable to start service Intent { act=com.google.firebase.INSTANCE_ID_EVENT pkg=com.android.chrome (has extras) } U=0: not found
09-12 07:36:13.599  3757  3757 E FirebaseInstanceId: Error while delivering the message: ServiceIntent not found.
09-12 07:36:13.641  3886  3886 I /system/bin/uncrypt: [libfs_mgr]fs_mgr_read_fstab_dt(): failed to read fstab from dt
09-12 07:36:13.691  3757  3757 I FA      : App measurement is starting up, version: 10298
09-12 07:36:13.691  3757  3757 I FA      : To enable debug logging run: adb shell setprop log.tag.FA VERBOSE
09-12 07:36:13.740  3595  3888 W yws     : copyMemory is missing from platform - proto runtime falling back to safer methods.
09-12 07:36:13.755  3757  3757 I FA      : To enable faster debug mode event logging run:
09-12 07:36:13.755  3757  3757 I FA      :   adb shell setprop debug.firebase.analytics.app com.android.chrome
09-12 07:36:13.777  3757  3757 I FirebaseInitProvider: FirebaseApp initialization successful
09-12 07:36:13.851  3757  3893 E FA      : AppMeasurementReceiver not registered/enabled
09-12 07:36:13.852  3757  3893 E FA      : AppMeasurementService not registered/enabled
09-12 07:36:13.852  3757  3893 E FA      : Uploading is not possible. App measurement disabled
09-12 07:36:13.958  1472  2882 I ActivityManager: Killing 3017:com.google.process.gapps/u0a51 (adj 906): empty #17
09-12 07:36:13.991  1472  1481 I zygote  : Background concurrent copying GC freed 23191(1259KB) AllocSpace objects, 5(116KB) LOS objects, 42% free, 7MB/13MB, paused 790us total 100.557ms
09-12 07:36:14.073  1472  1533 I InputReader: Reconfiguring input devices.  changes=0x00000010
09-12 07:36:14.075  1472  1500 I ActivityManager: Killing 3375:com.google.android.apps.maps/u0a60 (adj 902): change com.google.android.apps.maps
09-12 07:36:14.094  1472  1483 W ActivityManager: Permission Denial: Accessing service ComponentInfo{com.google.android.music/com.google.android.music.dial.DialMediaRouteProviderService} from pid=3091, uid=10077 that is not exported from uid 10061
09-12 07:36:14.101  1472  1533 I InputReader: Reconfiguring input devices.  changes=0x00000010
09-12 07:36:14.131  1472  1485 W ResourceType: No known package when getting value for resource number 0x7f0200ea
09-12 07:36:14.131  1472  1485 W ResourceType: No known package when getting value for resource number 0x7f0c02b0
09-12 07:36:14.131  1472  1485 W ResourceType: No known package when getting value for resource number 0x7f0c02ad
09-12 07:36:14.131  1472  1485 W ResourceType: No known package when getting value for resource number 0x7f0200eb
09-12 07:36:14.132  1472  1485 W ResourceType: No known package when getting value for resource number 0x7f0c02b1
09-12 07:36:14.132  1472  1485 W ResourceType: No known package when getting value for resource number 0x7f0c02ae
09-12 07:36:14.132  1472  1485 W ResourceType: No known package when getting value for resource number 0x7f0200ec
09-12 07:36:14.132  1472  1485 W ResourceType: No known package when getting value for resource number 0x7f0c02b2
09-12 07:36:14.132  1472  1485 W ResourceType: No known package when getting value for resource number 0x7f0c02af
09-12 07:36:14.161  2414  2565 I chatty  : uid=10011(u0_a11) highpool[2] expire 3 lines
09-12 07:36:14.198  1472  1500 I ActivityManager: Killing 2490:com.android.vending/u0a26 (adj 500): change com.android.vending
09-12 07:36:14.205  1472  1500 W ActivityManager: Scheduling restart of crashed service com.android.vending/com.google.android.finsky.setup.RestoreServiceV2 in 137002ms
09-12 07:36:14.221  1472  1487 W Looper  : Dispatch took 137ms on android.ui, h=Handler (com.android.server.am.ActivityManagerService$UiHandler) {7f9b941} cb=null msg=53
09-12 07:36:14.235  1472  1533 I InputReader: Reconfiguring input devices.  changes=0x00000010
09-12 07:36:14.244  1472  1500 I ActivityManager: Killing 3091:com.google.android.youtube/u0a77 (adj 904): change com.google.android.youtube
09-12 07:36:14.263  1472  1533 I InputReader: Reconfiguring input devices.  changes=0x00000010
09-12 07:36:14.331  2456  3876 I chatty  : uid=10011(u0_a11) com.google.android.gms expire 5 lines
09-12 07:36:14.344  1472  1472 I Telecom : DefaultDialerCache: Refreshing default dialer for user 0: now com.google.android.dialer: DDC.oR@AE8
09-12 07:36:14.456  1656  1656 D CarrierSvcBindHelper: No carrier app for: 0
09-12 07:36:14.456  1656  1656 D ImsResolver: maybeAddedImsService, packageName: com.google.android.videos
09-12 07:36:14.475  1472  1472 I Telecom : DefaultDialerCache: Refreshing default dialer for user 0: now com.google.android.dialer: DDC.oR@AFA
09-12 07:36:14.505  1472  1472 I Telecom : DefaultDialerCache: Refreshing default dialer for user 0: now com.google.android.dialer: DDC.oR@AFE
09-12 07:36:14.531  1472  1472 I Telecom : DefaultDialerCache: Refreshing default dialer for user 0: now com.google.android.dialer: DDC.oR@AFI
09-12 07:36:14.559  2414  2564 I chatty  : uid=10011(u0_a11) lowpool[3] expire 5 lines
09-12 07:36:14.571  1472  1485 W ResourceType: No known package when getting value for resource number 0x7f02034e
09-12 07:36:14.571  1472  1485 W ResourceType: No known package when getting value for resource number 0x7f1104dc
09-12 07:36:14.571  1472  1485 W ResourceType: No known package when getting value for resource number 0x7f0203e7
09-12 07:36:14.571  1472  1485 W ResourceType: No known package when getting value for resource number 0x7f110d3d
09-12 07:36:14.599  3886  3886 I /system/bin/uncrypt: [libfs_mgr]fs_mgr_read_fstab_dt(): failed to read fstab from dt
09-12 07:36:14.599  3886  3886 E /system/bin/uncrypt: failed to clear bootloader message: failed to find /misc partition
09-12 07:36:14.602  1472  2840 E RecoverySystemService: uncrypt failed with status: -1
09-12 07:36:14.604  3886  3886 I /system/bin/uncrypt:   received 0, exiting now
09-12 07:36:14.653  1656  1656 D CarrierSvcBindHelper: No carrier app for: 0
09-12 07:36:14.690  1472  3905 I ActivityManager: Start proc 3911:com.google.process.gapps/u0a51 for broadcast com.google.android.syncadapters.contacts/.ContactsSyncAdapterBroadcastReceiver
09-12 07:36:14.691  3911  3911 W zygote  : Unexpected CPU variant for X86 using defaults: x86
09-12 07:36:14.765  1472  1485 W ResourceType: No known package when getting value for resource number 0x7f0200e8
09-12 07:36:14.768  1472  1485 W ResourceType: No known package when getting value for resource number 0x7f130334
09-12 07:36:14.893  1656  1656 D CarrierSvcBindHelper: No carrier app for: 0
09-12 07:36:14.929  1472  1485 W ResourceType: No known package when getting value for resource number 0x7f0202ee
09-12 07:36:14.929  1472  1485 W ResourceType: No known package when getting value for resource number 0x7f1204e5
09-12 07:36:14.929  1472  1485 W ResourceType: No known package when getting value for resource number 0x7f0202ef
09-12 07:36:14.930  1472  1485 W ResourceType: No known package when getting value for resource number 0x7f120532
09-12 07:36:14.930  1472  1485 W ResourceType: No known package when getting value for resource number 0x7f0202f0
09-12 07:36:14.930  1472  1485 W ResourceType: No known package when getting value for resource number 0x7f12054e
09-12 07:36:14.931  1472  3905 I ActivityManager: Killing 3126:com.google.android.gms:car/u0a11 (adj 906): empty #17
09-12 07:36:14.973  3911  3911 I GoogleHttpClient: GMS http client unavailable, use old client
09-12 07:36:15.110  1472  3907 I ActivityManager: Start proc 3928:com.google.android.talk/u0a56 for broadcast com.google.android.talk/com.google.android.apps.hangouts.service.broadcastreceiver.BootReceiver
09-12 07:36:15.150  3928  3928 W zygote  : Unexpected CPU variant for X86 using defaults: x86
09-12 07:36:15.183  1656  1656 D CarrierSvcBindHelper: No carrier app for: 0
09-12 07:36:15.195  1656  1656 D ImsResolver: maybeAddedImsService, packageName: com.google.android.apps.maps
09-12 07:36:15.198  1656  1656 D ImsResolver: maybeAddedImsService, packageName: com.android.vending
09-12 07:36:15.202  1656  1656 D ImsResolver: maybeAddedImsService, packageName: com.google.android.youtube
09-12 07:36:15.231  1472  2882 W ActivityManager: Slow operation: 53ms so far, now at attachApplicationLocked: after sendPendingBroadcastsLocked
09-12 07:36:15.236  3911  3933 I GoogleHttpClient: GMS http client unavailable, use old client
09-12 07:36:15.291  1472  2002 I ActivityManager: Killing 3185:com.android.camera2/u0a41 (adj 906): empty #17
09-12 07:36:15.407  2243  2243 I zygote  : IncrementDisableThreadFlip blocked for 9.839ms
09-12 07:36:15.462  3710  3723 I zygote  : Waiting for a blocking GC ProfileSaver
09-12 07:36:15.465  2243  2253 I zygote  : NativeAllocBackground concurrent copying GC freed 7541(588KB) AllocSpace objects, 16(1024KB) LOS objects, 49% free, 2MB/5MB, paused 14.017ms total 79.555ms
09-12 07:36:15.478  3710  3723 I zygote  : WaitForGcToComplete blocked for 16.182ms for cause ProfileSaver
09-12 07:36:15.508  1472  1939 I ActivityManager: Killing 3221:com.android.contacts/u0a12 (adj 906): empty #17
09-12 07:36:15.547  2414  3882 I chatty  : uid=10011(u0_a11) lowpool[6] expire 7 lines
09-12 07:36:15.695  2414  2885 I chatty  : uid=10011(u0_a11) com.google.android.gms.persistent expire 49 lines
09-12 07:36:16.529  1330  3956 I chatty  : uid=1041(audioserver) AudioIn_96 expire 1 line
09-12 07:36:16.534  2434  2588 I chatty  : uid=10030(u0_a30) com.google.android.googlequicksearchbox:search expire 24 lines
09-12 07:36:16.534  2434  2588 E ActivityThread: Failed to find provider info for com.google.android.apps.gsa.testing.ui.audio.recorded
09-12 07:36:16.543  2434  2434 I chatty  : uid=10030(u0_a30) com.google.android.googlequicksearchbox:search expire 14 lines
09-12 07:36:17.601  1267  1267 W /system/bin/hwservicemanager: getTransportFromManifest: Cannot find entry android.hardware.drm@1.0::IDrmFactory in either framework or device manifest, using default transport.
09-12 07:36:17.602  1335  1396 E DrmHal  : Failed to find any drm factories
09-12 07:36:17.603  2752  3958 I chatty  : uid=10011(u0_a11) highpool[3] expire 2 lines
09-12 07:36:18.027  2414  2841 I chatty  : uid=10011(u0_a11) Binder:2414_5 expire 11 lines
09-12 07:36:18.047  1267  1267 W /system/bin/hwservicemanager: getTransportFromManifest: Cannot find entry android.hardware.drm@1.0::IDrmFactory in either framework or device manifest, using default transport.
09-12 07:36:18.049  1335  1335 E DrmHal  : Failed to find any drm factories
09-12 07:36:19.277  3928  3928 D Babel_RtcImpressions: Type: 3652
09-12 07:36:19.281  3928  3928 D Babel_Unmerge: merged not enabled.
09-12 07:36:19.281  3928  3928 I Babel_telephony: TeleModule.onApplicationCreate
09-12 07:36:19.283  3928  3974 I Babel_SMS: MmsConfig: mnc/mcc: 310/260
09-12 07:36:19.283  3928  3974 I Babel_SMS: MmsConfig.loadMmsSettings
09-12 07:36:19.286  3928  3974 I Babel_SMS: MmsConfig.loadDeviceMmsSettings from API: userAgent=, uaProfUrl=
09-12 07:36:19.286  3928  3974 I Babel_SMS: MmsConfig.loadFromDatabase
09-12 07:36:19.307  3928  3928 I Babel_App: Startup - clean
09-12 07:36:19.377  2456  3976 I chatty  : uid=10011(u0_a11) com.google.android.gms expire 1 line
09-12 07:36:20.383  1472  1533 I InputReader: Reconfiguring input devices.  changes=0x00000010
09-12 07:36:20.392  1472  1533 I InputReader: Reconfiguring input devices.  changes=0x00000010
