09-12 07:36:52.793  1472  1481 I zygote  : Background concurrent copying GC freed 17615(1162KB) AllocSpace objects, 2(40KB) LOS objects, 42% free, 7MB/13MB, paused 640us total 230.266ms
09-12 07:36:52.863  2414  4214 I chatty  : uid=10011(u0_a11) com.google.android.gms.persistent expire 2 lines
09-12 07:36:52.982  1472  1533 I InputReader: Reconfiguring input devices.  changes=0x00000010
09-12 07:36:53.020  1472  1472 I Telecom : DefaultDialerCache: Refreshing default dialer for user 0: now com.google.android.dialer: DDC.oR@AHE
09-12 07:36:53.045  2414  4222 I chatty  : uid=10011(u0_a11) com.google.android.gms.persistent expire 2 lines
09-12 07:36:53.059  1656  1656 D CarrierSvcBindHelper: No carrier app for: 0
09-12 07:36:53.059  1656  1656 D ImsResolver: maybeAddedImsService, packageName: com.google.android.gms
09-12 07:36:53.063  2414  2414 I chatty  : uid=10011(u0_a11) com.google.android.gms.persistent expire 1 line
09-12 07:36:53.070  2414  4222 I chatty  : uid=10011(u0_a11) com.google.android.gms.persistent expire 3 lines
09-12 07:36:53.130  1472  1485 W Binder  : Outgoing transactions from this process must be FLAG_ONEWAY
09-12 07:36:53.130  1472  1485 W Binder  : java.lang.Throwable
09-12 07:36:53.130  1472  1485 W Binder  : 	at android.os.BinderProxy.transact(Binder.java:736)
09-12 07:36:53.130  1472  1485 W Binder  : 	at com.android.internal.location.ILocationProvider$Stub$Proxy.getProperties(ILocationProvider.java:232)
09-12 07:36:53.130  1472  1485 W Binder  : 	at com.android.server.location.LocationProviderProxy$1.run(LocationProviderProxy.java:119)
09-12 07:36:53.130  1472  1485 W Binder  : 	at android.os.Handler.handleCallback(Handler.java:789)
09-12 07:36:53.130  1472  1485 W Binder  : 	at android.os.Handler.dispatchMessage(Handler.java:98)
09-12 07:36:53.130  1472  1485 W Binder  : 	at android.os.Looper.loop(Looper.java:164)
09-12 07:36:53.130  1472  1485 W Binder  : 	at android.os.HandlerThread.run(HandlerThread.java:65)
09-12 07:36:53.138  1472  1485 W Binder  : Outgoing transactions from this process must be FLAG_ONEWAY
09-12 07:36:53.138  1472  1485 W Binder  : java.lang.Throwable
09-12 07:36:53.138  1472  1485 W Binder  : 	at android.os.BinderProxy.transact(Binder.java:736)
09-12 07:36:53.138  1472  1485 W Binder  : 	at com.android.internal.location.ILocationProvider$Stub$Proxy.getProperties(ILocationProvider.java:232)
09-12 07:36:53.138  1472  1485 W Binder  : 	at com.android.server.location.LocationProviderProxy$1.run(LocationProviderProxy.java:119)
09-12 07:36:53.138  1472  1485 W Binder  : 	at android.os.Handler.handleCallback(Handler.java:789)
09-12 07:36:53.138  1472  1485 W Binder  : 	at android.os.Handler.dispatchMessage(Handler.java:98)
09-12 07:36:53.138  1472  1485 W Binder  : 	at android.os.Looper.loop(Looper.java:164)
09-12 07:36:53.138  1472  1485 W Binder  : 	at android.os.HandlerThread.run(HandlerThread.java:65)
09-12 07:36:53.200  2434  2666 I chatty  : uid=10030(u0_a30) NonUserFacing7 expire 11 lines
09-12 07:36:53.202  2414  4214 I chatty  : uid=10011(u0_a11) com.google.android.gms.persistent expire 1 line
09-12 07:36:53.252  2434  2588 E ActivityThread: Failed to find provider info for com.google.android.apps.gsa.testing.ui.audio.recorded
09-12 07:36:53.267  1330  4276 I chatty  : uid=1041(audioserver) AudioIn_CE expire 1 line
09-12 07:36:53.297  2434  2571 I chatty  : uid=10030(u0_a30) NonUserFacing2 expire 2 lines
09-12 07:36:53.337  2414  4220 I chatty  : uid=10011(u0_a11) com.google.android.gms.persistent expire 1 line
09-12 07:36:53.464  2414  4222 I chatty  : uid=10011(u0_a11) com.google.android.gms.persistent expire 10 lines
09-12 07:36:53.754  4234  4253 V NativeCrypto: Registering com/google/android/gms/org/conscrypt/NativeCrypto's 258 native methods...
09-12 07:36:53.775  4234  4253 D NetworkSecurityConfig: No Network Security Config specified, using platform default
09-12 07:36:53.777  4234  4253 I ProviderInstaller: Installed default security provider GmsCore_OpenSSL
09-12 07:36:53.927  2414  4214 I chatty  : uid=10011(u0_a11) com.google.android.gms.persistent expire 1 line
09-12 07:36:53.941  1472  2000 I ActivityManager: Start proc 4287:com.google.android.apps.messaging/u0a64 for broadcast com.google.android.apps.messaging/.wearable.WearableReceiver
09-12 07:36:53.944  4287  4287 W zygote  : Unexpected CPU variant for X86 using defaults: x86
09-12 07:36:53.991  1472  1485 E memtrack: Couldn't load memtrack module
09-12 07:36:53.991  1472  1485 W android.os.Debug: failed to get memory consumption info: -1
09-12 07:36:54.028  4301  4301 W zygote  : Unexpected CPU variant for X86 using defaults: x86
09-12 07:36:54.030  1472  3907 I ActivityManager: Start proc 4301:com.google.android.youtube/u0a77 for service com.google.android.youtube/com.google.android.libraries.youtube.common.gcore.gcoreclient.gcm.impl.GcmTaskServiceDelegator
09-12 07:36:54.040  4287  4287 I MultiDex: VM with version 2.1.0 has multidex support
09-12 07:36:54.040  4287  4287 I MultiDex: install
09-12 07:36:54.040  4287  4287 I MultiDex: VM has multidex support, MultiDex support library is disabled.
09-12 07:36:54.044  2456  4286 I chatty  : uid=10011(u0_a11) com.google.android.gms expire 4 lines
09-12 07:36:54.050  4287  4287 D FirebaseApp: com.google.firebase.auth.FirebaseAuth is not linked. Skipping initialization.
09-12 07:36:54.051  4287  4287 D FirebaseApp: com.google.firebase.iid.FirebaseInstanceId is not linked. Skipping initialization.
09-12 07:36:54.051  4287  4287 D FirebaseApp: com.google.firebase.crash.FirebaseCrash is not linked. Skipping initialization.
09-12 07:36:54.051  4287  4287 D FirebaseApp: com.google.android.gms.measurement.AppMeasurement is not linked. Skipping initialization.
09-12 07:36:54.051  4287  4287 I FirebaseInitProvider: FirebaseApp initialization successful
09-12 07:36:54.141  4287  4287 I BugleBackup: Registering preference change listener for "bugle".
09-12 07:36:54.187  4287  4317 I Bugle   : GServicesValues:
09-12 07:36:54.187  4287  4317 I Bugle   : bugle_enable_primes_crash_metrics: true
09-12 07:36:54.187  4287  4317 I Bugle   : bugle_max_telemetry_upload_retries: 10
09-12 07:36:54.187  4287  4317 I Bugle   : bugle_sticker_set_list_version: 3
09-12 07:36:54.237  2414  4222 I chatty  : uid=10011(u0_a11) com.google.android.gms.persistent expire 2 lines
09-12 07:36:54.290  2414  2569 I chatty  : uid=10011(u0_a11) highpool[3] expire 1 line
09-12 07:36:54.345  4287  4320 I BugleDataModel: Fixup: Send failed - 0 Download failed - 0
09-12 07:36:54.371  2414  4222 I chatty  : uid=10011(u0_a11) com.google.android.gms.persistent expire 4 lines
09-12 07:36:54.388  4287  4320 W BugleDataModel: tried to cancel job 100 that can't be found. already finished?
09-12 07:36:54.401  4287  4287 I Bugle   : ApnsOta: OTA version -1
09-12 07:36:54.403  4287  4287 I CarrierServices: [2] a.a: Initializing Carrier Services Library.
09-12 07:36:54.403  4287  4287 W CarrierServices: Trying to log through cs.apk when it has not been initialized yet
09-12 07:36:54.428  4287  4287 I BugleRcs: updating RCS availability
09-12 07:36:54.473  4328  4328 W zygote  : Unexpected CPU variant for X86 using defaults: x86
09-12 07:36:54.495  2414  3206 I chatty  : uid=10011(u0_a11) com.google.android.gms.persistent expire 2 lines
09-12 07:36:54.506  1472  3907 W ActivityManager: Slow operation: 76ms so far, now at startProcess: building log message
09-12 07:36:54.506  1472  3907 I ActivityManager: Start proc 4328:com.google.android.apps.messaging:rcs/u0a64 for service com.google.android.apps.messaging/com.google.android.rcs.service.service.JibeService
09-12 07:36:54.506  1472  3907 W ActivityManager: Slow operation: 76ms so far, now at startProcess: starting to update pids map
09-12 07:36:54.507  1472  3907 W ActivityManager: Slow operation: 76ms so far, now at startProcess: done updating pids map
09-12 07:36:54.507  1472  3907 W ActivityManager: Slow operation: 76ms so far, now at startProcess: done starting proc!
09-12 07:36:54.526  4287  4320 I BugleDataModel: ProcessPendingMessagesAction: process from cy due to scheduled processing with 0 earliest sending messages, and 0 earliest downloading messages
09-12 07:36:54.527  4287  4320 W BugleDataModel: Used 181ms for cy#executeAction
09-12 07:36:54.541  4287  4320 V Bugle   : Executing sticker action: com.google.android.apps.messaging.shared.datamodel.d.c
09-12 07:36:54.544  4287  4320 V Bugle   : Executing sticker action: com.google.android.apps.messaging.shared.datamodel.d.ah
09-12 07:36:54.595  4328  4328 I MultiDex: VM with version 2.1.0 has multidex support
09-12 07:36:54.595  4328  4328 I MultiDex: install
09-12 07:36:54.595  4328  4328 I MultiDex: VM has multidex support, MultiDex support library is disabled.
09-12 07:36:54.600  4328  4328 D RcsService: onCreate: starting service
09-12 07:36:54.608  4328  4328 I CarrierServices: [2] a.a: Initializing Carrier Services Library.
09-12 07:36:54.614  4328  4328 W CarrierServices: Trying to log through cs.apk when it has not been initialized yet
09-12 07:36:54.621  2414  2553 I chatty  : uid=10011(u0_a11) com.google.android.gms.persistent expire 1 line
09-12 07:36:54.662  2414  4222 I chatty  : uid=10011(u0_a11) com.google.android.gms.persistent expire 1 line
09-12 07:36:54.667  4328  4346 I Bugle   : GServicesValues:
09-12 07:36:54.667  4328  4346 I Bugle   : bugle_enable_primes_crash_metrics: true
09-12 07:36:54.667  4328  4346 I Bugle   : bugle_max_telemetry_upload_retries: 10
09-12 07:36:54.667  4328  4346 I Bugle   : bugle_sticker_set_list_version: 3
09-12 07:36:54.689  4287  4287 V BugleThrottledAction: CountryCodeDetectorAction scheduled to run now.
09-12 07:36:54.690  4287  4287 D BugleThrottledAction: CountryCodeDetectorAction already scheduled in 0ms, not scheduling it again.
09-12 07:36:54.691  4287  4287 V BugleThrottledAction: SelfParticipantsRefreshAction scheduled to run now.
09-12 07:36:54.691  4287  4287 I Bugle   : Carrier config changed. Reloading MMS config.
09-12 07:36:54.704  4328  4328 I CarrierServices: [2] a.b: Initializing Carrier Services Logging.
09-12 07:36:54.782  4328  4328 I com.google.android.ims.util.aa: LogSaver new instance with filename: carrier_services
09-12 07:36:54.816  4287  4345 D Primes  : Package metric disabled.
09-12 07:36:54.816  4287  4345 D Primes  : Battery metric disabled
09-12 07:36:54.816  4287  4345 D Primes  : MagicEye logging metric disabled
09-12 07:36:54.817  4287  4345 D CrashMetricService: onPrimesInitialize
09-12 07:36:54.840  2414  3882 I chatty  : uid=10011(u0_a11) lowpool[6] expire 1 line
09-12 07:36:54.846  4287  4341 I BugleBackup: Registering preference change listener for "buglesub_1".
09-12 07:36:54.855  2414  4214 I chatty  : uid=10011(u0_a11) com.google.android.gms.persistent expire 2 lines
09-12 07:36:54.902  4287  4342 W Bugle   : canonicalizeMccMnc: invalid mccmnc:null ,null
09-12 07:36:54.916  2414  4222 I chatty  : uid=10011(u0_a11) com.google.android.gms.persistent expire 1 line
09-12 07:36:54.945  2414  3206 I chatty  : uid=10011(u0_a11) com.google.android.gms.persistent expire 1 line
09-12 07:36:54.955  4328  4328 I CarrierServices: [2] i.a: Checking if using CarrierServices.apk is possible. Enabled: true, isAtLeastM: true
09-12 07:36:54.986  4328  4328 W CarrierServices: [2] i.d: Carrier Services Apk was not found.
09-12 07:36:54.986  4328  4328 W CarrierServices: [2] i.a: CarrierServices.apk was not found, not pre-loaded or is disabled.
09-12 07:36:54.987  4328  4328 I CarrierServices: [2] g.d: Using AndroidNetworkFactory
09-12 07:36:54.991  4328  4328 I CarrierServices: [2] i.a: Checking if using CarrierServices.apk is possible. Enabled: true, isAtLeastM: true
09-12 07:36:54.994  4328  4328 W CarrierServices: [2] i.d: Carrier Services Apk was not found.
09-12 07:36:54.994  4328  4328 W CarrierServices: [2] i.a: CarrierServices.apk was not found, not pre-loaded or is disabled.
09-12 07:36:55.004  2414  2424 I chatty  : uid=10011(u0_a11) HeapTaskDaemon expire 1 line
09-12 07:36:55.026  4287  4287 I BugleRcs: RcsAvailability updated: RCS is disabled for this carrier by Google
09-12 07:36:55.026  4287  4287 I BugleRcs: Broadcast disable RCS for availability (2)
09-12 07:36:55.046  2456  4286 I chatty  : uid=10011(u0_a11) com.google.android.gms expire 2 lines
09-12 07:36:55.056  2414  4222 I chatty  : uid=10011(u0_a11) com.google.android.gms.persistent expire 8 lines
09-12 07:36:55.059  1472  2840 D MmsServiceBroker: getCarrierConfigValues() by com.google.android.apps.messaging
09-12 07:36:55.059  1656  1899 D MmsService: getCarrierConfigValues
09-12 07:36:55.059  1656  1899 I MmsService: mms config for sub 1: Bundle[{httpSocketTimeout=60000, aliasMinChars=2, smsToMmsTextThreshold=-1, enableSMSDeliveryReports=true, maxMessageTextSize=-1, supportMmsContentDisposition=true, enabledTransID=false, aliasEnabled=false, supportHttpCharsetHeader=false, allowAttachAudio=true, smsToMmsTextLengthThreshold=-1, recipientLimit=2147483647, uaProfTagName=x-wap-profile, aliasMaxChars=48, maxImageHeight=1944, enableMMSDeliveryReports=false, userAgent=, mmsCloseConnection=false, config_cellBroadcastAppLinks=true, maxSubjectLength=40, httpParams=, enableGroupMms=true, emailGatewayNumber=, maxMessageSize=1048576, naiSuffix=, enableMMSReadReports=false, maxImageWidth=2592, uaProfUrl=, enabledMMS=true, enabledNotifyWapMMSC=false, sendMultipartSmsAsSeparateMessages=false, enableMultipartSMS=true}]
09-12 07:36:55.060  4328  4328 V RcsProvisioning: No legacy config file found, migration not necessary
09-12 07:36:55.061  4287  4342 I Bugle   : Carrier configs loaded: Bundle[{httpSocketTimeout=60000, aliasMinChars=2, smsToMmsTextThreshold=-1, enableSMSDeliveryReports=true, maxMessageTextSize=-1, supportMmsContentDisposition=true, enabledTransID=false, aliasEnabled=false, supportHttpCharsetHeader=false, allowAttachAudio=true, spamForwardingNumber=7726, smsToMmsTextLengthThreshold=-1, recipientLimit=2147483647, uaProfTagName=x-wap-profile, aliasMaxChars=48, maxImageHeight=1944, enableMMSDeliveryReports=false, userAgent=, mmsCloseConnection=false, config_cellBroadcastAppLinks=true, maxSubjectLength=40, httpParams=, enableGroupMms=true, allowEnablingWapPushSI=false, emailGatewayNumber=, maxMessageSize=1048576, naiSuffix=, enableMMSReadReports=false, maxImageWidth=2592, uaProfUrl=, enabledMMS=true, enabledNotifyWapMMSC=false, enableWapPushSI=true, sendMultipartSmsAsSeparateMessages=false, enableMultipartSMS=true}] from resources+system for subId=1
09-12 07:36:55.062  4287  4342 V BugleThrottledAction: UpdateUnreadCounterAction scheduled to run now.
09-12 07:36:55.062  4287  4342 D BugleThrottledAction: UpdateUnreadCounterAction already scheduled in 0ms, not scheduling it again.
09-12 07:36:55.068  4328  4328 W RcsProvisioning: Failed to read configuration: /data/user/0/com.google.android.apps.messaging/files/rcsconfig (No such file or directory)
09-12 07:36:55.068  4328  4328 D RcsProvisioning: Retrieving backup token
09-12 07:36:55.092  2456  4286 E ActivityThread: Failed to find provider info for com.google.android.wearable.settings
09-12 07:36:55.130  4287  4317 W Bugle   : canonicalizeMccMnc: invalid mccmnc:null ,null
09-12 07:36:55.168  1472  1482 D MmsServiceBroker: getCarrierConfigValues() by com.google.android.apps.messaging
09-12 07:36:55.169  1656  1896 D MmsService: getCarrierConfigValues
09-12 07:36:55.169  1656  1896 I MmsService: mms config for sub 1: Bundle[{httpSocketTimeout=60000, aliasMinChars=2, smsToMmsTextThreshold=-1, enableSMSDeliveryReports=true, maxMessageTextSize=-1, supportMmsContentDisposition=true, enabledTransID=false, aliasEnabled=false, supportHttpCharsetHeader=false, allowAttachAudio=true, smsToMmsTextLengthThreshold=-1, recipientLimit=2147483647, uaProfTagName=x-wap-profile, aliasMaxChars=48, maxImageHeight=1944, enableMMSDeliveryReports=false, userAgent=, mmsCloseConnection=false, config_cellBroadcastAppLinks=true, maxSubjectLength=40, httpParams=, enableGroupMms=true, emailGatewayNumber=, maxMessageSize=1048576, naiSuffix=, enableMMSReadReports=false, maxImageWidth=2592, uaProfUrl=, enabledMMS=true, enabledNotifyWapMMSC=false, sendMultipartSmsAsSeparateMessages=false, enableMultipartSMS=true}]
09-12 07:36:55.170  4287  4317 I Bugle   : Carrier configs loaded: Bundle[{httpSocketTimeout=60000, aliasMinChars=2, smsToMmsTextThreshold=-1, enableSMSDeliveryReports=true, maxMessageTextSize=-1, supportMmsContentDisposition=true, enabledTransID=false, aliasEnabled=false, supportHttpCharsetHeader=false, allowAttachAudio=true, spamForwardingNumber=7726, smsToMmsTextLengthThreshold=-1, recipientLimit=2147483647, uaProfTagName=x-wap-profile, aliasMaxChars=48, maxImageHeight=1944, enableMMSDeliveryReports=false, userAgent=, mmsCloseConnection=false, config_cellBroadcastAppLinks=true, maxSubjectLength=40, httpParams=, enableGroupMms=true, allowEnablingWapPushSI=false, emailGatewayNumber=, maxMessageSize=1048576, naiSuffix=, enableMMSReadReports=false, maxImageWidth=2592, uaProfUrl=, enabledMMS=true, enabledNotifyWapMMSC=false, enableWapPushSI=true, sendMultipartSmsAsSeparateMessages=false, enableMultipartSMS=true}] from resources+system for subId=1
09-12 07:36:55.197  4328  4328 D RcsProvisioning: No backup token found
09-12 07:36:55.200  4187  4200 I zygote  : Waiting for a blocking GC ProfileSaver
09-12 07:36:55.200  4328  4328 D RcsService: RcsEngine: Constructor
09-12 07:36:55.236  4328  4328 W RcsProvisioning: No config URL. RCS will be disabled!
09-12 07:36:55.250  4328  4328 D RcsService: Never provisioned and provisioning is not allowed, skipped config update request
09-12 07:36:55.321  4287  4341 W Bugle   : canonicalizeMccMnc: invalid mccmnc:null ,null
09-12 07:36:55.342  4328  4328 V RcsService: Device info: Google Android SDK built for x86 generic_x86  //  google sdk_gphone_x86
09-12 07:36:55.342  4328  4328 V RcsService: Running Android 8.0.0, API level 26, REL 4205617
09-12 07:36:55.342  4328  4328 D RcsService: onBind in state STARTED, intent action = com.google.android.ims.rcsservice.signup.ISignup
09-12 07:36:55.344  4328  4328 D RcsService: onBind in state STARTED, intent action = com.google.android.ims.rcsservice.ims.IImsConnectionTracker
09-12 07:36:55.346  4328  4328 D RcsService: Received broadcast of intent rcs.intent.action.disableRcs
09-12 07:36:55.346  4328  4328 D RcsService: Disabling RCS connectivity setting
09-12 07:36:55.379  4328  4328 D RcsService: Never provisioned and provisioning is not allowed, skipped config update request
09-12 07:36:55.420  1472  1618 D MmsServiceBroker: getCarrierConfigValues() by com.google.android.apps.messaging
09-12 07:36:55.421  1656  1667 D MmsService: getCarrierConfigValues
09-12 07:36:55.421  1656  1667 I MmsService: mms config for sub 1: Bundle[{httpSocketTimeout=60000, aliasMinChars=2, smsToMmsTextThreshold=-1, enableSMSDeliveryReports=true, maxMessageTextSize=-1, supportMmsContentDisposition=true, enabledTransID=false, aliasEnabled=false, supportHttpCharsetHeader=false, allowAttachAudio=true, smsToMmsTextLengthThreshold=-1, recipientLimit=2147483647, uaProfTagName=x-wap-profile, aliasMaxChars=48, maxImageHeight=1944, enableMMSDeliveryReports=false, userAgent=, mmsCloseConnection=false, config_cellBroadcastAppLinks=true, maxSubjectLength=40, httpParams=, enableGroupMms=true, emailGatewayNumber=, maxMessageSize=1048576, naiSuffix=, enableMMSReadReports=false, maxImageWidth=2592, uaProfUrl=, enabledMMS=true, enabledNotifyWapMMSC=false, sendMultipartSmsAsSeparateMessages=false, enableMultipartSMS=true}]
09-12 07:36:55.424  4287  4341 I Bugle   : Carrier configs loaded: Bundle[{httpSocketTimeout=60000, aliasMinChars=2, smsToMmsTextThreshold=-1, enableSMSDeliveryReports=true, maxMessageTextSize=-1, supportMmsContentDisposition=true, enabledTransID=false, aliasEnabled=false, supportHttpCharsetHeader=false, allowAttachAudio=true, spamForwardingNumber=7726, smsToMmsTextLengthThreshold=-1, recipientLimit=2147483647, uaProfTagName=x-wap-profile, aliasMaxChars=48, maxImageHeight=1944, enableMMSDeliveryReports=false, userAgent=, mmsCloseConnection=false, config_cellBroadcastAppLinks=true, maxSubjectLength=40, httpParams=, enableGroupMms=true, allowEnablingWapPushSI=false, emailGatewayNumber=, maxMessageSize=1048576, naiSuffix=, enableMMSReadReports=false, maxImageWidth=2592, uaProfUrl=, enabledMMS=true, enabledNotifyWapMMSC=false, enableWapPushSI=true, sendMultipartSmsAsSeparateMessages=false, enableMultipartSMS=true}] from resources+system for subId=1
09-12 07:36:55.442  4287  4320 W BugleDataModel: Used 410ms for bt#executeAction
09-12 07:36:55.444  4287  4321 I ShortcutBadger: Checking if platform supports badge counters, attempt 1/3.
09-12 07:36:55.455  4287  4321 I ShortcutBadger: Checking if platform supports badge counters, attempt 2/3.
09-12 07:36:55.473  4287  4321 I ShortcutBadger: Checking if platform supports badge counters, attempt 3/3.
09-12 07:36:55.479  4287  4321 W ShortcutBadger: Badge counter seems not supported in this platform: unable to resolve intent: Intent { act=android.intent.action.BADGE_COUNT_UPDATE (has extras) }
09-12 07:36:55.530  2414  4229 I chatty  : uid=10011(u0_a11) lowpool[10] expire 1 line
09-12 07:36:55.648  2414  4222 I GCoreUlr: WorldUpdater received intent Intent { act=com.google.android.location.reporting.ACTION_UPDATE_WORLD cmp=com.google.android.gms/com.google.android.location.reporting.service.DispatchingService (has extras) } with receiverAction com.google.android.gms.phenotype.UPDATE
09-12 07:36:55.796  2414  4222 I GCoreUlr: WorldUpdater:com.google.android.gms.phenotype.UPDATE: Ensuring that reporting is stopped because of reasons: (no Google accounts)
09-12 07:36:55.861  2414  4222 I GCoreUlr: Unbound from all location providers
09-12 07:36:55.861  2414  4222 I GCoreUlr: Place inference reporting - stop
09-12 07:36:55.943  2414  4222 I GCoreUlr: WorldUpdater received intent Intent { act=com.google.android.location.reporting.ACTION_UPDATE_WORLD cmp=com.google.android.gms/com.google.android.location.reporting.service.DispatchingService (has extras) } with receiverAction com.google.android.gms.phenotype.UPDATE
09-12 07:36:56.066  1267  1267 W /system/bin/hwservicemanager: getTransportFromManifest: Cannot find entry android.hardware.drm@1.0::IDrmFactory in either framework or device manifest, using default transport.
09-12 07:36:56.067  1335  1973 E DrmHal  : Failed to find any drm factories
09-12 07:36:56.068  2752  3958 W DG.WV   : Widevine DRM not supported on this device
09-12 07:36:56.068  2752  3958 W DG.WV   : android.media.UnsupportedSchemeException: Failed to instantiate drm object.
09-12 07:36:56.068  2752  3958 W DG.WV   : 	at android.media.MediaDrm.native_setup(Native Method)
09-12 07:36:56.068  2752  3958 W DG.WV   : 	at android.media.MediaDrm.<init>(MediaDrm.java:216)
09-12 07:36:56.068  2752  3958 W DG.WV   : 	at orr.a(:com.google.android.gms:122)
09-12 07:36:56.068  2752  3958 W DG.WV   : 	at oom.run(:com.google.android.gms:3095)
09-12 07:36:56.068  2752  3958 W DG.WV   : 	at lra.run(:com.google.android.gms:451)
09-12 07:36:56.068  2752  3958 W DG.WV   : 	at java.util.concurrent.ThreadPoolExecutor.runWorker(ThreadPoolExecutor.java:1162)
09-12 07:36:56.068  2752  3958 W DG.WV   : 	at java.util.concurrent.ThreadPoolExecutor$Worker.run(ThreadPoolExecutor.java:636)
09-12 07:36:56.068  2752  3958 W DG.WV   : 	at lvx.run(:com.google.android.gms:17)
09-12 07:36:56.068  2752  3958 W DG.WV   : 	at java.lang.Thread.run(Thread.java:764)
09-12 07:36:56.090  2414  4222 I GCoreUlr: WorldUpdater:com.google.android.gms.phenotype.UPDATE: Ensuring that reporting is stopped because of reasons: (no Google accounts)
09-12 07:36:56.098  2414  4222 I GCoreUlr: Unbound from all location providers
09-12 07:36:56.098  2414  4222 I GCoreUlr: Place inference reporting - stop
09-12 07:36:56.115  2414  4222 I GCoreUlr: WorldUpdater received intent Intent { act=com.google.android.location.reporting.ACTION_UPDATE_WORLD cmp=com.google.android.gms/com.google.android.location.reporting.service.DispatchingService (has extras) } with receiverAction com.google.android.gms.phenotype.UPDATE
09-12 07:36:56.134  2414  4222 I GCoreUlr: WorldUpdater:com.google.android.gms.phenotype.UPDATE: Ensuring that reporting is stopped because of reasons: (no Google accounts)
09-12 07:36:56.139  2414  4222 I GCoreUlr: Unbound from all location providers
09-12 07:36:56.139  2414  4222 I GCoreUlr: Place inference reporting - stop
09-12 07:36:56.156  2414  4222 I GCoreUlr: WorldUpdater received intent Intent { act=com.google.android.location.reporting.ACTION_UPDATE_WORLD cmp=com.google.android.gms/com.google.android.location.reporting.service.DispatchingService (has extras) } with receiverAction com.google.android.location.reporting.PHENOTYPE_FLAGS_CHANGED
09-12 07:36:56.176  2414  4222 E GCoreUlr: Bad errorId configuring silent feedback
09-12 07:36:56.177  2414  4222 I GCoreUlr: WorldUpdater:com.google.android.location.reporting.PHENOTYPE_FLAGS_CHANGED: Ensuring that reporting is stopped because of reasons: (no Google accounts)
09-12 07:36:56.183  2414  4222 I GCoreUlr: Unbound from all location providers
09-12 07:36:56.183  2414  4222 I GCoreUlr: Place inference reporting - stop
09-12 07:36:56.197  2414  2414 I GCoreUlr: DispatchingService.onDestroy()
09-12 07:36:56.199  2414  2414 I GCoreUlr: Stopping handler for UlrDispSvcFast
09-12 07:36:56.206  2414  2414 I GCoreUlr: Unbound from all location providers
09-12 07:36:56.206  2414  2414 I GCoreUlr: Place inference reporting - stop
09-12 07:36:56.230  2414  4218 I GCoreUlr: Starting service, intent=Intent { act=com.google.android.location.reporting.ACTION_UPDATE_WORLD cmp=com.google.android.gms/com.google.android.location.reporting.service.DispatchingService (has extras) }, extras=Bundle[{receiverAction=com.google.android.location.reporting.PHENOTYPE_FLAGS_CHANGED}]
09-12 07:36:56.242  2414  2414 E BluetoothAdapter: Bluetooth binder is null
09-12 07:36:56.333  2456  3876 W IcingInternalCorpora: getNumBytesRead when not calculated.
09-12 07:36:56.392  2414  4222 I GCoreUlr: WorldUpdater received intent Intent { act=com.google.android.location.reporting.ACTION_UPDATE_WORLD cmp=com.google.android.gms/com.google.android.location.reporting.service.DispatchingService (has extras) } with receiverAction com.google.android.location.reporting.PHENOTYPE_FLAGS_CHANGED
09-12 07:36:56.392  2456  2546 I Icing   : Usage reports 0 indexed 0 rejected 0 imm upload false
09-12 07:36:56.431  2456  2584 I Icing   : Usage reports 0 indexed 0 rejected 0 imm upload false
09-12 07:36:56.513  2456  2546 I Icing   : Usage reports 0 indexed 0 rejected 0 imm upload false
09-12 07:36:56.602  2414  4222 E GCoreUlr: Bad errorId configuring silent feedback
09-12 07:36:56.602  2414  4222 I GCoreUlr: WorldUpdater:com.google.android.location.reporting.PHENOTYPE_FLAGS_CHANGED: Ensuring that reporting is stopped because of reasons: (no Google accounts)
09-12 07:36:56.604  4234  4248 I zygote  : Waiting for a blocking GC ProfileSaver
09-12 07:36:56.615  4234  4248 I zygote  : WaitForGcToComplete blocked for 10.235ms for cause ProfileSaver
09-12 07:36:56.634  2752  2758 I zygote  : Do partial code cache collection, code=54KB, data=39KB
09-12 07:36:56.634  2752  2758 I zygote  : After code cache collection, code=54KB, data=39KB
09-12 07:36:56.634  2752  2758 I zygote  : Increasing code cache capacity to 256KB
09-12 07:36:56.689  2414  2424 I zygote  : Background concurrent copying GC freed 56206(3MB) AllocSpace objects, 19(360KB) LOS objects, 49% free, 3MB/7MB, paused 1.479ms total 200.236ms
09-12 07:36:56.825  2414  4222 I GCoreUlr: Unbound from all location providers
09-12 07:36:56.825  2414  4222 I GCoreUlr: Place inference reporting - stop
09-12 07:36:56.981  2414  2414 I GCoreUlr: DispatchingService.onDestroy()
09-12 07:36:56.984  2414  2414 I GCoreUlr: Stopping handler for UlrDispSvcFast
09-12 07:36:56.991  2414  2414 I GCoreUlr: Unbound from all location providers
09-12 07:36:56.991  2414  2414 I GCoreUlr: Place inference reporting - stop
09-12 07:36:57.006  2414  2885 I GCoreUlr: Starting service, intent=Intent { act=com.google.android.location.reporting.ACTION_UPDATE_WORLD cmp=com.google.android.gms/com.google.android.location.reporting.service.DispatchingService (has extras) }, extras=Bundle[{receiverAction=com.google.android.location.reporting.PHENOTYPE_FLAGS_CHANGED}]
09-12 07:36:57.016  2414  2414 E BluetoothAdapter: Bluetooth binder is null
09-12 07:36:57.037  2752  2764 D EGL_emulation: eglCreateContext: 0xa6906380: maj 2 min 0 rcv 2
09-12 07:36:57.052  2752  2764 D EGL_emulation: eglMakeCurrent: 0xa6906380: ver 2 0 (tinfo 0x93eb4390)
09-12 07:36:57.129  2414  4222 I GCoreUlr: WorldUpdater received intent Intent { act=com.google.android.location.reporting.ACTION_UPDATE_WORLD cmp=com.google.android.gms/com.google.android.location.reporting.service.DispatchingService (has extras) } with receiverAction com.google.android.location.reporting.PHENOTYPE_FLAGS_CHANGED
09-12 07:36:57.184  2752  2764 D EGL_emulation: eglCreateContext: 0xa6905000: maj 2 min 0 rcv 2
09-12 07:36:57.192  2414  4222 E GCoreUlr: Bad errorId configuring silent feedback
09-12 07:36:57.194  2414  4222 I GCoreUlr: WorldUpdater:com.google.android.location.reporting.PHENOTYPE_FLAGS_CHANGED: Ensuring that reporting is stopped because of reasons: (no Google accounts)
09-12 07:36:57.202  2414  4222 I GCoreUlr: Unbound from all location providers
09-12 07:36:57.202  2414  4222 I GCoreUlr: Place inference reporting - stop
09-12 07:36:57.207  2752  2764 D EGL_emulation: eglMakeCurrent: 0xa6905000: ver 2 0 (tinfo 0x93eb4390)
09-12 07:36:57.223  2414  2564 I GCoreUlr: Starting service, intent=Intent { act=com.google.android.location.reporting.ACTION_UPDATE_WORLD cmp=com.google.android.gms/com.google.android.location.reporting.service.DispatchingService (has extras) }, extras=Bundle[{receiverAction=com.google.android.location.reporting.PHENOTYPE_FLAGS_CHANGED}]
09-12 07:36:57.229  2414  2414 I GCoreUlr: DispatchingService.onDestroy()
09-12 07:36:57.230  2414  2414 I GCoreUlr: Stopping handler for UlrDispSvcFast
09-12 07:36:57.235  2414  2414 I GCoreUlr: Unbound from all location providers
09-12 07:36:57.235  2414  2414 I GCoreUlr: Place inference reporting - stop
09-12 07:36:57.246  2414  2414 E BluetoothAdapter: Bluetooth binder is null
09-12 07:36:57.360  2752  2764 W SystemServiceRegistry: No service published for: persistent_data_block
09-12 07:36:57.363  2414  4222 I GCoreUlr: WorldUpdater received intent Intent { act=com.google.android.location.reporting.ACTION_UPDATE_WORLD cmp=com.google.android.gms/com.google.android.location.reporting.service.DispatchingService (has extras) } with receiverAction com.google.android.location.reporting.PHENOTYPE_FLAGS_CHANGED
09-12 07:36:57.383  2414  4228 I GCoreUlr: Starting service, intent=Intent { act=com.google.android.location.reporting.ACTION_UPDATE_WORLD cmp=com.google.android.gms/com.google.android.location.reporting.service.DispatchingService (has extras) }, extras=Bundle[{receiverAction=com.google.android.location.reporting.PHENOTYPE_FLAGS_CHANGED}]
09-12 07:36:57.385  1267  1267 W /system/bin/hwservicemanager: getTransportFromManifest: Cannot find entry android.hardware.drm@1.0::IDrmFactory in either framework or device manifest, using default transport.
09-12 07:36:57.387  1335  1973 E DrmHal  : Failed to find any drm factories
09-12 07:36:57.436  2414  4222 E GCoreUlr: Bad errorId configuring silent feedback
09-12 07:36:57.436  2414  4222 I GCoreUlr: WorldUpdater:com.google.android.location.reporting.PHENOTYPE_FLAGS_CHANGED: Ensuring that reporting is stopped because of reasons: (no Google accounts)
09-12 07:36:57.456  2414  4222 I GCoreUlr: Unbound from all location providers
09-12 07:36:57.456  2414  4222 I GCoreUlr: Place inference reporting - stop
09-12 07:36:57.474  4301  4372 W YouTube : Fetching the Gservices key 'failsafe_maxnumbercrash_12_15' before the end of the bulk initialization
09-12 07:36:57.492  4301  4369 V NativeCrypto: Registering com/google/android/gms/org/conscrypt/NativeCrypto's 258 native methods...
09-12 07:36:57.499  4301  4369 D NetworkSecurityConfig: No Network Security Config specified, using platform default
09-12 07:36:57.500  4301  4369 I ProviderInstaller: Installed default security provider GmsCore_OpenSSL
09-12 07:36:57.521  2414  4222 I GCoreUlr: WorldUpdater received intent Intent { act=com.google.android.location.reporting.ACTION_UPDATE_WORLD cmp=com.google.android.gms/com.google.android.location.reporting.service.DispatchingService (has extras) } with receiverAction com.google.android.location.reporting.PHENOTYPE_FLAGS_CHANGED
09-12 07:36:57.522  2414  4220 I GCoreUlr: Starting service, intent=Intent { act=com.google.android.location.reporting.ACTION_UPDATE_WORLD cmp=com.google.android.gms/com.google.android.location.reporting.service.DispatchingService (has extras) }, extras=Bundle[{receiverAction=com.google.android.location.reporting.PHENOTYPE_FLAGS_CHANGED}]
09-12 07:36:57.533  2752  2752 W Binder:2752_1: type=1400 audit(0.0:68): avc: denied { read } for name="/" dev="tmpfs" ino=5214 scontext=u:r:priv_app:s0:c512,c768 tcontext=u:object_r:device:s0 tclass=dir permissive=0
09-12 07:36:57.533  2752  2752 W Binder:2752_1: type=1400 audit(0.0:69): avc: denied { read } for name="interrupts" dev="proc" ino=4026531989 scontext=u:r:priv_app:s0:c512,c768 tcontext=u:object_r:proc_interrupts:s0 tclass=file permissive=0
09-12 07:36:57.548  2414  4222 E GCoreUlr: Bad errorId configuring silent feedback
09-12 07:36:57.549  2414  4222 I GCoreUlr: WorldUpdater:com.google.android.location.reporting.PHENOTYPE_FLAGS_CHANGED: Ensuring that reporting is stopped because of reasons: (no Google accounts)
09-12 07:36:57.557  2414  4222 I GCoreUlr: Unbound from all location providers
09-12 07:36:57.558  2414  4222 I GCoreUlr: Place inference reporting - stop
09-12 07:36:57.586  2456  4286 I CheckinUtil: Classify the device as Phone.
09-12 07:36:57.618  2414  4222 I GCoreUlr: WorldUpdater received intent Intent { act=com.google.android.location.reporting.ACTION_UPDATE_WORLD cmp=com.google.android.gms/com.google.android.location.reporting.service.DispatchingService (has extras) } with receiverAction com.google.android.location.reporting.PHENOTYPE_FLAGS_CHANGED
09-12 07:36:57.623  2414  4284 I GCoreUlr: Starting service, intent=Intent { act=com.google.android.location.reporting.ACTION_UPDATE_WORLD cmp=com.google.android.gms/com.google.android.location.reporting.service.DispatchingService (has extras) }, extras=Bundle[{receiverAction=com.google.android.location.reporting.PHENOTYPE_FLAGS_CHANGED}]
09-12 07:36:57.655  2414  4222 E GCoreUlr: Bad errorId configuring silent feedback
09-12 07:36:57.655  2414  4222 I GCoreUlr: WorldUpdater:com.google.android.location.reporting.PHENOTYPE_FLAGS_CHANGED: Ensuring that reporting is stopped because of reasons: (no Google accounts)
09-12 07:36:57.660  2414  4222 I GCoreUlr: Unbound from all location providers
09-12 07:36:57.660  2414  4222 I GCoreUlr: Place inference reporting - stop
09-12 07:36:57.675  2414  4222 I GCoreUlr: WorldUpdater received intent Intent { act=com.google.android.location.reporting.ACTION_UPDATE_WORLD cmp=com.google.android.gms/com.google.android.location.reporting.service.DispatchingService (has extras) } with receiverAction com.google.android.location.reporting.PHENOTYPE_FLAGS_CHANGED
09-12 07:36:57.692  2414  4222 E GCoreUlr: Bad errorId configuring silent feedback
09-12 07:36:57.692  2414  4222 I GCoreUlr: WorldUpdater:com.google.android.location.reporting.PHENOTYPE_FLAGS_CHANGED: Ensuring that reporting is stopped because of reasons: (no Google accounts)
09-12 07:36:57.697  2414  4222 I GCoreUlr: Unbound from all location providers
09-12 07:36:57.697  2414  4222 I GCoreUlr: Place inference reporting - stop
09-12 07:36:57.706  2414  2414 I GCoreUlr: DispatchingService.onDestroy()
09-12 07:36:57.707  2414  2414 I GCoreUlr: Stopping handler for UlrDispSvcFast
09-12 07:36:57.713  2414  2414 I GCoreUlr: Unbound from all location providers
09-12 07:36:57.713  2414  2414 I GCoreUlr: Place inference reporting - stop
09-12 07:36:58.024  2456  4286 I CheckinTask: set cookie as: NID=112=BR-2lfgIzjqfZsdvN2p-1QqO50tH3GuJwOwna-z8B0uKkHLEeyOt96U4qKRdR6FXrT_qe7zDr8ankna5F2xth_igfGCCZXL1Ggn5TEirFlmeBoa0UNxzvhWHcWc4VYl_
09-12 07:36:58.110  2456  4286 W Conscrypt: Could not set socket write timeout:
09-12 07:36:58.112  2456  4286 W Conscrypt:    java.lang.reflect.Method.invoke(Native Method)
09-12 07:36:58.112  2456  4286 W Conscrypt:    xkp.a(:com.google.android.gms:173)
09-12 07:36:58.125  2456  4286 W Conscrypt: Could not set socket write timeout:
09-12 07:36:58.126  2456  4286 W Conscrypt:    java.lang.reflect.Method.invoke(Native Method)
09-12 07:36:58.126  2456  4286 W Conscrypt:    xkp.a(:com.google.android.gms:173)
09-12 07:36:58.156  2414  4285 I GCoreUlr: Starting service, intent=Intent { act=com.google.android.location.reporting.ACTION_UPDATE_WORLD cmp=com.google.android.gms/com.google.android.location.reporting.service.DispatchingService (has extras) }, extras=Bundle[{receiverAction=com.google.android.location.reporting.PHENOTYPE_FLAGS_CHANGED}]
09-12 07:36:58.177  2456  4286 I CheckinTask: Sending checkin request (12304 bytes)
09-12 07:36:58.183  2414  2414 E BluetoothAdapter: Bluetooth binder is null
09-12 07:36:58.263  2414  4222 I GCoreUlr: WorldUpdater received intent Intent { act=com.google.android.location.reporting.ACTION_UPDATE_WORLD cmp=com.google.android.gms/com.google.android.location.reporting.service.DispatchingService (has extras) } with receiverAction com.google.android.location.reporting.PHENOTYPE_FLAGS_CHANGED
09-12 07:36:58.298  2434  2434 I chatty  : uid=10030(u0_a30) com.google.android.googlequicksearchbox:search expire 15 lines
09-12 07:36:58.322  2414  3882 I GCoreUlr: Starting service, intent=Intent { act=com.google.android.location.reporting.ACTION_UPDATE_WORLD cmp=com.google.android.gms/com.google.android.location.reporting.service.DispatchingService (has extras) }, extras=Bundle[{receiverAction=com.google.android.location.reporting.PHENOTYPE_FLAGS_CHANGED}]
09-12 07:36:58.324  1330  4387 I chatty  : uid=1041(audioserver) AudioIn_D6 expire 1 line
09-12 07:36:58.353  2434  2588 I chatty  : uid=10030(u0_a30) com.google.android.googlequicksearchbox:search expire 12 lines
09-12 07:36:58.354  2434  2588 E ActivityThread: Failed to find provider info for com.google.android.apps.gsa.testing.ui.audio.recorded
09-12 07:36:58.384  2414  4222 E GCoreUlr: Bad errorId configuring silent feedback
09-12 07:36:58.385  2414  4222 I GCoreUlr: WorldUpdater:com.google.android.location.reporting.PHENOTYPE_FLAGS_CHANGED: Ensuring that reporting is stopped because of reasons: (no Google accounts)
09-12 07:36:58.396  2414  4222 I GCoreUlr: Unbound from all location providers
09-12 07:36:58.396  2414  4222 I GCoreUlr: Place inference reporting - stop
09-12 07:36:58.415  4301  4375 W zygote  : Skipping duplicate class check due to unrecognized classloader
09-12 07:36:58.419  2414  4222 I GCoreUlr: WorldUpdater received intent Intent { act=com.google.android.location.reporting.ACTION_UPDATE_WORLD cmp=com.google.android.gms/com.google.android.location.reporting.service.DispatchingService (has extras) } with receiverAction com.google.android.location.reporting.PHENOTYPE_FLAGS_CHANGED
09-12 07:36:58.474  2414  4229 I GCoreUlr: Starting service, intent=Intent { act=com.google.android.location.reporting.ACTION_UPDATE_WORLD cmp=com.google.android.gms/com.google.android.location.reporting.service.DispatchingService (has extras) }, extras=Bundle[{receiverAction=com.google.android.location.reporting.PHENOTYPE_FLAGS_CHANGED}]
09-12 07:36:58.481  2414  4222 E GCoreUlr: Bad errorId configuring silent feedback
09-12 07:36:58.482  2414  4222 I GCoreUlr: WorldUpdater:com.google.android.location.reporting.PHENOTYPE_FLAGS_CHANGED: Ensuring that reporting is stopped because of reasons: (no Google accounts)
09-12 07:36:58.485  2414  4222 I GCoreUlr: Unbound from all location providers
09-12 07:36:58.485  2414  4222 I GCoreUlr: Place inference reporting - stop
09-12 07:36:58.509  2414  4222 I GCoreUlr: WorldUpdater received intent Intent { act=com.google.android.location.reporting.ACTION_UPDATE_WORLD cmp=com.google.android.gms/com.google.android.location.reporting.service.DispatchingService (has extras) } with receiverAction com.google.android.location.reporting.PHENOTYPE_FLAGS_CHANGED
09-12 07:36:58.518  2456  4286 I CheckinTask: updateCheckinIdTokenFileFromResponse, Reading existing AID
09-12 07:36:58.521  2456  4286 I CheckinRequestBuilder: Checkin reason type: 8 attempt count: 1
09-12 07:36:58.523  2456  4286 E ActivityThread: Failed to find provider info for com.google.android.wearable.settings
09-12 07:36:58.531  2414  4222 E GCoreUlr: Bad errorId configuring silent feedback
09-12 07:36:58.532  2414  4222 I GCoreUlr: WorldUpdater:com.google.android.location.reporting.PHENOTYPE_FLAGS_CHANGED: Ensuring that reporting is stopped because of reasons: (no Google accounts)
09-12 07:36:58.537  2414  4222 I GCoreUlr: Unbound from all location providers
09-12 07:36:58.537  2414  4222 I GCoreUlr: Place inference reporting - stop
09-12 07:36:58.545  2414  2414 I GCoreUlr: DispatchingService.onDestroy()
09-12 07:36:58.548  2414  2414 I GCoreUlr: Stopping handler for UlrDispSvcFast
09-12 07:36:58.554  2414  2414 I GCoreUlr: Unbound from all location providers
09-12 07:36:58.554  2414  2414 I GCoreUlr: Place inference reporting - stop
09-12 07:36:58.560  2456  4286 I CheckinUtil: Classify the device as Phone.
09-12 07:36:58.591  2456  4286 I CheckinTask: Checkin success: https://android.clients.google.com/checkin (1 requests sent)
09-12 07:36:58.598  2456  4286 I CheckinChimeraService: Checking schedule, now: 1505219818598 next: 1505262056591
09-12 07:36:58.599  2456  4286 I CheckinChimeraService: active receiver: disabled
09-12 07:36:58.856  4301  4375 D DynamitePackage: Instantiated singleton DynamitePackage.
09-12 07:36:58.856  4301  4375 D DynamitePackage: Instantiating com.google.android.gms.ads.adshield.ChimeraAdShieldCreatorImpl
09-12 07:36:59.081  4301  4311 I zygote  : Background concurrent copying GC freed 6769(1100KB) AllocSpace objects, 4(80KB) LOS objects, 49% free, 1646KB/3MB, paused 79.138ms total 1.560s
09-12 07:36:59.589  4301  4375 W zygote  : Skipping duplicate class check due to unrecognized classloader
09-12 07:37:00.004  1472  1472 I ActivityManager: Killing 3671:com.google.android.configupdater/u0a4 (adj 906): empty #17
09-12 07:37:00.004  4301  4311 I zygote  : Background concurrent copying GC freed 12560(1440KB) AllocSpace objects, 3(168KB) LOS objects, 53% free, 1333KB/2MB, paused 1.357ms total 149.166ms
09-12 07:37:00.027  1320  1370 D hwcomposer: hw_composer sent 166 syncs in 60s
09-12 07:37:00.101  4301  4301 V MediaRouter: Adding route: RouteInfo{ name=Phone, description=null, status=null, category=RouteCategory{ name=System types=ROUTE_TYPE_LIVE_AUDIO ROUTE_TYPE_LIVE_VIDEO  groupable=false }, supportedTypes=ROUTE_TYPE_LIVE_AUDIO ROUTE_TYPE_LIVE_VIDEO , presentationDisplay=null }
09-12 07:37:00.105  4301  4301 V MediaRouter: Selecting route: RouteInfo{ name=Phone, description=null, status=null, category=RouteCategory{ name=System types=ROUTE_TYPE_LIVE_AUDIO ROUTE_TYPE_LIVE_VIDEO  groupable=false }, supportedTypes=ROUTE_TYPE_LIVE_AUDIO ROUTE_TYPE_LIVE_VIDEO , presentationDisplay=null }
09-12 07:37:00.186  1331  1929 V EmulatedCamera_Camera: getCameraInfo
09-12 07:37:00.186  1331  1929 V EmulatedCamera_BaseCamera: getCameraInfo
09-12 07:37:00.191  1331  1331 V EmulatedCamera_Camera: getCameraInfo
09-12 07:37:00.191  1331  1331 V EmulatedCamera_BaseCamera: getCameraInfo
09-12 07:37:00.220  4301  4425 W YouTube : ECatcher disabled: level: WARNING, category: initialization, message: Initialization Exception
09-12 07:37:00.220  4301  4425 W YouTube : java.lang.IllegalArgumentException
09-12 07:37:00.220  4301  4425 W YouTube : 	at adac.a(SourceFile:2)
09-12 07:37:00.220  4301  4425 W YouTube : 	at poo.a(SourceFile:4)
09-12 07:37:00.220  4301  4425 W YouTube : 	at poa.a(SourceFile:1)
09-12 07:37:00.220  4301  4425 W YouTube : 	at vlj.g(SourceFile:107)
09-12 07:37:00.220  4301  4425 W YouTube : 	at vlj.c(SourceFile:90)
09-12 07:37:00.220  4301  4425 W YouTube : 	at vfr.c(SourceFile:53)
09-12 07:37:00.220  4301  4425 W YouTube : 	at eiy.a(SourceFile:10)
09-12 07:37:00.220  4301  4425 W YouTube : 	at cfw.run(SourceFile:4)
09-12 07:37:00.220  4301  4425 W YouTube : 	at java.util.concurrent.Executors$RunnableAdapter.call(Executors.java:457)
09-12 07:37:00.220  4301  4425 W YouTube : 	at java.util.concurrent.FutureTask.run(FutureTask.java:266)
09-12 07:37:00.220  4301  4425 W YouTube : 	at java.util.concurrent.ScheduledThreadPoolExecutor$ScheduledFutureTask.run(ScheduledThreadPoolExecutor.java:301)
09-12 07:37:00.220  4301  4425 W YouTube : 	at java.util.concurrent.ThreadPoolExecutor.runWorker(ThreadPoolExecutor.java:1162)
09-12 07:37:00.220  4301  4425 W YouTube : 	at java.util.concurrent.ThreadPoolExecutor$Worker.run(ThreadPoolExecutor.java:636)
09-12 07:37:00.220  4301  4425 W YouTube : 	at poc.run(SourceFile:24)
09-12 07:37:00.220  4301  4425 W YouTube : 	at java.lang.Thread.run(Thread.java:764)
09-12 07:37:00.269  4301  4301 V MediaRouter: Selecting route: RouteInfo{ name=Phone, description=null, status=null, category=RouteCategory{ name=System types=ROUTE_TYPE_LIVE_AUDIO ROUTE_TYPE_LIVE_VIDEO  groupable=false }, supportedTypes=ROUTE_TYPE_LIVE_AUDIO ROUTE_TYPE_LIVE_VIDEO , presentationDisplay=null }
09-12 07:37:00.296  1472  1939 W ActivityManager: Permission Denial: Accessing service ComponentInfo{com.google.android.music/com.google.android.music.dial.DialMediaRouteProviderService} from pid=4301, uid=10077 that is not exported from uid 10061
09-12 07:37:00.314  2456  2456 I CastMediaRouteProvider: in onDiscoveryRequestChanged: request=DiscoveryRequest{ selector=MediaRouteSelector{ controlCategories=[com.google.android.gms.cast.CATEGORY_CAST/233637DE] }, activeScan=false, isValid=true }
09-12 07:37:00.314  2456  2456 I CastMediaRouteProvider: Logging initial network connection state.
09-12 07:37:00.332  2456  2456 I CastMediaRouteProvider: Network connectivity changed
09-12 07:37:00.343  2456  2546 I DeviceScanner: [MDNS] Filter criteria: 233637DE
09-12 07:37:00.343  2456  2546 I DeviceScanner: [MDNS] updateScannerState: No filter criteria was added.
09-12 07:37:00.343  2456  2546 I DeviceScanner: [MDNS] updateScannerState: No filter criteria was removed.
09-12 07:37:00.371  2456  2546 W MdnsClient_Cast: #acquireLock. Multicast lock not held. Acquiring. Subtypes:"233637DE"
09-12 07:37:00.876  4301  4433 I qtaguid : Untagging socket -1 failed errno=-9
09-12 07:37:00.876  4301  4433 W NetworkManagementSocketTagger: untagSocket(-1) failed with errno -9
09-12 07:37:00.960  4301  4413 I qtaguid : Untagging socket -1 failed errno=-9
09-12 07:37:00.960  4301  4413 W NetworkManagementSocketTagger: untagSocket(-1) failed with errno -9
09-12 07:37:01.091  1472  1810 I ActivityManager: Killing 3757:com.android.chrome/u0a44 (adj 906): empty #17
09-12 07:37:01.107  2414  2716 I zygote  : Deoptimizing void rtv.a(ruy, int) due to JIT inline cache
09-12 07:37:01.165  4301  4432 I qtaguid : Untagging socket -1 failed errno=-9
09-12 07:37:01.166  4301  4432 W NetworkManagementSocketTagger: untagSocket(-1) failed with errno -9
09-12 07:37:01.508  1267  1267 W /system/bin/hwservicemanager: getTransportFromManifest: Cannot find entry android.hardware.drm@1.0::IDrmFactory in either framework or device manifest, using default transport.
09-12 07:37:01.519  1335  1335 E DrmHal  : Failed to find any drm factories
09-12 07:37:01.520  2752  3958 W DG.WV   : Widevine DRM not supported on this device
09-12 07:37:01.520  2752  3958 W DG.WV   : android.media.UnsupportedSchemeException: Failed to instantiate drm object.
09-12 07:37:01.520  2752  3958 W DG.WV   : 	at android.media.MediaDrm.native_setup(Native Method)
09-12 07:37:01.520  2752  3958 W DG.WV   : 	at android.media.MediaDrm.<init>(MediaDrm.java:216)
09-12 07:37:01.520  2752  3958 W DG.WV   : 	at orr.a(:com.google.android.gms:122)
09-12 07:37:01.520  2752  3958 W DG.WV   : 	at oom.run(:com.google.android.gms:3095)
09-12 07:37:01.520  2752  3958 W DG.WV   : 	at lra.run(:com.google.android.gms:451)
09-12 07:37:01.520  2752  3958 W DG.WV   : 	at java.util.concurrent.ThreadPoolExecutor.runWorker(ThreadPoolExecutor.java:1162)
09-12 07:37:01.520  2752  3958 W DG.WV   : 	at java.util.concurrent.ThreadPoolExecutor$Worker.run(ThreadPoolExecutor.java:636)
09-12 07:37:01.520  2752  3958 W DG.WV   : 	at lvx.run(:com.google.android.gms:17)
09-12 07:37:01.520  2752  3958 W DG.WV   : 	at java.lang.Thread.run(Thread.java:764)
09-12 07:37:01.615  2414  2414 I GoogleURLConnFactory: Using platform SSLCertificateSocketFactory
09-12 07:37:01.698  2414  4464 W HeterodyneSyncCore: No account for auth token provided
09-12 07:37:02.063  2752  2752 W Binder:2752_3: type=1400 audit(0.0:70): avc: denied { read } for name="/" dev="tmpfs" ino=5214 scontext=u:r:priv_app:s0:c512,c768 tcontext=u:object_r:device:s0 tclass=dir permissive=0
09-12 07:37:02.083  2752  2752 W Binder:2752_3: type=1400 audit(0.0:71): avc: denied { read } for name="interrupts" dev="proc" ino=4026531989 scontext=u:r:priv_app:s0:c512,c768 tcontext=u:object_r:proc_interrupts:s0 tclass=file permissive=0
09-12 07:37:02.094  2752  2787 W SystemServiceRegistry: No service published for: persistent_data_block
09-12 07:37:02.192  2752  2787 D EGL_emulation: eglCreateContext: 0xa6906da0: maj 2 min 0 rcv 2
09-12 07:37:02.195  2752  2787 D EGL_emulation: eglMakeCurrent: 0xa6906da0: ver 2 0 (tinfo 0x9384ace0)
09-12 07:37:02.259  2752  2787 D EGL_emulation: eglCreateContext: 0xa6907220: maj 2 min 0 rcv 2
09-12 07:37:02.263  2752  2787 D EGL_emulation: eglMakeCurrent: 0xa6907220: ver 2 0 (tinfo 0x9384ace0)
