09-12 01:30:12.516  4656  4656 I chatty  : uid=10084(u0_a84) me.kuehle.carreport expire 23 lines
09-12 01:30:12.657  2182  4376 E ContentStoreEUAS: Failed to commit the deferred actions
09-12 01:30:12.670  2182  3468 D EGL_emulation: eglMakeCurrent: 0x9e999fe0: ver 2 0 (tinfo 0x9ec7f230)
09-12 01:30:12.998  2440  2568 W Settings: Setting airplane_mode_on has moved from android.provider.Settings.System to android.provider.Settings.Global, returning read-only value.
09-12 01:30:13.092  2254  2416 D EGL_emulation: eglMakeCurrent: 0xaa831980: ver 2 0 (tinfo 0xaa80b010)
09-12 01:30:13.242  1529  1529 I ActivityManager: Start proc 4676:com.google.android.apps.photos/u0a68 for service com.google.android.apps.photos/.camerashortcut.CameraShortcutJobSchedulerService
09-12 01:30:13.260  4676  4676 W zygote  : Unexpected CPU variant for X86 using defaults: x86
09-12 01:30:13.411  1529  2147 W ActivityManager: Slow operation: 65ms so far, now at attachApplicationLocked: immediately after bindApplication
09-12 01:30:13.411  1529  2147 W ActivityManager: Slow operation: 65ms so far, now at attachApplicationLocked: after updateLruProcessLocked
09-12 01:30:13.438  1529  2147 W ActivityManager: Slow operation: 92ms so far, now at attachApplicationLocked: after mServices.attachApplicationLocked
09-12 01:30:13.475  1655  1655 D StatusBar: disable<e i a s b h r c s q >
09-12 01:30:13.511  1733  1733 D MccTable: updateMccMncConfiguration mccmnc='310260' fromServiceState=false
09-12 01:30:13.512  1733  1733 D MccTable: updateMccMncConfiguration defaultMccMnc=310260
09-12 01:30:13.566  1655  1890 I vol.Events: writeEvent active_stream_changed STREAM_RING
09-12 01:30:13.567  1655  1890 I vol.Events: writeEvent key STREAM_RING 5
09-12 01:30:13.586  1529  4533 I chatty  : uid=1000(system) Binder:1529_10 expire 2 lines
09-12 01:30:13.617  1655  1655 I vol.Events: writeEvent show_dialog volume_changed keyguard=false
09-12 01:30:13.636  1319  1319 D gralloc_ranchu: gralloc_alloc: Creating ashmem region of size 4096
09-12 01:30:13.649  1319  1319 D gralloc_ranchu: gralloc_alloc: Creating ashmem region of size 4096
09-12 01:30:13.662  1655  1926 D         : SurfaceInterface::setAsyncMode: set async mode 1
09-12 01:30:13.740  1733  1733 D MccTable: updateMccMncConfiguration: mcc=310, mnc=260
09-12 01:30:13.741  1733  1733 D MccTable: updateMccMncConfiguration updateConfig config={0.0 310mcc260mnc ?localeList ?layoutDir ?swdp ?wdp ?hdp ?density ?lsize ?long ?ldr ?wideColorGamut ?orien ?uimode ?night ?touch ?keyb/?/? ?nav/?}
09-12 01:30:13.769  1655  1926 D EGL_emulation: eglMakeCurrent: 0x8d9d45a0: ver 2 0 (tinfo 0x8d9c9c40)
09-12 01:30:13.806  1655  1926 D EGL_emulation: eglMakeCurrent: 0x8d9d45a0: ver 2 0 (tinfo 0x8d9c9c40)
09-12 01:30:13.821  1529  2147 I ActivityManager: Start proc 4693:com.android.settings/1000 for broadcast com.android.settings/.sim.SimSelectNotification
09-12 01:30:13.829  4693  4693 W zygote  : Unexpected CPU variant for X86 using defaults: x86
09-12 01:30:13.830  1733  4692 I chatty  : uid=1001(radio) com.android.phone expire 1 line
09-12 01:30:13.839  1655  1655 D StatusBar: disable<e i a s b h r c s q >
09-12 01:30:13.847  1655  1926 D EGL_emulation: eglMakeCurrent: 0x8d9d45a0: ver 2 0 (tinfo 0x8d9c9c40)
09-12 01:30:13.873  1655  1926 D EGL_emulation: eglMakeCurrent: 0x8d9d45a0: ver 2 0 (tinfo 0x8d9c9c40)
09-12 01:30:13.889  4693  4702 E zygote  : Failed writing handshake bytes (-1 of 14): Broken pipe
09-12 01:30:13.889  4693  4702 I zygote  : Debugger is no longer active
09-12 01:30:13.946  4676  4682 I zygote  : Do partial code cache collection, code=0B, data=13KB
09-12 01:30:13.955  1733  1744 I chatty  : uid=1001(radio) HeapTaskDaemon expire 2 lines
09-12 01:30:13.965  1655  1926 D EGL_emulation: eglMakeCurrent: 0x8d9d45a0: ver 2 0 (tinfo 0x8d9c9c40)
09-12 01:30:13.965  4676  4682 I zygote  : After code cache collection, code=0B, data=13KB
09-12 01:30:13.965  4676  4682 I zygote  : Increasing code cache capacity to 128KB
09-12 01:30:13.983  1733  1733 D MccTable: updateMccMncConfiguration mccmnc='310260' fromServiceState=false
09-12 01:30:13.984  1733  1733 D MccTable: updateMccMncConfiguration defaultMccMnc=310260
09-12 01:30:13.984  1733  1733 D MccTable: updateMccMncConfiguration: mcc=310, mnc=260
09-12 01:30:13.984  1733  1733 D MccTable: updateMccMncConfiguration updateConfig config={0.0 310mcc260mnc ?localeList ?layoutDir ?swdp ?wdp ?hdp ?density ?lsize ?long ?ldr ?wideColorGamut ?orien ?uimode ?night ?touch ?keyb/?/? ?nav/?}
09-12 01:30:14.006  1655  1926 D EGL_emulation: eglMakeCurrent: 0x8d9d45a0: ver 2 0 (tinfo 0x8d9c9c40)
09-12 01:30:14.016  1655  1926 D EGL_emulation: eglMakeCurrent: 0x8d9d45a0: ver 2 0 (tinfo 0x8d9c9c40)
09-12 01:30:14.039  1655  1926 D EGL_emulation: eglMakeCurrent: 0x8d9d45a0: ver 2 0 (tinfo 0x8d9c9c40)
09-12 01:30:14.068  1655  1926 D EGL_emulation: eglMakeCurrent: 0x8d9d45a0: ver 2 0 (tinfo 0x8d9c9c40)
09-12 01:30:14.076  1319  1319 D gralloc_ranchu: gralloc_alloc: Creating ashmem region of size 4096
09-12 01:30:14.083  1655  1926 D EGL_emulation: eglMakeCurrent: 0x8d9d45a0: ver 2 0 (tinfo 0x8d9c9c40)
09-12 01:30:14.093  1655  1926 D EGL_emulation: eglMakeCurrent: 0x8d9d45a0: ver 2 0 (tinfo 0x8d9c9c40)
09-12 01:30:14.118  1655  1926 D EGL_emulation: eglMakeCurrent: 0x8d9d45a0: ver 2 0 (tinfo 0x8d9c9c40)
09-12 01:30:14.247  1529  2363 I ActivityManager: START u0 {act=android.intent.action.MAIN cat=[android.intent.category.LAUNCHER] flg=0x10200000 cmp=me.kuehle.carreport/.gui.MainActivity} from uid 2000
09-12 01:30:14.272  1655  1655 I vol.Events: writeEvent dismiss_dialog touch_outside
09-12 01:30:14.278  1655  1890 I vol.Events: writeEvent active_stream_changed UNKNOWN_STREAM_-1
09-12 01:30:14.333  4656  4661 I chatty  : uid=10084(u0_a84) Jit thread pool expire 3 lines
09-12 01:30:14.342  1655  1926 D EGL_emulation: eglMakeCurrent: 0x8d9d45a0: ver 2 0 (tinfo 0x8d9c9c40)
09-12 01:30:14.355  1655  1926 D EGL_emulation: eglMakeCurrent: 0x8d9d45a0: ver 2 0 (tinfo 0x8d9c9c40)
09-12 01:30:14.400  1655  1926 D EGL_emulation: eglMakeCurrent: 0x8d9d45a0: ver 2 0 (tinfo 0x8d9c9c40)
09-12 01:30:14.574  1655  1926 D EGL_emulation: eglMakeCurrent: 0x8d9d45a0: ver 2 0 (tinfo 0x8d9c9c40)
09-12 01:30:14.588  4656  4656 I chatty  : uid=10084(u0_a84) me.kuehle.carreport expire 2 lines
09-12 01:30:14.590  1655  1926 D EGL_emulation: eglMakeCurrent: 0x8d9d45a0: ver 2 0 (tinfo 0x8d9c9c40)
09-12 01:30:14.605  4656  4724 I chatty  : uid=10084(u0_a84) ModernAsyncTask expire 1 line
09-12 01:30:14.613  4656  4724 V SQLiteStatements: /data/user/0/me.kuehle.carreport/databases/data.db: "SELECT car._id AS _id, car__name, color, initial_mileage, suspended_since FROM car ORDER BY car__name COLLATE UNICODE"
09-12 01:30:14.615  1327  1517 E SurfaceFlinger: ro.sf.lcd_density must be defined as a build property
09-12 01:30:14.616  4656  4725 D OpenGLRenderer: HWUI GL Pipeline
09-12 01:30:14.637  4656  4724 D DataProvider: query uri=content://me.kuehle.carreport.provider/refueling selection=car_id=? selectionArgs=[42] sortOrder=category COLLATE UNICODE ASC groupBy=null having=null limit=null
09-12 01:30:14.666  4656  4724 V SQLiteStatements: /data/user/0/me.kuehle.carreport/databases/data.db: "SELECT category FROM refueling LEFT OUTER JOIN fuel_type AS refueling__fuel_type ON refueling.fuel_type_id=refueling__fuel_type._id WHERE car_id='42' ORDER BY category COLLATE UNICODE ASC"
09-12 01:30:14.705  4656  4724 D DataProvider: query uri=content://me.kuehle.carreport.provider/refueling selection=car_id=? selectionArgs=[44] sortOrder=category COLLATE UNICODE ASC groupBy=null having=null limit=null
09-12 01:30:14.732  4656  4724 V SQLiteStatements: /data/user/0/me.kuehle.carreport/databases/data.db: "SELECT category FROM refueling LEFT OUTER JOIN fuel_type AS refueling__fuel_type ON refueling.fuel_type_id=refueling__fuel_type._id WHERE car_id='44' ORDER BY category COLLATE UNICODE ASC"
09-12 01:30:14.745  1529  1540 I ActivityManager: Killing 3980:com.google.android.partnersetup/u0a17 (adj 906): empty #17
09-12 01:30:14.747  4656  4724 D DataProvider: query uri=content://me.kuehle.carreport.provider/refueling selection=car_id=? selectionArgs=[46] sortOrder=category COLLATE UNICODE ASC groupBy=null having=null limit=null
09-12 01:30:14.756  1733  1738 I chatty  : uid=1001(radio) Jit thread pool expire 1 line
09-12 01:30:14.759  4656  4724 V SQLiteStatements: /data/user/0/me.kuehle.carreport/databases/data.db: "SELECT category FROM refueling LEFT OUTER JOIN fuel_type AS refueling__fuel_type ON refueling.fuel_type_id=refueling__fuel_type._id WHERE car_id='46' ORDER BY category COLLATE UNICODE ASC"
09-12 01:30:14.761  4656  4725 D         : HostConnection::get() New Host Connection established 0x9e7b2a00, tid 4725
09-12 01:30:14.764  4656  4725 W         : Unrecognized GLES max version string in extensions: ANDROID_EMU_CHECKSUM_HELPER_v1 ANDROID_EMU_dma_v1 
09-12 01:30:14.765  1319  1319 D gralloc_ranchu: gralloc_alloc: Creating ashmem region of size 4096
09-12 01:30:14.766  4656  4725 I OpenGLRenderer: Initialized EGL, version 1.4
09-12 01:30:14.766  4656  4725 D OpenGLRenderer: Swap behavior 1
09-12 01:30:14.766  4656  4725 W OpenGLRenderer: Failed to choose config with EGL_SWAP_BEHAVIOR_PRESERVED, retrying without...
09-12 01:30:14.766  4656  4725 D OpenGLRenderer: Swap behavior 0
09-12 01:30:14.767  4656  4724 D DataProvider: query uri=content://me.kuehle.carreport.provider/refueling selection=car_id=? selectionArgs=[48] sortOrder=category COLLATE UNICODE ASC groupBy=null having=null limit=null
09-12 01:30:14.774  4656  4724 V SQLiteStatements: /data/user/0/me.kuehle.carreport/databases/data.db: "SELECT category FROM refueling LEFT OUTER JOIN fuel_type AS refueling__fuel_type ON refueling.fuel_type_id=refueling__fuel_type._id WHERE car_id='48' ORDER BY category COLLATE UNICODE ASC"
09-12 01:30:14.794  4656  4725 D EGL_emulation: eglCreateContext: 0xa13840c0: maj 2 min 0 rcv 2
09-12 01:30:14.796  1319  1319 D gralloc_ranchu: gralloc_alloc: Creating ashmem region of size 4096
09-12 01:30:14.821  4656  4724 D DataProvider: query uri=content://me.kuehle.carreport.provider/refueling selection=car_id=? AND category=? selectionArgs=[48, Benzin] sortOrder=date groupBy=null having=null limit=null
09-12 01:30:14.835  4656  4724 V SQLiteStatements: /data/user/0/me.kuehle.carreport/databases/data.db: "SELECT refueling._id AS _id, date, mileage, volume, price, partial, note, fuel_type_id, car_id, fuel_type__name, category, car__name, color, initial_mileage, suspended_since FROM refueling LEFT OUTER JOIN fuel_type AS refueling__fuel_type ON refueling.fuel_type_id=refueling__fuel_type._id LEFT OUTER JOIN car AS refueling__car ON refueling.car_id=refueling__car._id WHERE car_id='48' AND category='Benzin' ORDER BY date"
09-12 01:30:14.860  1319  1319 D gralloc_ranchu: gralloc_alloc: Creating ashmem region of size 4096
09-12 01:30:14.861  4656  4725 D EGL_emulation: eglMakeCurrent: 0xa13840c0: ver 2 0 (tinfo 0xa1383140)
09-12 01:30:14.917  4656  4725 D         : SurfaceInterface::setAsyncMode: set async mode 1
09-12 01:30:14.969  2440  2568 W Settings: Setting airplane_mode_on has moved from android.provider.Settings.System to android.provider.Settings.Global, returning read-only value.
09-12 01:30:15.131  1529  1648 E TaskPersister: File error accessing recents directory (directory doesn't exist?).
09-12 01:30:15.237  4656  4656 I Choreographer: Skipped 35 frames!  The application may be doing too much work on its main thread.
09-12 01:30:15.259  4656  4725 D EGL_emulation: eglMakeCurrent: 0xa13840c0: ver 2 0 (tinfo 0xa1383140)
09-12 01:30:15.259  4656  4724 D DataProvider: query uri=content://me.kuehle.carreport.provider/refueling selection=car_id=? selectionArgs=[43] sortOrder=category COLLATE UNICODE ASC groupBy=null having=null limit=null
09-12 01:30:15.264  1529  1611 I ActivityManager: START u0 {act=android.speech.action.WEB_SEARCH cmp=com.google.android.googlequicksearchbox/.SearchActivity} from uid 1000
09-12 01:30:15.265  4656  4724 V SQLiteStatements: /data/user/0/me.kuehle.carreport/databases/data.db: "SELECT category FROM refueling LEFT OUTER JOIN fuel_type AS refueling__fuel_type ON refueling.fuel_type_id=refueling__fuel_type._id WHERE car_id='43' ORDER BY category COLLATE UNICODE ASC"
09-12 01:30:15.266  4656  4724 D DataProvider: query uri=content://me.kuehle.carreport.provider/refueling selection=car_id=? selectionArgs=[45] sortOrder=category COLLATE UNICODE ASC groupBy=null having=null limit=null
09-12 01:30:15.267  4656  4724 V SQLiteStatements: /data/user/0/me.kuehle.carreport/databases/data.db: "SELECT category FROM refueling LEFT OUTER JOIN fuel_type AS refueling__fuel_type ON refueling.fuel_type_id=refueling__fuel_type._id WHERE car_id='45' ORDER BY category COLLATE UNICODE ASC"
09-12 01:30:15.268  4656  4724 D DataProvider: query uri=content://me.kuehle.carreport.provider/refueling selection=car_id=? selectionArgs=[47] sortOrder=category COLLATE UNICODE ASC groupBy=null having=null limit=null
09-12 01:30:15.271  4656  4661 I zygote  : Do partial code cache collection, code=42KB, data=58KB
09-12 01:30:15.272  4656  4661 I zygote  : After code cache collection, code=42KB, data=58KB
09-12 01:30:15.272  4656  4661 I zygote  : Increasing code cache capacity to 256KB
09-12 01:30:15.272  4656  4661 I zygote  : JIT allocated 71KB for compiled code of void android.widget.TextView.<init>(android.content.Context, android.util.AttributeSet, int, int)
09-12 01:30:15.272  4656  4661 I zygote  : Compiler allocated 4MB to compile void android.widget.TextView.<init>(android.content.Context, android.util.AttributeSet, int, int)
09-12 01:30:15.281  4656  4724 V SQLiteStatements: /data/user/0/me.kuehle.carreport/databases/data.db: "SELECT category FROM refueling LEFT OUTER JOIN fuel_type AS refueling__fuel_type ON refueling.fuel_type_id=refueling__fuel_type._id WHERE car_id='47' ORDER BY category COLLATE UNICODE ASC"
09-12 01:30:15.299  4656  4724 D DataProvider: query uri=content://me.kuehle.carreport.provider/refueling selection=car_id=? selectionArgs=[49] sortOrder=category COLLATE UNICODE ASC groupBy=null having=null limit=null
09-12 01:30:15.308  4656  4724 V SQLiteStatements: /data/user/0/me.kuehle.carreport/databases/data.db: "SELECT category FROM refueling LEFT OUTER JOIN fuel_type AS refueling__fuel_type ON refueling.fuel_type_id=refueling__fuel_type._id WHERE car_id='49' ORDER BY category COLLATE UNICODE ASC"
09-12 01:30:15.315  4656  4724 D DataProvider: query uri=content://me.kuehle.carreport.provider/refueling selection=car_id=? AND category=? selectionArgs=[49, Benzin] sortOrder=date groupBy=null having=null limit=null
09-12 01:30:15.316  4656  4724 V SQLiteStatements: /data/user/0/me.kuehle.carreport/databases/data.db: "SELECT refueling._id AS _id, date, mileage, volume, price, partial, note, fuel_type_id, car_id, fuel_type__name, category, car__name, color, initial_mileage, suspended_since FROM refueling LEFT OUTER JOIN fuel_type AS refueling__fuel_type ON refueling.fuel_type_id=refueling__fuel_type._id LEFT OUTER JOIN car AS refueling__car ON refueling.car_id=refueling__car._id WHERE car_id='49' AND category='Benzin' ORDER BY date"
09-12 01:30:15.325  4656  4661 I zygote  : Do full code cache collection, code=116KB, data=69KB
09-12 01:30:15.325  4656  4661 I zygote  : After code cache collection, code=88KB, data=42KB
09-12 01:30:15.382  4656  4724 D DataProvider: query uri=content://me.kuehle.carreport.provider/refueling selection=car_id=? AND category=? selectionArgs=[49, Gas] sortOrder=date groupBy=null having=null limit=null
09-12 01:30:15.386  4656  4724 V SQLiteStatements: /data/user/0/me.kuehle.carreport/databases/data.db: "SELECT refueling._id AS _id, date, mileage, volume, price, partial, note, fuel_type_id, car_id, fuel_type__name, category, car__name, color, initial_mileage, suspended_since FROM refueling LEFT OUTER JOIN fuel_type AS refueling__fuel_type ON refueling.fuel_type_id=refueling__fuel_type._id LEFT OUTER JOIN car AS refueling__car ON refueling.car_id=refueling__car._id WHERE car_id='49' AND category='Gas' ORDER BY date"
09-12 01:30:15.462  4656  4724 D DataProvider: query uri=content://me.kuehle.carreport.provider/fuel_type selection= selectionArgs=null sortOrder=fuel_type__name COLLATE UNICODE groupBy=null having=null limit=null
09-12 01:30:15.465  4656  4724 V SQLiteStatements: /data/user/0/me.kuehle.carreport/databases/data.db: "SELECT fuel_type._id AS _id, fuel_type__name, category FROM fuel_type ORDER BY fuel_type__name COLLATE UNICODE"
09-12 01:30:15.469  4656  4724 D DataProvider: query uri=content://me.kuehle.carreport.provider/refueling selection=fuel_type_id=? selectionArgs=[69] sortOrder=date groupBy=null having=null limit=null
09-12 01:30:15.472  4656  4724 V SQLiteStatements: /data/user/0/me.kuehle.carreport/databases/data.db: "SELECT refueling._id AS _id, date, mileage, volume, price, partial, note, fuel_type_id, car_id FROM refueling WHERE fuel_type_id='69' ORDER BY date"
09-12 01:30:15.510  4656  4724 D DataProvider: query uri=content://me.kuehle.carreport.provider/refueling selection=fuel_type_id=? selectionArgs=[67] sortOrder=date groupBy=null having=null limit=null
09-12 01:30:15.513  4656  4724 V SQLiteStatements: /data/user/0/me.kuehle.carreport/databases/data.db: "SELECT refueling._id AS _id, date, mileage, volume, price, partial, note, fuel_type_id, car_id FROM refueling WHERE fuel_type_id='67' ORDER BY date"
09-12 01:30:15.517  1529  3974 W ActivityManager: Background start not allowed: service Intent { cmp=com.google.android.apps.photos/com.google.android.libraries.social.async.BackgroundTaskService } to com.google.android.apps.photos/com.google.android.libraries.social.async.BackgroundTaskService from pid=4676 uid=10068 pkg=com.google.android.apps.photos
09-12 01:30:15.518  1319  1319 D gralloc_ranchu: gralloc_alloc: Creating ashmem region of size 4096
09-12 01:30:15.597  1733  1733 D MccTable: updateMccMncConfiguration mccmnc='310260' fromServiceState=false
09-12 01:30:15.600  1733  1733 D MccTable: updateMccMncConfiguration defaultMccMnc=310260
09-12 01:30:15.601  1733  1733 D MccTable: updateMccMncConfiguration: mcc=310, mnc=260
09-12 01:30:15.601  1733  1733 D MccTable: updateMccMncConfiguration updateConfig config={0.0 310mcc260mnc ?localeList ?layoutDir ?swdp ?wdp ?hdp ?density ?lsize ?long ?ldr ?wideColorGamut ?orien ?uimode ?night ?touch ?keyb/?/? ?nav/?}
09-12 01:30:15.643  1655  1890 I vol.Events: writeEvent active_stream_changed STREAM_RING
09-12 01:30:15.648  1655  1890 I vol.Events: writeEvent key STREAM_RING 5
09-12 01:30:15.703  4656  4724 D DataProvider: query uri=content://me.kuehle.carreport.provider/refueling selection=fuel_type_id=? selectionArgs=[68] sortOrder=date groupBy=null having=null limit=null
09-12 01:30:15.708  1529  2362 I ActivityManager: Killing 1998:com.google.android.dialer/u0a18 (adj 904): empty #17
09-12 01:30:15.733  1529  1548 I ActivityManager: Start proc 4734:com.android.cellbroadcastreceiver/u0a4 for broadcast com.android.cellbroadcastreceiver/.CellBroadcastReceiver
09-12 01:30:15.734  1529  3460 W ActivityManager: Background start not allowed: service Intent { cmp=com.google.android.apps.photos/com.google.android.libraries.social.async.BackgroundTaskService } to com.google.android.apps.photos/com.google.android.libraries.social.async.BackgroundTaskService from pid=4676 uid=10068 pkg=com.google.android.apps.photos
09-12 01:30:15.737  4734  4734 W zygote  : Unexpected CPU variant for X86 using defaults: x86
09-12 01:30:15.740  1655  1655 I vol.Events: writeEvent show_dialog volume_changed keyguard=false
09-12 01:30:15.747  4656  4724 V SQLiteStatements: /data/user/0/me.kuehle.carreport/databases/data.db: "SELECT refueling._id AS _id, date, mileage, volume, price, partial, note, fuel_type_id, car_id FROM refueling WHERE fuel_type_id='68' ORDER BY date"
09-12 01:30:15.754  1327  1327 W SurfaceFlinger: couldn't log to binary event log: overflow.
09-12 01:30:15.755  1327  1327 W SurfaceFlinger: couldn't log to binary event log: overflow.
09-12 01:30:15.799  4656  4724 D DataProvider: query uri=content://me.kuehle.carreport.provider/car selection= selectionArgs=null sortOrder=car__name COLLATE UNICODE groupBy=null having=null limit=null
09-12 01:30:15.803  1319  1319 D gralloc_ranchu: gralloc_alloc: Creating ashmem region of size 4096
09-12 01:30:15.842  2182  2182 I PBSessionCacheImpl: Deleted sessionId[427368658386] from persistence.
09-12 01:30:15.885  2182  2182 W SearchService: Abort, client detached.
09-12 01:30:15.890  2182  2182 E WorkerRegistryImpl: getWorker() is called after WorkerRegistry disposal.
09-12 01:30:15.890  2182  2182 E WorkerRegistryImpl: getWorker() is called after WorkerRegistry disposal.
09-12 01:30:15.895  4656  4724 V SQLiteStatements: /data/user/0/me.kuehle.carreport/databases/data.db: "SELECT car._id AS _id, car__name, color, initial_mileage, suspended_since FROM car ORDER BY car__name COLLATE UNICODE"
09-12 01:30:15.902  1319  1319 D gralloc_ranchu: gralloc_alloc: Creating ashmem region of size 4096
09-12 01:30:15.909  4656  4724 D DataProvider: query uri=content://me.kuehle.carreport.provider/refueling selection=car_id=? selectionArgs=[42] sortOrder=date groupBy=null having=null limit=null
09-12 01:30:15.911  4656  4724 V SQLiteStatements: /data/user/0/me.kuehle.carreport/databases/data.db: "SELECT refueling._id AS _id, date, mileage, volume, price, partial, note, fuel_type_id, car_id, fuel_type__name, category, car__name, color, initial_mileage, suspended_since FROM refueling LEFT OUTER JOIN fuel_type AS refueling__fuel_type ON refueling.fuel_type_id=refueling__fuel_type._id LEFT OUTER JOIN car AS refueling__car ON refueling.car_id=refueling__car._id WHERE car_id='42' ORDER BY date"
09-12 01:30:15.912  4656  4724 D DataProvider: query uri=content://me.kuehle.carreport.provider/refueling selection=car_id=? selectionArgs=[42] sortOrder=category COLLATE UNICODE ASC groupBy=null having=null limit=null
09-12 01:30:15.915  1326  1326 E lowmemorykiller: Error writing /proc/4546/oom_score_adj; errno=22
09-12 01:30:15.920  1529  3459 I ActivityManager: Killing 4546:com.android.chrome:sandboxed_process1/u0a30i1 (adj 0): isolated not needed
09-12 01:30:15.926  1529  1550 W zygote  : failed to open /acct/uid_99001/pid_4546/cgroup.procs: No such file or directory
09-12 01:30:15.926  1319  1319 D gralloc_ranchu: gralloc_alloc: Creating ashmem region of size 4096
09-12 01:30:15.927  4656  4724 V SQLiteStatements: /data/user/0/me.kuehle.carreport/databases/data.db: "SELECT category FROM refueling LEFT OUTER JOIN fuel_type AS refueling__fuel_type ON refueling.fuel_type_id=refueling__fuel_type._id WHERE car_id='42' ORDER BY category COLLATE UNICODE ASC"
09-12 01:30:15.940  1529  1551 E KernelCpuSpeedReader: Failed to read cpu-freq: /sys/devices/system/cpu/cpu0/cpufreq/stats/time_in_state (No such file or directory)
09-12 01:30:15.940  1529  1551 E KernelUidCpuTimeReader: Failed to read uid_cputime: /proc/uid_cputime/show_uid_stat (No such file or directory)
09-12 01:30:15.940  1529  1551 E KernelUidCpuFreqTimeReader: Failed to read /proc/uid_time_in_state: java.io.FileNotFoundException: /proc/uid_time_in_state (No such file or directory)
09-12 01:30:15.941  1529  1551 E KernelUidCpuTimeReader: failed to remove uid from uid_cputime module
09-12 01:30:15.941  1529  1551 E KernelUidCpuTimeReader: java.io.FileNotFoundException: /proc/uid_cputime/remove_uid_range (No such file or directory)
09-12 01:30:15.941  1529  1551 E KernelUidCpuTimeReader: 	at java.io.FileOutputStream.open0(Native Method)
09-12 01:30:15.941  1529  1551 E KernelUidCpuTimeReader: 	at java.io.FileOutputStream.open(FileOutputStream.java:287)
09-12 01:30:15.941  1529  1551 E KernelUidCpuTimeReader: 	at java.io.FileOutputStream.<init>(FileOutputStream.java:223)
09-12 01:30:15.941  1529  1551 E KernelUidCpuTimeReader: 	at java.io.FileOutputStream.<init>(FileOutputStream.java:110)
09-12 01:30:15.941  1529  1551 E KernelUidCpuTimeReader: 	at java.io.FileWriter.<init>(FileWriter.java:63)
09-12 01:30:15.941  1529  1551 E KernelUidCpuTimeReader: 	at com.android.internal.os.KernelUidCpuTimeReader.removeUid(KernelUidCpuTimeReader.java:139)
09-12 01:30:15.941  1529  1551 E KernelUidCpuTimeReader: 	at com.android.internal.os.BatteryStatsImpl.removeIsolatedUidLocked(BatteryStatsImpl.java:3520)
09-12 01:30:15.941  1529  1551 E KernelUidCpuTimeReader: 	at com.android.server.am.BatteryStatsService$BatteryStatsHandler.handleMessage(BatteryStatsService.java:149)
09-12 01:30:15.941  1529  1551 E KernelUidCpuTimeReader: 	at android.os.Handler.dispatchMessage(Handler.java:105)
09-12 01:30:15.941  1529  1551 E KernelUidCpuTimeReader: 	at android.os.Looper.loop(Looper.java:164)
09-12 01:30:15.941  1529  1551 E KernelUidCpuTimeReader: 	at android.os.HandlerThread.run(HandlerThread.java:65)
09-12 01:30:15.941  1529  1551 E KernelUidCpuTimeReader: 	at com.android.server.ServiceThread.run(ServiceThread.java:46)
09-12 01:30:15.948  4656  4724 D DataProvider: query uri=content://me.kuehle.carreport.provider/refueling selection=car_id=? selectionArgs=[42] sortOrder=date groupBy=null having=null limit=null
09-12 01:30:15.956  1529  1549 D AutofillManagerService: onBackKeyPressed()
09-12 01:30:15.969  4656  4724 V SQLiteStatements: /data/user/0/me.kuehle.carreport/databases/data.db: "SELECT refueling._id AS _id, date, mileage, volume, price, partial, note, fuel_type_id, car_id, fuel_type__name, category, car__name, color, initial_mileage, suspended_since FROM refueling LEFT OUTER JOIN fuel_type AS refueling__fuel_type ON refueling.fuel_type_id=refueling__fuel_type._id LEFT OUTER JOIN car AS refueling__car ON refueling.car_id=refueling__car._id WHERE car_id='42' ORDER BY date"
09-12 01:30:15.972  1655  1926 D         : SurfaceInterface::setAsyncMode: set async mode 1
09-12 01:30:15.997  4656  4724 D DataProvider: query uri=content://me.kuehle.carreport.provider/refueling selection=car_id=? selectionArgs=[44] sortOrder=date groupBy=null having=null limit=null
09-12 01:30:16.009  4656  4724 V SQLiteStatements: /data/user/0/me.kuehle.carreport/databases/data.db: "SELECT refueling._id AS _id, date, mileage, volume, price, partial, note, fuel_type_id, car_id, fuel_type__name, category, car__name, color, initial_mileage, suspended_since FROM refueling LEFT OUTER JOIN fuel_type AS refueling__fuel_type ON refueling.fuel_type_id=refueling__fuel_type._id LEFT OUTER JOIN car AS refueling__car ON refueling.car_id=refueling__car._id WHERE car_id='44' ORDER BY date"
09-12 01:30:16.017  4656  4724 D DataProvider: query uri=content://me.kuehle.carreport.provider/refueling selection=car_id=? selectionArgs=[44] sortOrder=category COLLATE UNICODE ASC groupBy=null having=null limit=null
09-12 01:30:16.023  4656  4724 V SQLiteStatements: /data/user/0/me.kuehle.carreport/databases/data.db: "SELECT category FROM refueling LEFT OUTER JOIN fuel_type AS refueling__fuel_type ON refueling.fuel_type_id=refueling__fuel_type._id WHERE car_id='44' ORDER BY category COLLATE UNICODE ASC"
09-12 01:30:16.029  4656  4724 D DataProvider: query uri=content://me.kuehle.carreport.provider/refueling selection=car_id=? selectionArgs=[44] sortOrder=date groupBy=null having=null limit=null
09-12 01:30:16.041  4656  4724 V SQLiteStatements: /data/user/0/me.kuehle.carreport/databases/data.db: "SELECT refueling._id AS _id, date, mileage, volume, price, partial, note, fuel_type_id, car_id, fuel_type__name, category, car__name, color, initial_mileage, suspended_since FROM refueling LEFT OUTER JOIN fuel_type AS refueling__fuel_type ON refueling.fuel_type_id=refueling__fuel_type._id LEFT OUTER JOIN car AS refueling__car ON refueling.car_id=refueling__car._id WHERE car_id='44' ORDER BY date"
09-12 01:30:16.050  4656  4724 D DataProvider: query uri=content://me.kuehle.carreport.provider/refueling selection=car_id=? selectionArgs=[46] sortOrder=date groupBy=null having=null limit=null
09-12 01:30:16.056  4656  4724 V SQLiteStatements: /data/user/0/me.kuehle.carreport/databases/data.db: "SELECT refueling._id AS _id, date, mileage, volume, price, partial, note, fuel_type_id, car_id, fuel_type__name, category, car__name, color, initial_mileage, suspended_since FROM refueling LEFT OUTER JOIN fuel_type AS refueling__fuel_type ON refueling.fuel_type_id=refueling__fuel_type._id LEFT OUTER JOIN car AS refueling__car ON refueling.car_id=refueling__car._id WHERE car_id='46' ORDER BY date"
09-12 01:30:16.061  4656  4724 D DataProvider: query uri=content://me.kuehle.carreport.provider/refueling selection=car_id=? selectionArgs=[46] sortOrder=category COLLATE UNICODE ASC groupBy=null having=null limit=null
09-12 01:30:16.066  4656  4724 V SQLiteStatements: /data/user/0/me.kuehle.carreport/databases/data.db: "SELECT category FROM refueling LEFT OUTER JOIN fuel_type AS refueling__fuel_type ON refueling.fuel_type_id=refueling__fuel_type._id WHERE car_id='46' ORDER BY category COLLATE UNICODE ASC"
09-12 01:30:16.071  4656  4724 D DataProvider: query uri=content://me.kuehle.carreport.provider/refueling selection=car_id=? selectionArgs=[46] sortOrder=date groupBy=null having=null limit=null
09-12 01:30:16.078  4656  4724 V SQLiteStatements: /data/user/0/me.kuehle.carreport/databases/data.db: "SELECT refueling._id AS _id, date, mileage, volume, price, partial, note, fuel_type_id, car_id, fuel_type__name, category, car__name, color, initial_mileage, suspended_since FROM refueling LEFT OUTER JOIN fuel_type AS refueling__fuel_type ON refueling.fuel_type_id=refueling__fuel_type._id LEFT OUTER JOIN car AS refueling__car ON refueling.car_id=refueling__car._id WHERE car_id='46' ORDER BY date"
09-12 01:30:16.080  2182  4458 D EGL_emulation: eglMakeCurrent: 0x846534a0: ver 2 0 (tinfo 0x83cf22f0)
09-12 01:30:16.082  4656  4724 D DataProvider: query uri=content://me.kuehle.carreport.provider/refueling selection=car_id=? selectionArgs=[48] sortOrder=date groupBy=null having=null limit=null
09-12 01:30:16.085  4656  4724 V SQLiteStatements: /data/user/0/me.kuehle.carreport/databases/data.db: "SELECT refueling._id AS _id, date, mileage, volume, price, partial, note, fuel_type_id, car_id, fuel_type__name, category, car__name, color, initial_mileage, suspended_since FROM refueling LEFT OUTER JOIN fuel_type AS refueling__fuel_type ON refueling.fuel_type_id=refueling__fuel_type._id LEFT OUTER JOIN car AS refueling__car ON refueling.car_id=refueling__car._id WHERE car_id='48' ORDER BY date"
09-12 01:30:16.137  4656  4724 D DataProvider: query uri=content://me.kuehle.carreport.provider/refueling selection=car_id=? selectionArgs=[48] sortOrder=category COLLATE UNICODE ASC groupBy=null having=null limit=null
09-12 01:30:16.139  4656  4724 V SQLiteStatements: /data/user/0/me.kuehle.carreport/databases/data.db: "SELECT category FROM refueling LEFT OUTER JOIN fuel_type AS refueling__fuel_type ON refueling.fuel_type_id=refueling__fuel_type._id WHERE car_id='48' ORDER BY category COLLATE UNICODE ASC"
09-12 01:30:16.144  4656  4724 D DataProvider: query uri=content://me.kuehle.carreport.provider/refueling selection=car_id=? AND category=? selectionArgs=[48, Benzin] sortOrder=date groupBy=null having=null limit=null
09-12 01:30:16.146  4656  4724 V SQLiteStatements: /data/user/0/me.kuehle.carreport/databases/data.db: "SELECT refueling._id AS _id, date, mileage, volume, price, partial, note, fuel_type_id, car_id, fuel_type__name, category, car__name, color, initial_mileage, suspended_since FROM refueling LEFT OUTER JOIN fuel_type AS refueling__fuel_type ON refueling.fuel_type_id=refueling__fuel_type._id LEFT OUTER JOIN car AS refueling__car ON refueling.car_id=refueling__car._id WHERE car_id='48' AND category='Benzin' ORDER BY date"
09-12 01:30:16.159  1655  1926 D EGL_emulation: eglMakeCurrent: 0x8d9d45a0: ver 2 0 (tinfo 0x8d9c9c40)
09-12 01:30:16.182  4656  4724 D DataProvider: query uri=content://me.kuehle.carreport.provider/refueling selection=car_id=? selectionArgs=[48] sortOrder=date groupBy=null having=null limit=null
09-12 01:30:16.185  4656  4724 V SQLiteStatements: /data/user/0/me.kuehle.carreport/databases/data.db: "SELECT refueling._id AS _id, date, mileage, volume, price, partial, note, fuel_type_id, car_id, fuel_type__name, category, car__name, color, initial_mileage, suspended_since FROM refueling LEFT OUTER JOIN fuel_type AS refueling__fuel_type ON refueling.fuel_type_id=refueling__fuel_type._id LEFT OUTER JOIN car AS refueling__car ON refueling.car_id=refueling__car._id WHERE car_id='48' ORDER BY date"
09-12 01:30:16.188  1655  1926 D EGL_emulation: eglMakeCurrent: 0x8d9d45a0: ver 2 0 (tinfo 0x8d9c9c40)
09-12 01:30:16.268  4656  4724 D DataProvider: query uri=content://me.kuehle.carreport.provider/refueling selection=car_id=? selectionArgs=[43] sortOrder=date groupBy=null having=null limit=null
09-12 01:30:16.271  4656  4724 V SQLiteStatements: /data/user/0/me.kuehle.carreport/databases/data.db: "SELECT refueling._id AS _id, date, mileage, volume, price, partial, note, fuel_type_id, car_id, fuel_type__name, category, car__name, color, initial_mileage, suspended_since FROM refueling LEFT OUTER JOIN fuel_type AS refueling__fuel_type ON refueling.fuel_type_id=refueling__fuel_type._id LEFT OUTER JOIN car AS refueling__car ON refueling.car_id=refueling__car._id WHERE car_id='43' ORDER BY date"
09-12 01:30:16.272  4656  4724 D DataProvider: query uri=content://me.kuehle.carreport.provider/refueling selection=car_id=? selectionArgs=[43] sortOrder=category COLLATE UNICODE ASC groupBy=null having=null limit=null
09-12 01:30:16.274  4656  4724 V SQLiteStatements: /data/user/0/me.kuehle.carreport/databases/data.db: "SELECT category FROM refueling LEFT OUTER JOIN fuel_type AS refueling__fuel_type ON refueling.fuel_type_id=refueling__fuel_type._id WHERE car_id='43' ORDER BY category COLLATE UNICODE ASC"
09-12 01:30:16.276  4656  4724 D DataProvider: query uri=content://me.kuehle.carreport.provider/refueling selection=car_id=? selectionArgs=[43] sortOrder=date groupBy=null having=null limit=null
09-12 01:30:16.280  4656  4724 V SQLiteStatements: /data/user/0/me.kuehle.carreport/databases/data.db: "SELECT refueling._id AS _id, date, mileage, volume, price, partial, note, fuel_type_id, car_id, fuel_type__name, category, car__name, color, initial_mileage, suspended_since FROM refueling LEFT OUTER JOIN fuel_type AS refueling__fuel_type ON refueling.fuel_type_id=refueling__fuel_type._id LEFT OUTER JOIN car AS refueling__car ON refueling.car_id=refueling__car._id WHERE car_id='43' ORDER BY date"
09-12 01:30:16.282  4656  4724 D DataProvider: query uri=content://me.kuehle.carreport.provider/refueling selection=car_id=? selectionArgs=[45] sortOrder=date groupBy=null having=null limit=null
09-12 01:30:16.283  4656  4724 V SQLiteStatements: /data/user/0/me.kuehle.carreport/databases/data.db: "SELECT refueling._id AS _id, date, mileage, volume, price, partial, note, fuel_type_id, car_id, fuel_type__name, category, car__name, color, initial_mileage, suspended_since FROM refueling LEFT OUTER JOIN fuel_type AS refueling__fuel_type ON refueling.fuel_type_id=refueling__fuel_type._id LEFT OUTER JOIN car AS refueling__car ON refueling.car_id=refueling__car._id WHERE car_id='45' ORDER BY date"
09-12 01:30:16.288  4656  4724 D DataProvider: query uri=content://me.kuehle.carreport.provider/refueling selection=car_id=? selectionArgs=[45] sortOrder=category COLLATE UNICODE ASC groupBy=null having=null limit=null
09-12 01:30:16.294  4656  4724 V SQLiteStatements: /data/user/0/me.kuehle.carreport/databases/data.db: "SELECT category FROM refueling LEFT OUTER JOIN fuel_type AS refueling__fuel_type ON refueling.fuel_type_id=refueling__fuel_type._id WHERE car_id='45' ORDER BY category COLLATE UNICODE ASC"
09-12 01:30:16.296  1655  1926 D EGL_emulation: eglMakeCurrent: 0x8d9d45a0: ver 2 0 (tinfo 0x8d9c9c40)
09-12 01:30:16.300  1529  1529 I GnssLocationProvider: WakeLock acquired by sendMessage(SUBSCRIPTION_OR_SIM_CHANGED, 0, null)
09-12 01:30:16.311  4656  4724 D DataProvider: query uri=content://me.kuehle.carreport.provider/refueling selection=car_id=? selectionArgs=[45] sortOrder=date groupBy=null having=null limit=null
09-12 01:30:16.318  4656  4724 V SQLiteStatements: /data/user/0/me.kuehle.carreport/databases/data.db: "SELECT refueling._id AS _id, date, mileage, volume, price, partial, note, fuel_type_id, car_id, fuel_type__name, category, car__name, color, initial_mileage, suspended_since FROM refueling LEFT OUTER JOIN fuel_type AS refueling__fuel_type ON refueling.fuel_type_id=refueling__fuel_type._id LEFT OUTER JOIN car AS refueling__car ON refueling.car_id=refueling__car._id WHERE car_id='45' ORDER BY date"
09-12 01:30:16.323  4656  4724 D DataProvider: query uri=content://me.kuehle.carreport.provider/refueling selection=car_id=? selectionArgs=[47] sortOrder=date groupBy=null having=null limit=null
09-12 01:30:16.328  4656  4724 V SQLiteStatements: /data/user/0/me.kuehle.carreport/databases/data.db: "SELECT refueling._id AS _id, date, mileage, volume, price, partial, note, fuel_type_id, car_id, fuel_type__name, category, car__name, color, initial_mileage, suspended_since FROM refueling LEFT OUTER JOIN fuel_type AS refueling__fuel_type ON refueling.fuel_type_id=refueling__fuel_type._id LEFT OUTER JOIN car AS refueling__car ON refueling.car_id=refueling__car._id WHERE car_id='47' ORDER BY date"
09-12 01:30:16.331  1655  1926 D EGL_emulation: eglMakeCurrent: 0x8d9d45a0: ver 2 0 (tinfo 0x8d9c9c40)
09-12 01:30:16.335  4656  4724 D DataProvider: query uri=content://me.kuehle.carreport.provider/refueling selection=car_id=? selectionArgs=[47] sortOrder=category COLLATE UNICODE ASC groupBy=null having=null limit=null
09-12 01:30:16.337  4656  4724 V SQLiteStatements: /data/user/0/me.kuehle.carreport/databases/data.db: "SELECT category FROM refueling LEFT OUTER JOIN fuel_type AS refueling__fuel_type ON refueling.fuel_type_id=refueling__fuel_type._id WHERE car_id='47' ORDER BY category COLLATE UNICODE ASC"
09-12 01:30:16.339  4656  4724 D DataProvider: query uri=content://me.kuehle.carreport.provider/refueling selection=car_id=? selectionArgs=[47] sortOrder=date groupBy=null having=null limit=null
09-12 01:30:16.341  1655  1926 D EGL_emulation: eglMakeCurrent: 0x8d9d45a0: ver 2 0 (tinfo 0x8d9c9c40)
09-12 01:30:16.344  4656  4724 V SQLiteStatements: /data/user/0/me.kuehle.carreport/databases/data.db: "SELECT refueling._id AS _id, date, mileage, volume, price, partial, note, fuel_type_id, car_id, fuel_type__name, category, car__name, color, initial_mileage, suspended_since FROM refueling LEFT OUTER JOIN fuel_type AS refueling__fuel_type ON refueling.fuel_type_id=refueling__fuel_type._id LEFT OUTER JOIN car AS refueling__car ON refueling.car_id=refueling__car._id WHERE car_id='47' ORDER BY date"
09-12 01:30:16.347  4656  4724 D DataProvider: query uri=content://me.kuehle.carreport.provider/refueling selection=car_id=? selectionArgs=[49] sortOrder=date groupBy=null having=null limit=null
09-12 01:30:16.349  4656  4724 V SQLiteStatements: /data/user/0/me.kuehle.carreport/databases/data.db: "SELECT refueling._id AS _id, date, mileage, volume, price, partial, note, fuel_type_id, car_id, fuel_type__name, category, car__name, color, initial_mileage, suspended_since FROM refueling LEFT OUTER JOIN fuel_type AS refueling__fuel_type ON refueling.fuel_type_id=refueling__fuel_type._id LEFT OUTER JOIN car AS refueling__car ON refueling.car_id=refueling__car._id WHERE car_id='49' ORDER BY date"
09-12 01:30:16.356  4734  4734 D CellBroadcastReceiver: onReceive Intent { act=android.telephony.action.DEFAULT_SMS_SUBSCRIPTION_CHANGED flg=0x21000010 cmp=com.android.cellbroadcastreceiver/.CellBroadcastReceiver (has extras) }
09-12 01:30:16.357  4734  4734 D CellBroadcastReceiver: Start Cell Broadcast configuration.
09-12 01:30:16.357  1655  1926 D EGL_emulation: eglMakeCurrent: 0x8d9d45a0: ver 2 0 (tinfo 0x8d9c9c40)
09-12 01:30:16.373  1733  1733 D MccTable: updateMccMncConfiguration mccmnc='310260' fromServiceState=false
09-12 01:30:16.374  1733  1733 D MccTable: updateMccMncConfiguration defaultMccMnc=310260
09-12 01:30:16.374  1733  1733 D MccTable: updateMccMncConfiguration: mcc=310, mnc=260
09-12 01:30:16.374  1733  1733 D MccTable: updateMccMncConfiguration updateConfig config={0.0 310mcc260mnc ?localeList ?layoutDir ?swdp ?wdp ?hdp ?density ?lsize ?long ?ldr ?wideColorGamut ?orien ?uimode ?night ?touch ?keyb/?/? ?nav/?}
09-12 01:30:16.376  1655  1926 D EGL_emulation: eglMakeCurrent: 0x8d9d45a0: ver 2 0 (tinfo 0x8d9c9c40)
09-12 01:30:16.389  4020  4020 D BugleThrottledAction: CountryCodeDetectorAction scheduled in 99067ms, so not scheduled again.
09-12 01:30:16.397  1655  1926 D EGL_emulation: eglMakeCurrent: 0x8d9d45a0: ver 2 0 (tinfo 0x8d9c9c40)
09-12 01:30:16.401  4734  4734 D CellBroadcastReceiver: Default interval 0 did not change.
09-12 01:30:16.404  1655  1926 D EGL_emulation: eglMakeCurrent: 0x8d9d45a0: ver 2 0 (tinfo 0x8d9c9c40)
09-12 01:30:16.412  1529  1547 E GnssLocationProvider: no AGPS interface in set_agps_server
09-12 01:30:16.413  1529  1547 I GnssLocationProvider: WakeLock released by handleMessage(SUBSCRIPTION_OR_SIM_CHANGED, 0, null)
09-12 01:30:16.415  4020  4020 V BugleThrottledAction: SelfParticipantsRefreshAction scheduled to run now.
09-12 01:30:16.418  1655  1926 D EGL_emulation: eglMakeCurrent: 0x8d9d45a0: ver 2 0 (tinfo 0x8d9c9c40)
09-12 01:30:16.427  1655  1926 D EGL_emulation: eglMakeCurrent: 0x8d9d45a0: ver 2 0 (tinfo 0x8d9c9c40)
09-12 01:30:16.429  4734  4756 D CellBroadcastConfigService: Enable CellBroadcast on sub 1
09-12 01:30:16.433  1529  2363 I ActivityManager: START u0 {act=android.intent.action.MAIN cat=[android.intent.category.LAUNCHER] flg=0x10200000 cmp=me.kuehle.carreport/.gui.MainActivity} from uid 2000
09-12 01:30:16.434  1655  1926 D EGL_emulation: eglMakeCurrent: 0x8d9d45a0: ver 2 0 (tinfo 0x8d9c9c40)
09-12 01:30:16.435  1655  1655 I vol.Events: writeEvent touch_level_changed STREAM_RING 6
09-12 01:30:16.436  1655  1655 I vol.Events: writeEvent touch_level_done STREAM_RING 6
09-12 01:30:16.440  1319  1319 D gralloc_ranchu: gralloc_alloc: Creating ashmem region of size 4096
09-12 01:30:16.441  4656  4724 D DataProvider: query uri=content://me.kuehle.carreport.provider/refueling selection=car_id=? selectionArgs=[49] sortOrder=category COLLATE UNICODE ASC groupBy=null having=null limit=null
09-12 01:30:16.447  4656  4724 V SQLiteStatements: /data/user/0/me.kuehle.carreport/databases/data.db: "SELECT category FROM refueling LEFT OUTER JOIN fuel_type AS refueling__fuel_type ON refueling.fuel_type_id=refueling__fuel_type._id WHERE car_id='49' ORDER BY category COLLATE UNICODE ASC"
09-12 01:30:16.449  1655  1926 D EGL_emulation: eglMakeCurrent: 0x8d9d45a0: ver 2 0 (tinfo 0x8d9c9c40)
09-12 01:30:16.450  1529  1529 I GnssLocationProvider: WakeLock acquired by sendMessage(SUBSCRIPTION_OR_SIM_CHANGED, 0, null)
09-12 01:30:16.451  4020  4020 D BugleThrottledAction: CountryCodeDetectorAction already scheduled in 98994ms, not scheduling it again.
09-12 01:30:16.455  4020  4020 D BugleThrottledAction: SelfParticipantsRefreshAction scheduled in 119965ms, so not scheduled again.
09-12 01:30:16.466  4656  4724 D DataProvider: query uri=content://me.kuehle.carreport.provider/refueling selection=car_id=? AND category=? selectionArgs=[49, Benzin] sortOrder=date groupBy=null having=null limit=null
09-12 01:30:16.468  1655  1926 D EGL_emulation: eglMakeCurrent: 0x8d9d45a0: ver 2 0 (tinfo 0x8d9c9c40)
09-12 01:30:16.476  4656  4724 V SQLiteStatements: /data/user/0/me.kuehle.carreport/databases/data.db: "SELECT refueling._id AS _id, date, mileage, volume, price, partial, note, fuel_type_id, car_id, fuel_type__name, category, car__name, color, initial_mileage, suspended_since FROM refueling LEFT OUTER JOIN fuel_type AS refueling__fuel_type ON refueling.fuel_type_id=refueling__fuel_type._id LEFT OUTER JOIN car AS refueling__car ON refueling.car_id=refueling__car._id WHERE car_id='49' AND category='Benzin' ORDER BY date"
09-12 01:30:16.480  1655  1890 I vol.Events: writeEvent level_changed STREAM_SYSTEM 6
09-12 01:30:16.481  1655  1890 I vol.Events: writeEvent level_changed STREAM_RING 6
09-12 01:30:16.483  4656  4661 I zygote  : Do partial code cache collection, code=116KB, data=63KB
09-12 01:30:16.483  4656  4661 I zygote  : After code cache collection, code=116KB, data=63KB
09-12 01:30:16.484  4656  4661 I zygote  : Increasing code cache capacity to 512KB
09-12 01:30:16.490  1655  1926 D EGL_emulation: eglMakeCurrent: 0x8d9d45a0: ver 2 0 (tinfo 0x8d9c9c40)
09-12 01:30:16.507  1655  1926 I chatty  : uid=10029(u0_a29) RenderThread identical 2 lines
09-12 01:30:16.519  1655  1926 D EGL_emulation: eglMakeCurrent: 0x8d9d45a0: ver 2 0 (tinfo 0x8d9c9c40)
09-12 01:30:16.524  1529  1547 E GnssLocationProvider: no AGPS interface in set_agps_server
09-12 01:30:16.528  1655  1926 D EGL_emulation: eglMakeCurrent: 0x8d9d45a0: ver 2 0 (tinfo 0x8d9c9c40)
09-12 01:30:16.534  1529  1547 I GnssLocationProvider: WakeLock released by handleMessage(SUBSCRIPTION_OR_SIM_CHANGED, 0, null)
09-12 01:30:16.541  1655  1926 D EGL_emulation: eglMakeCurrent: 0x8d9d45a0: ver 2 0 (tinfo 0x8d9c9c40)
09-12 01:30:16.547  1733  1967 I chatty  : uid=1001(radio) Binder:1733_3 expire 1 line
09-12 01:30:16.557  4020  4755 W Bugle   : canonicalizeMccMnc: invalid mccmnc:null ,null
09-12 01:30:16.584  1529  1529 D WifiService: resetting networks because SIM was loaded
09-12 01:30:16.646  4656  4724 D DataProvider: query uri=content://me.kuehle.carreport.provider/refueling selection=car_id=? AND category=? selectionArgs=[49, Gas] sortOrder=date groupBy=null having=null limit=null
09-12 01:30:16.651  1529  1547 E GnssLocationProvider: no AGPS interface in set_agps_server
09-12 01:30:16.671  4656  4724 V SQLiteStatements: /data/user/0/me.kuehle.carreport/databases/data.db: "SELECT refueling._id AS _id, date, mileage, volume, price, partial, note, fuel_type_id, car_id, fuel_type__name, category, car__name, color, initial_mileage, suspended_since FROM refueling LEFT OUTER JOIN fuel_type AS refueling__fuel_type ON refueling.fuel_type_id=refueling__fuel_type._id LEFT OUTER JOIN car AS refueling__car ON refueling.car_id=refueling__car._id WHERE car_id='49' AND category='Gas' ORDER BY date"
09-12 01:30:16.672  1655  1926 D EGL_emulation: eglMakeCurrent: 0x8d9d45a0: ver 2 0 (tinfo 0x8d9c9c40)
09-12 01:30:16.676  1655  1655 I vol.Events: writeEvent dismiss_dialog touch_outside
09-12 01:30:16.677  1529  2363 D MmsServiceBroker: getCarrierConfigValues() by com.google.android.apps.messaging
09-12 01:30:16.677  1733  4760 I chatty  : uid=1001(radio) Binder:1733_6 expire 4 lines
09-12 01:30:16.679  1655  1926 D EGL_emulation: eglMakeCurrent: 0x8d9d45a0: ver 2 0 (tinfo 0x8d9c9c40)
09-12 01:30:16.681  1655  1890 I vol.Events: writeEvent active_stream_changed UNKNOWN_STREAM_-1
09-12 01:30:16.695  4020  4755 I Bugle   : Carrier configs loaded: Bundle[{httpSocketTimeout=60000, aliasMinChars=2, smsToMmsTextThreshold=-1, enableSMSDeliveryReports=true, maxMessageTextSize=-1, supportMmsContentDisposition=true, enabledTransID=false, aliasEnabled=false, supportHttpCharsetHeader=false, allowAttachAudio=true, spamForwardingNumber=7726, smsToMmsTextLengthThreshold=-1, recipientLimit=2147483647, uaProfTagName=x-wap-profile, aliasMaxChars=48, maxImageHeight=1944, enableMMSDeliveryReports=false, userAgent=, mmsCloseConnection=false, config_cellBroadcastAppLinks=true, maxSubjectLength=40, httpParams=, enableGroupMms=true, allowEnablingWapPushSI=false, emailGatewayNumber=, maxMessageSize=1048576, naiSuffix=, enableMMSReadReports=false, maxImageWidth=2592, uaProfUrl=, enabledMMS=true, enabledNotifyWapMMSC=false, enableWapPushSI=true, sendMultipartSmsAsSeparateMessages=false, enableMultipartSMS=true}] from resources+system for subId=1
09-12 01:30:16.709  1655  1926 D EGL_emulation: eglMakeCurrent: 0x8d9d45a0: ver 2 0 (tinfo 0x8d9c9c40)
09-12 01:30:16.754  1655  1926 D EGL_emulation: eglMakeCurrent: 0x8d9d45a0: ver 2 0 (tinfo 0x8d9c9c40)
09-12 01:30:16.760  4020  4755 W Bugle   : canonicalizeMccMnc: invalid mccmnc:null ,null
09-12 01:30:16.763  4656  4724 D DataProvider: query uri=content://me.kuehle.carreport.provider/refueling selection=car_id=? selectionArgs=[49] sortOrder=date groupBy=null having=null limit=null
09-12 01:30:16.773  4656  4724 V SQLiteStatements: /data/user/0/me.kuehle.carreport/databases/data.db: "SELECT refueling._id AS _id, date, mileage, volume, price, partial, note, fuel_type_id, car_id, fuel_type__name, category, car__name, color, initial_mileage, suspended_since FROM refueling LEFT OUTER JOIN fuel_type AS refueling__fuel_type ON refueling.fuel_type_id=refueling__fuel_type._id LEFT OUTER JOIN car AS refueling__car ON refueling.car_id=refueling__car._id WHERE car_id='49' ORDER BY date"
09-12 01:30:16.778  1655  1926 D EGL_emulation: eglMakeCurrent: 0x8d9d45a0: ver 2 0 (tinfo 0x8d9c9c40)
09-12 01:30:16.794  1529  3460 D MmsServiceBroker: getCarrierConfigValues() by com.google.android.apps.messaging
09-12 01:30:16.795  1655  1926 D EGL_emulation: eglMakeCurrent: 0x8d9d45a0: ver 2 0 (tinfo 0x8d9c9c40)
