09-12 01:20:59.497  2728  2728 E ActivityThread: 	at com.android.internal.os.Zygote$MethodAndArgsCaller.run(Zygote.java:240)
09-12 01:20:59.497  2728  2728 E ActivityThread: 	at com.android.internal.os.ZygoteInit.main(ZygoteInit.java:767)
09-12 01:20:59.499  2728  2728 E ActivityThread: Service com.google.android.rcs.service.service.JibeService has leaked IntentReceiver com.google.android.ims.network.e@c728fad that was originally registered here. Are you missing a call to unregisterReceiver()?
09-12 01:20:59.499  2728  2728 E ActivityThread: android.app.IntentReceiverLeaked: Service com.google.android.rcs.service.service.JibeService has leaked IntentReceiver com.google.android.ims.network.e@c728fad that was originally registered here. Are you missing a call to unregisterReceiver()?
09-12 01:20:59.499  2728  2728 E ActivityThread: 	at android.app.LoadedApk$ReceiverDispatcher.<init>(LoadedApk.java:1333)
09-12 01:20:59.499  2728  2728 E ActivityThread: 	at android.app.LoadedApk.getReceiverDispatcher(LoadedApk.java:1114)
09-12 01:20:59.499  2728  2728 E ActivityThread: 	at android.app.ContextImpl.registerReceiverInternal(ContextImpl.java:1405)
09-12 01:20:59.499  2728  2728 E ActivityThread: 	at android.app.ContextImpl.registerReceiver(ContextImpl.java:1378)
09-12 01:20:59.499  2728  2728 E ActivityThread: 	at android.app.ContextImpl.registerReceiver(ContextImpl.java:1366)
09-12 01:20:59.499  2728  2728 E ActivityThread: 	at android.content.ContextWrapper.registerReceiver(ContextWrapper.java:603)
09-12 01:20:59.499  2728  2728 E ActivityThread: 	at com.google.android.ims.network.a.<init>(SourceFile:48)
09-12 01:20:59.499  2728  2728 E ActivityThread: 	at com.google.android.ims.f.a.a(SourceFile:12)
09-12 01:20:59.499  2728  2728 E ActivityThread: 	at com.google.android.rcs.service.e.a(SourceFile:4)
09-12 01:20:59.499  2728  2728 E ActivityThread: 	at com.google.android.rcs.service.service.JibeService.d(SourceFile:145)
09-12 01:20:59.499  2728  2728 E ActivityThread: 	at com.google.android.rcs.service.service.JibeService.onCreate(SourceFile:91)
09-12 01:20:59.499  2728  2728 E ActivityThread: 	at android.app.ActivityThread.handleCreateService(ActivityThread.java:3404)
09-12 01:20:59.499  2728  2728 E ActivityThread: 	at android.app.ActivityThread.-wrap4(Unknown Source:0)
09-12 01:20:59.499  2728  2728 E ActivityThread: 	at android.app.ActivityThread$H.handleMessage(ActivityThread.java:1683)
09-12 01:20:59.499  2728  2728 E ActivityThread: 	at android.os.Handler.dispatchMessage(Handler.java:105)
09-12 01:20:59.499  2728  2728 E ActivityThread: 	at android.os.Looper.loop(Looper.java:164)
09-12 01:20:59.499  2728  2728 E ActivityThread: 	at android.app.ActivityThread.main(ActivityThread.java:6541)
09-12 01:20:59.499  2728  2728 E ActivityThread: 	at java.lang.reflect.Method.invoke(Native Method)
09-12 01:20:59.499  2728  2728 E ActivityThread: 	at com.android.internal.os.Zygote$MethodAndArgsCaller.run(Zygote.java:240)
09-12 01:20:59.499  2728  2728 E ActivityThread: 	at com.android.internal.os.ZygoteInit.main(ZygoteInit.java:767)
09-12 01:20:59.502  2728  2728 E ActivityThread: Service com.google.android.rcs.service.service.JibeService has leaked IntentReceiver com.google.android.ims.e@fed1039 that was originally registered here. Are you missing a call to unregisterReceiver()?
09-12 01:20:59.502  2728  2728 E ActivityThread: android.app.IntentReceiverLeaked: Service com.google.android.rcs.service.service.JibeService has leaked IntentReceiver com.google.android.ims.e@fed1039 that was originally registered here. Are you missing a call to unregisterReceiver()?
09-12 01:20:59.502  2728  2728 E ActivityThread: 	at android.app.LoadedApk$ReceiverDispatcher.<init>(LoadedApk.java:1333)
09-12 01:20:59.502  2728  2728 E ActivityThread: 	at android.app.LoadedApk.getReceiverDispatcher(LoadedApk.java:1114)
09-12 01:20:59.502  2728  2728 E ActivityThread: 	at android.app.ContextImpl.registerReceiverInternal(ContextImpl.java:1405)
09-12 01:20:59.502  2728  2728 E ActivityThread: 	at android.app.ContextImpl.registerReceiver(ContextImpl.java:1378)
09-12 01:20:59.502  2728  2728 E ActivityThread: 	at android.app.ContextImpl.registerReceiver(ContextImpl.java:1366)
09-12 01:20:59.502  2728  2728 E ActivityThread: 	at android.content.ContextWrapper.registerReceiver(ContextWrapper.java:603)
09-12 01:20:59.502  2728  2728 E ActivityThread: 	at com.google.android.ims.a.a(SourceFile:9)
09-12 01:20:59.502  2728  2728 E ActivityThread: 	at com.google.android.ims.f.a.a(SourceFile:6)
09-12 01:20:59.502  2728  2728 E ActivityThread: 	at com.google.android.rcs.service.e.a(SourceFile:4)
09-12 01:20:59.502  2728  2728 E ActivityThread: 	at com.google.android.rcs.service.service.JibeService.d(SourceFile:145)
09-12 01:20:59.502  2728  2728 E ActivityThread: 	at com.google.android.rcs.service.service.JibeService.onCreate(SourceFile:91)
09-12 01:20:59.502  2728  2728 E ActivityThread: 	at android.app.ActivityThread.handleCreateService(ActivityThread.java:3404)
09-12 01:20:59.502  2728  2728 E ActivityThread: 	at android.app.ActivityThread.-wrap4(Unknown Source:0)
09-12 01:20:59.502  2728  2728 E ActivityThread: 	at android.app.ActivityThread$H.handleMessage(ActivityThread.java:1683)
09-12 01:20:59.502  2728  2728 E ActivityThread: 	at android.os.Handler.dispatchMessage(Handler.java:105)
09-12 01:20:59.502  2728  2728 E ActivityThread: 	at android.os.Looper.loop(Looper.java:164)
09-12 01:20:59.502  2728  2728 E ActivityThread: 	at android.app.ActivityThread.main(ActivityThread.java:6541)
09-12 01:20:59.502  2728  2728 E ActivityThread: 	at java.lang.reflect.Method.invoke(Native Method)
09-12 01:20:59.502  2728  2728 E ActivityThread: 	at com.android.internal.os.Zygote$MethodAndArgsCaller.run(Zygote.java:240)
09-12 01:20:59.502  2728  2728 E ActivityThread: 	at com.android.internal.os.ZygoteInit.main(ZygoteInit.java:767)
09-12 01:21:01.667  1529  1685 W ActivityManager: Unable to start service Intent { act=com.android.vending.contentfilters.IContentFiltersService.BIND pkg=com.android.vending } U=0: not found
09-12 01:21:01.735  1529  2361 W ActivityManager: Background start not allowed: service Intent { cmp=com.google.android.videos/.service.pinning.TransferService (has extras) } to com.google.android.videos/.service.pinning.TransferService from pid=3199 uid=10071 pkg=com.google.android.videos
09-12 01:21:01.762  1529  2361 W ActivityManager: Background start not allowed: service Intent { cmp=com.google.android.videos/.service.pinning.TransferService (has extras) } to com.google.android.videos/.service.pinning.TransferService from pid=3199 uid=10071 pkg=com.google.android.videos
09-12 01:21:01.837  1529  2362 I ActivityManager: Killing 2766:com.google.android.apps.photos/u0a68 (adj 906): empty #17
09-12 01:21:01.840  1529  1884 I ActivityManager: Finished processing BOOT_COMPLETED for u0
09-12 01:21:01.855  1529  1541 I ActivityManager: Start proc 3260:com.android.settings/1000 for broadcast com.android.settings/.sim.SimSelectNotification
09-12 01:21:01.959  1529  2362 W BroadcastQueue: Background execution not allowed: receiving Intent { act=android.intent.action.PACKAGE_REMOVED dat=package:me.kuehle.carreport flg=0x4000010 (has extras) } to com.google.android.googlequicksearchbox/com.google.android.apps.gsa.googlequicksearchbox.GelStubAppWatcher
09-12 01:21:01.975  1529  1884 W BroadcastQueue: Background execution not allowed: receiving Intent { act=android.intent.action.PACKAGE_ADDED dat=package:me.kuehle.carreport flg=0x4000010 (has extras) } to com.google.android.googlequicksearchbox/com.google.android.apps.gsa.googlequicksearchbox.GelStubAppWatcher
09-12 01:21:01.976  1529  1548 W BroadcastQueue: Background execution not allowed: receiving Intent { act=android.intent.action.PACKAGE_REPLACED dat=package:me.kuehle.carreport flg=0x4000010 (has extras) } to com.google.android.apps.photos/.backgroundsignin.BackgroundSignInBroadcastReceiver
09-12 01:21:01.976  1529  1548 W BroadcastQueue: Background execution not allowed: receiving Intent { act=android.intent.action.PACKAGE_REPLACED dat=package:me.kuehle.carreport flg=0x4000010 (has extras) } to com.google.android.apps.photos/.experiments.phenotype.full.PhenotypeAppUpgradeBroadcastReceiver
09-12 01:21:01.976  1529  1548 W BroadcastQueue: Background execution not allowed: receiving Intent { act=android.intent.action.PACKAGE_REPLACED dat=package:me.kuehle.carreport flg=0x4000010 (has extras) } to com.google.android.apps.photos/.notificationchannels.AppUpdateBroadcastReceiver
09-12 01:21:01.998  1529  1541 W BroadcastQueue: Background execution not allowed: receiving Intent { act=android.intent.action.PACKAGE_REPLACED dat=package:me.kuehle.carreport flg=0x4000010 (has extras) } to com.google.android.googlequicksearchbox/com.google.android.apps.gsa.googlequicksearchbox.GelStubAppWatcher
09-12 01:21:02.158  1529  1685 I ActivityManager: Start proc 3299:com.android.cellbroadcastreceiver/u0a4 for broadcast com.android.cellbroadcastreceiver/.CellBroadcastReceiver
09-12 01:21:02.357  1529  1529 I Telecom : DefaultDialerCache: Refreshing default dialer for user 0: now com.google.android.dialer: DDC.oR@ADw
09-12 01:21:02.369  1529  1529 I Telecom : DefaultDialerCache: Refreshing default dialer for user 10: now com.google.android.dialer: DDC.oR@ADw
09-12 01:21:02.685  1529  1540 I ActivityManager: Start proc 3326:com.google.android.apps.maps/u0a58 for broadcast com.google.android.apps.maps/com.google.android.apps.gmm.ugc.ataplace.AtAPlaceService
09-12 01:21:02.930  1529  2362 D VoldConnector: SND -> {18 volume mkdirs /dev/null/Android/data/com.google.android.apps.maps/files/}
09-12 01:21:02.931  1270  1280 E Vold    : Failed to find mounted volume for /dev/null/Android/data/com.google.android.apps.maps/files/
09-12 01:21:02.931  1529  1616 D VoldConnector: RCV <- {400 18 Command failed}
09-12 01:21:02.964  1529  1685 D VoldConnector: SND -> {19 volume mkdirs /dev/null/Android/data/com.google.android.apps.maps/files/}
09-12 01:21:02.964  1270  1280 E Vold    : Failed to find mounted volume for /dev/null/Android/data/com.google.android.apps.maps/files/
09-12 01:21:02.964  1529  1616 D VoldConnector: RCV <- {400 19 Command failed}
09-12 01:21:02.977  1529  2147 D VoldConnector: SND -> {20 volume mkdirs /dev/null/Android/data/com.google.android.apps.maps/files/}
09-12 01:21:02.977  1270  1280 E Vold    : Failed to find mounted volume for /dev/null/Android/data/com.google.android.apps.maps/files/
09-12 01:21:02.977  1529  1616 D VoldConnector: RCV <- {400 20 Command failed}
09-12 01:21:03.056  1529  2363 D VoldConnector: SND -> {21 volume mkdirs /dev/null/Android/data/com.google.android.apps.maps/files/}
09-12 01:21:03.057  1270  1280 E Vold    : Failed to find mounted volume for /dev/null/Android/data/com.google.android.apps.maps/files/
09-12 01:21:03.057  1529  1616 D VoldConnector: RCV <- {400 21 Command failed}
09-12 01:21:03.087  1529  1682 D VoldConnector: SND -> {22 volume mkdirs /dev/null/Android/data/com.google.android.apps.maps/files/}
09-12 01:21:03.087  1270  1280 E Vold    : Failed to find mounted volume for /dev/null/Android/data/com.google.android.apps.maps/files/
09-12 01:21:03.088  1529  1616 D VoldConnector: RCV <- {400 22 Command failed}
09-12 01:21:03.121  1529  1541 D VoldConnector: SND -> {23 volume mkdirs /dev/null/Android/data/com.google.android.apps.maps/files/}
09-12 01:21:03.122  1270  1280 E Vold    : Failed to find mounted volume for /dev/null/Android/data/com.google.android.apps.maps/files/
09-12 01:21:03.122  1529  1616 D VoldConnector: RCV <- {400 23 Command failed}
09-12 01:21:03.154  1529  1540 D VoldConnector: SND -> {24 volume mkdirs /dev/null/Android/data/com.google.android.apps.maps/files/}
09-12 01:21:03.154  1270  1280 E Vold    : Failed to find mounted volume for /dev/null/Android/data/com.google.android.apps.maps/files/
09-12 01:21:03.154  1529  1616 D VoldConnector: RCV <- {400 24 Command failed}
09-12 01:21:03.171  1529  1682 D VoldConnector: SND -> {25 volume mkdirs /dev/null/Android/data/com.google.android.apps.maps/files/}
09-12 01:21:03.172  1270  1280 E Vold    : Failed to find mounted volume for /dev/null/Android/data/com.google.android.apps.maps/files/
09-12 01:21:03.172  1529  1616 D VoldConnector: RCV <- {400 25 Command failed}
09-12 01:21:10.010  1529  2362 I ActivityManager: Killing 2804:com.google.android.apps.wallpaper/u0a72 (adj 906): empty #17
09-12 01:21:23.454  1529  2147 I Telecom : PhoneAccountRegistrar: SimCallManager queried, returning: null: TSI.gSCM@AE4
09-12 01:21:23.462  1529  2359 I Telecom : PhoneAccountRegistrar: SimCallManager queried, returning: null: TSI.gSCM@AFA
09-12 01:21:24.000  1529  1682 I ActivityManager: Killing 2863:com.google.android.configupdater/u0a5 (adj 906): empty #17
09-12 01:21:41.736  1529  1547 I ActivityManager: Killing 2953:com.google.android.onetimeinitializer/u0a15 (adj 906): empty #17
09-12 01:21:41.737  1529  1547 I ActivityManager: Killing 2939:com.android.chrome/u0a45 (adj 906): empty #18
09-12 01:26:11.629  1529  2363 I ActivityManager: Force stopping me.kuehle.carreport appid=10084 user=0: from pid 3456
09-12 01:26:11.630  1529  2363 I ActivityManager: Killing 2389:me.kuehle.carreport/u0a84 (adj 0): stop me.kuehle.carreport
09-12 01:26:11.631  1529  2363 W ActivityManager: Force removing ActivityRecord{3918120 u0 me.kuehle.carreport/.gui.MainActivity t35}: app died, no saved state
09-12 01:26:11.638  1529  2363 I WindowManager: Failed to capture screenshot of Token{90bead9 ActivityRecord{3918120 u0 me.kuehle.carreport/.gui.MainActivity t35 f}} appWin=Window{d1456ae u0 me.kuehle.carreport/me.kuehle.carreport.gui.MainActivity} drawState=4
09-12 01:26:11.709  1529  1557 W ActivityManager: setHasOverlayUi called on unknown pid: 2389
09-12 01:26:13.958  2182  3467 E ActivityThread: Failed to find provider info for com.google.android.apps.gsa.testing.ui.audio.recorded
09-12 01:26:14.652  1529  1648 E TaskPersister: File error accessing recents directory (directory doesn't exist?).
09-12 01:26:19.007  2182  3467 E ActivityThread: Failed to find provider info for com.google.android.apps.gsa.testing.ui.audio.recorded
09-12 01:26:29.076  2182  3467 I chatty  : uid=10030(u0_a30) com.google.android.googlequicksearchbox:search identical 2 lines
09-12 01:26:34.135  2182  3467 E ActivityThread: Failed to find provider info for com.google.android.apps.gsa.testing.ui.audio.recorded
09-12 01:26:34.367  1529  2361 I ActivityManager: START u0 {act=android.intent.action.MAIN cat=[android.intent.category.LAUNCHER] flg=0x10200000 cmp=me.kuehle.carreport/.gui.MainActivity} from uid 2000
09-12 01:26:34.389  1529  1685 I ActivityManager: Start proc 3511:me.kuehle.carreport/u0a84 for activity me.kuehle.carreport/.gui.MainActivity
09-12 01:26:34.467  1529  1685 I ActivityManager: START u0 {act=android.intent.action.MAIN cat=[android.intent.category.LAUNCHER] flg=0x10200000 cmp=com.google.android.gm/.ConversationListActivityGmail bnds=[437,1584][644,1794]} from uid 10021
09-12 01:26:35.815  3511  3511 I chatty  : uid=10084(u0_a84) me.kuehle.carreport expire 260 lines
09-12 01:26:36.371  1655  1655 W ViewRootImpl[StatusBar]: Dropping event due to no window focus: KeyEvent { action=ACTION_DOWN, keyCode=KEYCODE_DPAD_UP, scanCode=0, metaState=0, flags=0x8, repeatCount=0, eventTime=502447, downTime=502447, deviceId=-1, source=0x101 }
09-12 01:26:36.372  1655  1655 W ViewRootImpl[StatusBar]: Cancelling event due to no window focus: KeyEvent { action=ACTION_UP, keyCode=KEYCODE_DPAD_UP, scanCode=0, metaState=0, flags=0x28, repeatCount=0, eventTime=502509, downTime=502509, deviceId=-1, source=0x101 }
09-12 01:26:36.372  1655  1655 I chatty  : uid=10029(u0_a29) com.android.systemui identical 21 lines
09-12 01:26:36.373  1655  1655 W ViewRootImpl[StatusBar]: Cancelling event due to no window focus: KeyEvent { action=ACTION_UP, keyCode=KEYCODE_DPAD_UP, scanCode=0, metaState=0, flags=0x28, repeatCount=0, eventTime=502509, downTime=502509, deviceId=-1, source=0x101 }
09-12 01:26:36.436  1655  1655 W ViewRootImpl[StatusBar]: Dropping event due to no window focus: KeyEvent { action=ACTION_DOWN, keyCode=KEYCODE_DPAD_CENTER, scanCode=0, metaState=0, flags=0x8, repeatCount=0, eventTime=502550, downTime=502550, deviceId=-1, source=0x101 }
09-12 01:26:36.988  1529  1540 I ActivityManager: START u0 {act=android.intent.action.MAIN cat=[android.intent.category.LAUNCHER] flg=0x10200000 cmp=me.kuehle.carreport/.gui.MainActivity} from uid 2000
09-12 01:26:37.971  1529  1685 I ActivityManager: START u0 {cmp=com.android.settings/.deviceinfo.StorageWizardInit (has extras)} from uid 10029
09-12 01:26:38.005  1529  2147 I ActivityManager: START u0 {flg=0x10804000 cmp=com.android.systemui/.recents.RecentsActivity} from uid 10029
09-12 01:26:38.396  1529  1648 E TaskPersister: File error accessing recents directory (directory doesn't exist?).
09-12 01:26:38.448  1529  3459 W InputManager: Input event injection from pid 3497 failed.
09-12 01:26:39.528  1529  2363 I ActivityManager: START u0 {act=android.intent.action.ASSIST flg=0x10000000 cmp=com.google.android.googlequicksearchbox/.SearchActivity (has extras)} from uid 10030
09-12 01:26:39.552  2182  2182 W ViewRootImpl[VoiceInteractionSession]: Cancelling event due to no window focus: KeyEvent { action=ACTION_UP, keyCode=KEYCODE_DPAD_UP, scanCode=0, metaState=0, flags=0x28, repeatCount=0, eventTime=505682, downTime=505682, deviceId=-1, source=0x101 }
09-12 01:26:39.556  2182  2182 I chatty  : uid=10030(u0_a30) com.google.android.googlequicksearchbox:search identical 14 lines
09-12 01:26:39.556  2182  2182 W ViewRootImpl[VoiceInteractionSession]: Cancelling event due to no window focus: KeyEvent { action=ACTION_UP, keyCode=KEYCODE_DPAD_UP, scanCode=0, metaState=0, flags=0x28, repeatCount=0, eventTime=505682, downTime=505682, deviceId=-1, source=0x101 }
09-12 01:26:39.632  2182  2182 W ViewRootImpl[VoiceInteractionSession]: Dropping event due to no window focus: MotionEvent { action=ACTION_MOVE, actionButton=0, id[0]=0, x[0]=1.0, y[0]=0.0, toolType[0]=TOOL_TYPE_UNKNOWN, buttonState=0, metaState=0, flags=0x0, edgeFlags=0x0, pointerCount=1, historySize=9, eventTime=505761, downTime=-1, deviceId=0, source=0x10004 }
09-12 01:26:39.651  2182  2182 W ViewRootImpl[VoiceInteractionSession]: Dropping event due to no window focus: KeyEvent { action=ACTION_DOWN, keyCode=KEYCODE_SWITCH_CHARSET, scanCode=0, metaState=0, flags=0x8, repeatCount=0, eventTime=505762, downTime=505762, deviceId=-1, source=0x101 }
09-12 01:26:39.652  2182  2182 W ViewRootImpl[VoiceInteractionSession]: Cancelling event due to no window focus: KeyEvent { action=ACTION_UP, keyCode=KEYCODE_SWITCH_CHARSET, scanCode=0, metaState=0, flags=0x28, repeatCount=0, eventTime=505790, downTime=505762, deviceId=-1, source=0x101 }
09-12 01:26:39.653  2182  2182 W ViewRootImpl[VoiceInteractionSession]: Cancelling event due to no window focus: KeyEvent { action=ACTION_UP, keyCode=KEYCODE_SWITCH_CHARSET, scanCode=0, metaState=0, flags=0x28, repeatCount=0, eventTime=505790, downTime=505762, deviceId=-1, source=0x101 }
09-12 01:26:39.868  1529  1682 I ActivityManager: START u0 {act=android.intent.action.MAIN cat=[android.intent.category.LAUNCHER] flg=0x10200000 cmp=me.kuehle.carreport/.gui.MainActivity} from uid 2000
09-12 01:26:41.061  1529  3459 I ActivityManager: START u0 {act=android.intent.action.MAIN cat=[android.intent.category.LAUNCHER] flg=0x10200000 cmp=me.kuehle.carreport/.gui.MainActivity} from uid 2000
09-12 01:26:42.451  1655  1655 W ViewRootImpl[StatusBar]: Dropping event due to no window focus: KeyEvent { action=ACTION_DOWN, keyCode=KEYCODE_DPAD_LEFT, scanCode=0, metaState=0, flags=0x8, repeatCount=0, eventTime=508215, downTime=508215, deviceId=-1, source=0x101 }
09-12 01:26:42.453  1655  1655 W ViewRootImpl[StatusBar]: Cancelling event due to no window focus: KeyEvent { action=ACTION_UP, keyCode=KEYCODE_DPAD_LEFT, scanCode=0, metaState=0, flags=0x28, repeatCount=0, eventTime=508597, downTime=508597, deviceId=-1, source=0x101 }
09-12 01:26:42.453  1655  1655 W ViewRootImpl[StatusBar]: Cancelling event due to no window focus: KeyEvent { action=ACTION_UP, keyCode=KEYCODE_DPAD_LEFT, scanCode=0, metaState=0, flags=0x28, repeatCount=0, eventTime=508597, downTime=508597, deviceId=-1, source=0x101 }
09-12 01:26:42.530  1655  1655 W ViewRootImpl[StatusBar]: Dropping event due to no window focus: KeyEvent { action=ACTION_DOWN, keyCode=KEYCODE_DPAD_RIGHT, scanCode=0, metaState=0, flags=0x8, repeatCount=0, eventTime=508599, downTime=508599, deviceId=-1, source=0x101 }
09-12 01:26:42.531  1655  1655 W ViewRootImpl[StatusBar]: Cancelling event due to no window focus: KeyEvent { action=ACTION_UP, keyCode=KEYCODE_DPAD_RIGHT, scanCode=0, metaState=0, flags=0x28, repeatCount=0, eventTime=508601, downTime=508601, deviceId=-1, source=0x101 }
09-12 01:26:42.532  1655  1655 W ViewRootImpl[StatusBar]: Cancelling event due to no window focus: KeyEvent { action=ACTION_UP, keyCode=KEYCODE_DPAD_RIGHT, scanCode=0, metaState=0, flags=0x28, repeatCount=0, eventTime=508601, downTime=508601, deviceId=-1, source=0x101 }
09-12 01:26:44.068  1529  2363 I ActivityManager: START u0 {act=android.intent.action.CALL_BUTTON flg=0x10000000 cmp=com.google.android.dialer/com.google.android.apps.dialer.extensions.GoogleDialtactsActivity} from uid 10084
09-12 01:26:47.111  1529  1549 D AutofillManagerService: onBackKeyPressed()
09-12 01:26:47.171  3511  3511 I chatty  : uid=10084(u0_a84) me.kuehle.carreport expire 286 lines
09-12 01:26:48.089  1529  1549 D AutofillManagerService: onBackKeyPressed()
09-12 01:26:48.505  1529  1611 I ActivityManager: START u0 {act=android.intent.action.MAIN cat=[android.intent.category.HOME] flg=0x10200000 cmp=com.google.android.apps.nexuslauncher/.NexusLauncherActivity (has extras)} from uid 1000
09-12 01:26:49.001  1529  1541 W InputManager: Input event injection from pid 3497 failed.
09-12 01:26:49.118  1529  1682 D ZenLog  : config: vol.ZenFooter,ZenModeConfig[user=0,allowCalls=true,allowRepeatCallers=false,allowMessages=false,allowCallsFrom=contacts,allowMessagesFrom=contacts,allowReminders=true,allowEvents=true,allowWhenScreenOff=true,allowWhenScreenOn=true,automaticRules={a902cbe603d94b1fb0f783bccd4bf5d1=ZenRule[enabled=false,snoozing=false,name=Weekend,zenMode=ZEN_MODE_ALARMS,conditionId=condition://android/schedule?days=6.7&start=23.30&end=10.0&exitAtAlarm=false,condition=Condition[id=condition://android/schedule?days=6.7&start=23.30&end=10.0&exitAtAlarm=false,summary=...,line1=...,line2=...,icon=0,state=STATE_FALSE,flags=2],component=ComponentInfo{android/com.android.server.notification.ScheduleConditionProvider},id=a902cbe603d94b1fb0f783bccd4bf5d1,creationTime=1504940967910,enabler=null], 39730dc7a0424d49afa9f4c278531b77=ZenRule[enabled=false,snoozing=false,name=Event,zenMode=ZEN_MODE_ALARMS,conditionId=condition://android/event?userId=-10000&calendar=&reply=1,condition=Condition[id=condition://android/event?userId=-10000&calendar=&reply=1,summary=...,line1=...,line2=...,icon=0,state=STATE_FALSE,flags=2],component=ComponentInfo{android/com.android.server.notification.EventConditionProvider},id=39730dc7a0424d49afa9f4c278531b77,creationTime=1504940967910,enabler=null], 3e22fb4523d141cda73eec93fa3e0de1=ZenRule[enabled=false,snoozing=false,name=Weeknight,zenMode=ZEN_MODE_ALARMS,conditionId=condition://android/schedule?days=1.2.3.4.5&start=22.0&end=7.0&exitAtAlarm=false,condition=Condition[id=condition://android/schedule?days=1.2.3.4.5&start=22.0&end=7.0&exitAtAlarm=false,summary=...,line1=...,line2=...,icon=0,state=STATE_TRUE,flags=2],component=ComponentInfo{android/com.android.server.notification.ScheduleConditionProvider},id=3e22fb4523d141cda73eec93fa3e0de1,creationTime=1504940967909,enabler=null]},manualRule=null],Diff[manualRule:delete]
09-12 01:26:49.130  1529  1529 D ZenLog  : set_zen_mode: off,vol.ZenFooter
09-12 01:26:49.150  1529  1529 D ZenLog  : set_ringer_mode_internal: ZenModeHelper,i:silent->normal,e:silent->normal
09-12 01:26:49.459  1529  1611 I ActivityManager: START u0 {act=android.intent.action.MAIN cat=[android.intent.category.HOME] flg=0x10200000 cmp=com.google.android.apps.nexuslauncher/.NexusLauncherActivity (has extras)} from uid 1000
09-12 01:26:49.954  1529  2363 W InputManager: Input event injection from pid 3497 failed.
09-12 01:26:50.206  1529  1540 I ActivityManager: START u0 {flg=0x10804000 cmp=com.android.systemui/.recents.RecentsActivity} from uid 10029
09-12 01:26:50.235  1529  2362 I ActivityManager: START u0 {act=android.intent.action.MAIN cat=[android.intent.category.LAUNCHER] flg=0x10200000 cmp=me.kuehle.carreport/.gui.MainActivity} from uid 2000
09-12 01:26:50.679  1529  1685 W InputManager: Input event injection from pid 3497 failed.
09-12 01:26:50.755  1529  1611 I ActivityManager: START u0 {act=android.intent.action.MAIN cat=[android.intent.category.HOME] flg=0x10200000 cmp=com.google.android.apps.nexuslauncher/.NexusLauncherActivity (has extras)} from uid 1000
09-12 01:26:50.895  1529  1611 I ActivityManager: START u0 {act=android.intent.action.MAIN cat=[android.intent.category.LAUNCHER] flg=0x10000000 sel=act=android.intent.action.MAIN cat=[android.intent.category.APP_CALCULATOR]}} from uid 1000
09-12 01:26:51.252  1529  2362 W InputManager: Input event injection from pid 3497 failed.
09-12 01:26:52.677  1529  1611 I ActivityManager: START u0 {act=android.intent.action.MAIN cat=[android.intent.category.HOME] flg=0x10200000 cmp=com.google.android.apps.nexuslauncher/.NexusLauncherActivity (has extras)} from uid 1000
09-12 01:26:53.163  1529  2362 W InputManager: Input event injection from pid 3497 failed.
09-12 01:26:53.164  1529  1549 D AutofillManagerService: onBackKeyPressed()
09-12 01:26:53.458  1529  2363 I ActivityManager: START u0 {act=android.intent.action.MAIN cat=[android.intent.category.LAUNCHER] flg=0x10200000 cmp=me.kuehle.carreport/.gui.MainActivity} from uid 2000
09-12 01:26:53.724  1529  2362 I ActivityManager: START u0 {flg=0x10804000 cmp=com.android.systemui/.recents.RecentsActivity} from uid 10029
09-12 01:26:54.135  1529  3459 W InputManager: Input event injection from pid 3497 failed.
09-12 01:26:57.437  1529  1611 I ActivityManager: START u0 {act=android.intent.action.MAIN cat=[android.intent.category.HOME] flg=0x10200000 cmp=com.google.android.apps.nexuslauncher/.NexusLauncherActivity (has extras)} from uid 1000
09-12 01:26:57.875  1529  1611 I ActivityManager: START u0 {act=android.intent.action.MAIN cat=[android.intent.category.HOME] flg=0x10200000 cmp=com.google.android.apps.nexuslauncher/.NexusLauncherActivity (has extras)} from uid 1000
09-12 01:26:57.910  1529  2362 I ActivityManager: START u0 {act=android.intent.action.MAIN cat=[android.intent.category.LAUNCHER] flg=0x10200000 cmp=me.kuehle.carreport/.gui.MainActivity} from uid 2000
09-12 01:26:58.365  1529  2359 W InputManager: Input event injection from pid 3497 failed.
09-12 01:26:58.555  3511  3511 I chatty  : uid=10084(u0_a84) me.kuehle.carreport expire 171 lines
09-12 01:26:59.009  1529  1549 D AutofillManagerService: onBackKeyPressed()
09-12 01:26:59.272  1529  2359 I ActivityManager: START u0 {act=android.intent.action.MAIN cat=[android.intent.category.LAUNCHER] flg=0x10200000 cmp=me.kuehle.carreport/.gui.MainActivity} from uid 2000
09-12 01:26:59.812  1529  2361 I ActivityManager: START u0 {act=android.intent.action.MAIN cat=[android.intent.category.LAUNCHER] flg=0x10200000 cmp=me.kuehle.carreport/.gui.MainActivity} from uid 2000
09-12 01:26:59.965  1529  3460 I ActivityManager: START u0 {act=android.intent.action.MAIN cat=[android.intent.category.LAUNCHER] flg=0x10200000 cmp=me.kuehle.carreport/.gui.MainActivity} from uid 2000
09-12 01:27:02.267  1529  1611 I ActivityManager: START u0 {act=com.android.intent.action.SHOW_BRIGHTNESS_DIALOG cmp=com.android.systemui/.settings.BrightnessDialog} from uid 1000
09-12 01:27:03.892  1529  2361 I ActivityManager: START u0 {act=android.intent.action.ASSIST flg=0x10000000 cmp=com.google.android.googlequicksearchbox/.SearchActivity (has extras)} from uid 10030
09-12 01:27:04.010  1655  1655 W ViewRootImpl[StatusBar]: Dropping event due to no window focus: KeyEvent { action=ACTION_DOWN, keyCode=KEYCODE_MENU, scanCode=0, metaState=0, flags=0x8, repeatCount=0, eventTime=530073, downTime=530073, deviceId=-1, source=0x101 }
09-12 01:27:04.062  1655  1655 W ViewRootImpl[StatusBar]: Cancelling event due to no window focus: KeyEvent { action=ACTION_UP, keyCode=KEYCODE_MENU, scanCode=0, metaState=0, flags=0x28, repeatCount=0, eventTime=530150, downTime=530150, deviceId=-1, source=0x101 }
09-12 01:27:04.062  1655  1655 I chatty  : uid=10029(u0_a29) com.android.systemui identical 28 lines
09-12 01:27:04.062  1655  1655 W ViewRootImpl[StatusBar]: Cancelling event due to no window focus: KeyEvent { action=ACTION_UP, keyCode=KEYCODE_MENU, scanCode=0, metaState=0, flags=0x28, repeatCount=0, eventTime=530150, downTime=530150, deviceId=-1, source=0x101 }
09-12 01:27:04.168  1529  1611 I ActivityManager: START u0 {act=android.intent.action.MAIN cat=[android.intent.category.LAUNCHER] flg=0x10000000 cmp=com.android.contacts/.activities.PeopleActivity sel=act=android.intent.action.MAIN cat=[android.intent.category.APP_CONTACTS]}} from uid 1000
09-12 01:27:04.213  1529  2363 D ConnectivityService: registerNetworkAgent NetworkAgentInfo{ ni{[type: MOBILE[LTE], state: CONNECTED/CONNECTED, reason: connected, extra: epc.tmobile.com, failover: false, available: true, roaming: false, metered: true]}  network{100}  nethandle{429513165534}  lp{{InterfaceName: eth0 LinkAddresses: [10.0.2.15/32,]  Routes: [0.0.0.0/0 -> 10.0.2.2 eth0,] DnsAddresses: [10.0.2.3,10.0.2.4,10.0.2.5,10.0.2.6,] Domains: null MTU: 1500 TcpBufferSizes: 524288,1048576,2097152,262144,524288,1048576}}  nc{[ Transports: CELLULAR Capabilities: MMS&SUPL&FOTA&IMS&CBS&IA&INTERNET&NOT_RESTRICTED&TRUSTED&NOT_VPN LinkUpBandwidth>=51200Kbps LinkDnBandwidth>=102400Kbps Specifier: <1>]}  Score{10}  everValidated{false}  lastValidated{false}  created{false} lingering{false} explicitlySelected{false} acceptUnvalidated{false} everCaptivePortalDetected{false} lastCaptivePortalDetected{false} }
09-12 01:27:04.216  1529  1630 D ConnectivityService: NetworkAgentInfo [MOBILE (LTE) - 100] EVENT_NETWORK_INFO_CHANGED, going from null to CONNECTED
09-12 01:27:04.219  1529  1630 D ConnectivityService: Adding iface eth0 to network 100
09-12 01:27:04.229  1529  1630 D ConnectivityService: Setting DNS servers for network 100 to [/10.0.2.3, /10.0.2.4, /10.0.2.5, /10.0.2.6]
09-12 01:27:04.317  1529  1630 D ConnectivityService: Switching to new default network: NetworkAgentInfo{ ni{[type: MOBILE[LTE], state: CONNECTED/CONNECTED, reason: connected, extra: epc.tmobile.com, failover: false, available: true, roaming: false, metered: true]}  network{100}  nethandle{429513165534}  lp{{InterfaceName: eth0 LinkAddresses: [10.0.2.15/32,]  Routes: [0.0.0.0/0 -> 10.0.2.2 eth0,] DnsAddresses: [10.0.2.3,10.0.2.4,10.0.2.5,10.0.2.6,] Domains: null MTU: 1500 TcpBufferSizes: 524288,1048576,2097152,262144,524288,1048576}}  nc{[ Transports: CELLULAR Capabilities: MMS&SUPL&FOTA&IMS&CBS&IA&INTERNET&NOT_RESTRICTED&TRUSTED&NOT_VPN&FOREGROUND LinkUpBandwidth>=51200Kbps LinkDnBandwidth>=102400Kbps Specifier: <1>]}  Score{10}  everValidated{false}  lastValidated{false}  created{true} lingering{false} explicitlySelected{false} acceptUnvalidated{false} everCaptivePortalDetected{false} lastCaptivePortalDetected{false} }
09-12 01:27:04.473  1529  1630 D ConnectivityService: Sending CONNECTED broadcast for type 0 NetworkAgentInfo [MOBILE (LTE) - 100] isDefaultNetwork=true
09-12 01:27:04.484  1529  1548 W BroadcastQueue: Skipping deliver [background] BroadcastRecord{26c9f8a u-1 android.net.conn.CONNECTIVITY_CHANGE} to ReceiverList{f9829fb 3497 (unknown name)/2000/u-1 remote:fe79b0e}: process gone or crashing
09-12 01:27:04.823  1529  1611 I ActivityManager: START u0 {act=android.intent.action.MAIN cat=[android.intent.category.HOME] flg=0x10200000 cmp=com.google.android.apps.nexuslauncher/.NexusLauncherActivity (has extras)} from uid 1000
09-12 01:27:04.896  1529  1884 D PackageManager: Ephemeral installer not found with new action; try old one
09-12 01:27:04.896  1529  1884 D PackageManager: Clear ephemeral installer activity
09-12 01:27:05.317  1529  3460 W InputManager: Input event injection from pid 3497 failed.
09-12 01:27:05.397  2417  3594 E ActivityThread: Failed to find provider info for com.google.android.wearable.settings
09-12 01:27:06.118  1529  1630 D ConnectivityService: NetworkAgentInfo [MOBILE (LTE) - 100] validation passed
09-12 01:27:06.176  1529  1529 I ActivityManager: Start proc 3627:com.google.android.apps.photos/u0a68 for service com.google.android.apps.photos/.actionqueue.OnlineActionJobsService
09-12 01:27:06.268  1655  1655 W ViewRootImpl[StatusBar]: Cancelling event due to no window focus: KeyEvent { action=ACTION_UP, keyCode=KEYCODE_DPAD_LEFT, scanCode=0, metaState=0, flags=0x28, repeatCount=0, eventTime=532375, downTime=532375, deviceId=-1, source=0x101 }
09-12 01:27:06.268  1655  1655 W ViewRootImpl[StatusBar]: Cancelling event due to no window focus: KeyEvent { action=ACTION_UP, keyCode=KEYCODE_DPAD_LEFT, scanCode=0, metaState=0, flags=0x28, repeatCount=0, eventTime=532375, downTime=532375, deviceId=-1, source=0x101 }
09-12 01:27:06.268  1655  1655 W ViewRootImpl[StatusBar]: Dropping event due to no window focus: KeyEvent { action=ACTION_DOWN, keyCode=KEYCODE_DPAD_LEFT, scanCode=0, metaState=0, flags=0x8, repeatCount=0, eventTime=532408, downTime=532408, deviceId=-1, source=0x101 }
09-12 01:27:06.328  1655  1655 W ViewRootImpl[StatusBar]: Cancelling event due to no window focus: KeyEvent { action=ACTION_UP, keyCode=KEYCODE_DPAD_LEFT, scanCode=0, metaState=0, flags=0x28, repeatCount=0, eventTime=532415, downTime=532415, deviceId=-1, source=0x101 }
09-12 01:27:06.329  1655  1655 W ViewRootImpl[StatusBar]: Cancelling event due to no window focus: KeyEvent { action=ACTION_UP, keyCode=KEYCODE_DPAD_LEFT, scanCode=0, metaState=0, flags=0x28, repeatCount=0, eventTime=532415, downTime=532415, deviceId=-1, source=0x101 }
09-12 01:27:06.398  1529  1884 I ActivityManager: START u0 {cmp=com.android.settings/.deviceinfo.StorageWizardInit (has extras)} from uid 10029
09-12 01:27:06.409  1529  2363 I ActivityManager: START u0 {cmp=com.android.settings/.deviceinfo.StorageWizardInit (has extras)} from uid 10029
09-12 01:27:06.625  1529  1540 I ActivityManager: START u0 {cmp=com.android.settings/.deviceinfo.StorageWizardInit (has extras)} from uid 10029
09-12 01:27:06.809  1529  1611 I ActivityManager: START u0 {act=android.intent.action.MAIN cat=[android.intent.category.HOME] flg=0x10200000 cmp=com.google.android.apps.nexuslauncher/.NexusLauncherActivity (has extras)} from uid 1000
09-12 01:27:06.894  1529  1611 I ActivityManager: START u0 {act=android.intent.action.MAIN cat=[android.intent.category.LAUNCHER] flg=0x10000000 cmp=com.google.android.calendar/com.android.calendar.AllInOneActivity sel=act=android.intent.action.MAIN cat=[android.intent.category.APP_CALENDAR]}} from uid 1000
09-12 01:27:06.913  1655  1655 W ViewRootImpl[StatusBar]: Dropping event due to no window focus: KeyEvent { action=ACTION_DOWN, keyCode=KEYCODE_DPAD_RIGHT, scanCode=0, metaState=0, flags=0x8, repeatCount=0, eventTime=533055, downTime=533055, deviceId=-1, source=0x101 }
09-12 01:27:06.914  1655  1655 W ViewRootImpl[StatusBar]: Cancelling event due to no window focus: KeyEvent { action=ACTION_UP, keyCode=KEYCODE_DPAD_RIGHT, scanCode=0, metaState=0, flags=0x28, repeatCount=0, eventTime=533056, downTime=533056, deviceId=-1, source=0x101 }
09-12 01:27:06.914  1655  1655 W ViewRootImpl[StatusBar]: Cancelling event due to no window focus: KeyEvent { action=ACTION_UP, keyCode=KEYCODE_DPAD_RIGHT, scanCode=0, metaState=0, flags=0x28, repeatCount=0, eventTime=533056, downTime=533056, deviceId=-1, source=0x101 }
09-12 01:27:06.921  1655  1655 W ViewRootImpl[StatusBar]: Dropping event due to no window focus: KeyEvent { action=ACTION_DOWN, keyCode=KEYCODE_CAPTIONS, scanCode=0, metaState=0, flags=0x8, repeatCount=0, eventTime=533062, downTime=533062, deviceId=-1, source=0x101 }
09-12 01:27:07.033  1529  2361 I ActivityManager: START u0 {flg=0x10804000 cmp=com.android.systemui/.recents.RecentsActivity} from uid 10029
09-12 01:27:07.138  1529  1611 I ActivityManager: START u0 {act=com.android.intent.action.SHOW_BRIGHTNESS_DIALOG cmp=com.android.systemui/.settings.BrightnessDialog} from uid 1000
09-12 01:27:07.282  1529  1611 I ActivityManager: START u0 {act=android.intent.action.MAIN cat=[android.intent.category.HOME] flg=0x10200000 cmp=com.google.android.apps.nexuslauncher/.NexusLauncherActivity (has extras)} from uid 1000
09-12 01:27:07.427  1529  2361 I ActivityManager: START u0 {act=android.settings.SETTINGS flg=0x14000000 cmp=com.android.settings/.Settings} from uid 10029
09-12 01:27:07.777  1529  1685 W InputManager: Input event injection from pid 3497 failed.
09-12 01:27:08.451  1529  1682 I ActivityManager: START u0 {cmp=com.android.settings/.deviceinfo.StorageWizardInit (has extras)} from uid 10029
09-12 01:27:09.100  1529  1541 I ActivityManager: Start proc 3650:com.google.android.gms.unstable/u0a14 for service com.google.android.gms/.droidguard.DroidGuardService
09-12 01:27:09.258  3511  3511 I chatty  : uid=10084(u0_a84) me.kuehle.carreport expire 40 lines
09-12 01:27:15.930  1529  1529 I Telecom : DefaultDialerCache: Refreshing default dialer for user 0: now com.google.android.dialer: DDC.oR@AKI
09-12 01:27:15.936  1529  1529 I Telecom : DefaultDialerCache: Refreshing default dialer for user 10: now com.google.android.dialer: DDC.oR@AKI
09-12 01:27:15.957  1529  1611 I WindowManager: Input event dispatching timed out sending to PopupWindow:4c02772.  Reason: Waiting to send key event because the focused window has not finished processing all of the input events that were previously delivered to it.  Outbound queue length: 0.  Wait queue length: 3.
09-12 01:27:15.960  1529  1541 I ActivityManager: Start proc 3691:com.google.android.youtube/u0a76 for service com.google.android.youtube/com.google.android.libraries.youtube.common.gcore.gcoreclient.gcm.impl.GcmTaskServiceDelegator
09-12 01:27:17.594  1529  2363 W ActivityManager: Slow operation: 1626ms so far, now at attachApplicationLocked: after mServices.attachApplicationLocked
09-12 01:27:17.993  1529  1685 W InputManager: Input event injection from pid 3497 timed out.
09-12 01:27:23.002  1529  1611 I WindowManager: Input event dispatching timed out sending to PopupWindow:4c02772.  Reason: Waiting to send key event because the focused window has not finished processing all of the input events that were previously delivered to it.  Outbound queue length: 0.  Wait queue length: 3.
09-12 01:27:23.006  1529  2147 W InputManager: Input event injection from pid 3497 timed out.
09-12 01:27:24.793  1529  1548 E ActivityManager: ANR in me.kuehle.carreport (me.kuehle.carreport/.gui.MainActivity)
09-12 01:27:24.793  1529  1548 E ActivityManager: PID: 3511
09-12 01:27:24.793  1529  1548 E ActivityManager: Reason: Input dispatching timed out (Waiting to send key event because the focused window has not finished processing all of the input events that were previously delivered to it.  Outbound queue length: 0.  Wait queue length: 3.)
09-12 01:27:24.793  1529  1548 E ActivityManager: Load: 2.75 / 1.36 / 0.84
09-12 01:27:24.793  1529  1548 E ActivityManager: CPU usage from 0ms to 6723ms later (2017-09-12 01:27:18.065 to 2017-09-12 01:27:24.787):
09-12 01:27:24.793  1529  1548 E ActivityManager:   51% 1998/com.google.android.dialer: 50% user + 1.3% kernel / faults: 5069 minor 1 major
09-12 01:27:24.793  1529  1548 E ActivityManager:   10% 1529/system_server: 6.1% user + 4.6% kernel / faults: 2106 minor 16 major
09-12 01:27:24.793  1529  1548 E ActivityManager:   4.1% 3650/com.google.android.gms.unstable: 3.1% user + 1% kernel / faults: 3234 minor 2 major
09-12 01:27:24.793  1529  1548 E ActivityManager:   3.5% 3627/com.google.android.apps.photos: 2.5% user + 1% kernel / faults: 1787 minor 25 major
09-12 01:27:24.793  1529  1548 E ActivityManager:   3.2% 2182/com.google.android.googlequicksearchbox:search: 1.9% user + 1.3% kernel / faults: 1154 minor 71 major
09-12 01:27:24.793  1529  1548 E ActivityManager:   2.8% 3691/com.google.android.youtube: 1.7% user + 1% kernel / faults: 3560 minor 110 major
09-12 01:27:24.793  1529  1548 E ActivityManager:   1.4% 1322/android.hardware.sensors@1.0-service: 0.2% user + 1.1% kernel
09-12 01:27:24.793  1529  1548 E ActivityManager:   1.3% 2440/com.google.android.gms.persistent: 0.5% user + 0.7% kernel / faults: 400 minor 3 major
09-12 01:27:24.793  1529  1548 E ActivityManager:   1.1% 3511/me.kuehle.carreport: 0.8% user + 0.2% kernel / faults: 413 minor 11 major
09-12 01:27:24.793  1529  1548 E ActivityManager:   0.8% 1263/jbd2/vdc-8: 0% user + 0.8% kernel
09-12 01:27:24.793  1529  1548 E ActivityManager:   0.8% 2417/com.google.android.gms: 0.4% user + 0.4% kernel / faults: 400 minor 1 major
09-12 01:27:24.793  1529  1548 E ActivityManager:   0.7% 1//init: 0% user + 0.7% kernel / faults: 34 minor
09-12 01:27:24.793  1529  1548 E ActivityManager:   0.5% 515/kswapd0: 0% user + 0.5% kernel
09-12 01:27:24.793  1529  1548 E ActivityManager:   0.5% 1265/logd: 0% user + 0.5% kernel / faults: 2 minor
09-12 01:27:24.793  1529  1548 E ActivityManager:   0.5% 1320/android.hardware.graphics.composer@2.1-service: 0% user + 0.5% kernel
09-12 01:27:24.793  1529  1548 E ActivityManager:   0.5% 1733/com.android.phone: 0.2% user + 0.2% kernel / faults: 327 minor
09-12 01:27:24.793  1529  1548 E ActivityManager:   0.5% 2364/com.google.process.gapps: 0.2% user + 0.2% kernel / faults: 171 minor
09-12 01:27:24.793  1529  1548 E ActivityManager:   0.4% 1655/com.android.systemui: 0.2% user + 0.1% kernel / faults: 269 minor 5 major
09-12 01:27:24.793  1529  1548 E ActivityManager:   0.2% 1327/surfaceflinger: 0% user + 0.2% kernel / faults: 34 minor 1 major
09-12 01:27:24.793  1529  1548 E ActivityManager:   0.1% 3/ksoftirqd/0: 0% user + 0.1% kernel
09-12 01:27:24.793  1529  1548 E ActivityManager:   0.1% 7/rcu_preempt: 0% user + 0.1% kernel
09-12 01:27:24.793  1529  1548 E ActivityManager:   0.1% 1256/kworker/0:1H: 0% user + 0.1% kernel
09-12 01:27:24.793  1529  1548 E ActivityManager:   0.1% 1266/servicemanager: 0% user + 0.1% kernel
09-12 01:27:24.793  1529  1548 E ActivityManager:   0.1% 1326/lmkd: 0% user + 0.1% kernel
09-12 01:27:24.793  1529  1548 E ActivityManager:   0% 1336/mediadrmserver: 0% user + 0% kernel / faults: 70 minor 1 major
09-12 01:27:24.793  1529  1548 E ActivityManager:   0% 1337/media.extractor: 0% user + 0% kernel / faults: 5 minor 1 major
09-12 01:27:24.793  1529  1548 E ActivityManager:   0% 1339/mediaserver: 0% user + 0% kernel / faults: 44 minor
09-12 01:27:24.793  1529  1548 E ActivityManager:   0% 1348/tombstoned: 0% user + 0% kernel / faults: 1 minor
09-12 01:27:24.793  1529  1548 E ActivityManager: 96% TOTAL: 35% user + 9.1% kernel + 51% iowait
09-12 01:27:24.793  1529  1548 E ActivityManager: CPU usage from 5341ms to 5851ms later (2017-09-12 01:27:23.405 to 2017-09-12 01:27:23.915):
09-12 01:27:24.793  1529  1548 E ActivityManager:   13% 1529/system_server: 7.8% user + 5.8% kernel / faults: 234 minor
09-12 01:27:24.793  1529  1548 E ActivityManager:     3.9% 1556/android.io: 1.9% user + 1.9% kernel
09-12 01:27:24.793  1529  1548 E ActivityManager:     1.9% 1529/system_server: 1.9% user + 0% kernel
09-12 01:27:24.793  1529  1548 E ActivityManager:     1.9% 1537/FinalizerDaemon: 1.9% user + 0% kernel
09-12 01:27:24.793  1529  1548 E ActivityManager:     1.9% 1539/HeapTaskDaemon: 1.9% user + 0% kernel
09-12 01:27:24.793  1529  1548 E ActivityManager:     1.9% 1682/Binder:1529_3: 0% user + 1.9% kernel
09-12 01:27:24.793  1529  1548 E ActivityManager:   5.8% 2182/com.google.android.googlequicksearchbox:search: 3.9% user + 1.9% kernel / faults: 63 minor
09-12 01:27:24.793  1529  1548 E ActivityManager:     1.9% 3623/NonUserFacing10: 0% user + 1.9% kernel
09-12 01:27:24.793  1529  1548 E ActivityManager:     1.9% 3741/ChromiumNet: 0% user + 1.9% kernel
09-12 01:27:24.793  1529  1548 E ActivityManager:   5.3% 2417/com.google.android.gms: 0% user + 5.3% kernel / faults: 108 minor
09-12 01:27:24.793  1529  1548 E ActivityManager:     3.5% 3594/Thread-50: 0% user + 3.5% kernel
09-12 01:27:24.793  1529  1548 E ActivityManager:   1.7% 1322/android.hardware.sensors@1.0-service: 1.7% user + 0% kernel
09-12 01:27:24.793  1529  1548 E ActivityManager:     1.7% 1322/sensors@1.0-ser: 0% user + 1.7% kernel
09-12 01:27:24.793  1529  1548 E ActivityManager:     1.7% 1593/HwBinder:1322_1: 0% user + 1.7% kernel
09-12 01:27:24.793  1529  1548 E ActivityManager:   1.7% 2440/com.google.android.gms.persistent: 1.7% user + 0% kernel / faults: 57 minor
09-12 01:27:24.793  1529  1548 E ActivityManager:     1.7% 2440/.gms.persistent: 1.7% user + 0% kernel
09-12 01:27:24.793  1529  1548 E ActivityManager:     1.7% 2557/Binder:2440_5: 1.7% user + 0% kernel
09-12 01:27:24.793  1529  1548 E ActivityManager:   1.9% 3627/com.google.android.apps.photos: 1.9% user + 0% kernel
09-12 01:27:24.793  1529  1548 E ActivityManager: 68% TOTAL: 4.3% user + 6.5% kernel + 57% iowait
09-12 01:27:24.803  1529  1548 I ActivityManager: Waited long enough for: ServiceRecord{511e64a u0 com.google.android.gms/.checkin.CheckinService}
09-12 01:27:24.805  1529  1548 I ActivityManager: Skipping duplicate ANR: ProcessRecord{17ec0db 3511:me.kuehle.carreport/u0a84} Input dispatching timed out (Waiting to send key event because the focused window has not finished processing all of the input events that were previously delivered to it.  Outbound queue length: 0.  Wait queue length: 3.)
09-12 01:27:25.830  1529  1548 I ActivityManager: Start proc 3852:com.google.android.apps.wallpaper/u0a72 for broadcast com.google.android.apps.wallpaper/.module.DailyLoggingAlarmReceiver
09-12 01:27:26.940  1529  2147 D VoldConnector: SND -> {26 volume mkdirs /dev/null/Android/data/com.google.android.youtube/files/}
09-12 01:27:26.940  1270  1280 E Vold    : Failed to find mounted volume for /dev/null/Android/data/com.google.android.youtube/files/
09-12 01:27:26.940  1529  1616 D VoldConnector: RCV <- {400 26 Command failed}
09-12 01:27:26.950  1529  1884 D VoldConnector: SND -> {27 volume mkdirs /dev/null/Android/data/com.google.android.youtube/files/}
09-12 01:27:26.951  1270  1280 E Vold    : Failed to find mounted volume for /dev/null/Android/data/com.google.android.youtube/files/
09-12 01:27:26.951  1529  1616 D VoldConnector: RCV <- {400 27 Command failed}
09-12 01:27:26.958  1529  2363 D VoldConnector: SND -> {28 volume mkdirs /dev/null/Android/data/com.google.android.youtube/cache/}
09-12 01:27:26.959  1270  1280 E Vold    : Failed to find mounted volume for /dev/null/Android/data/com.google.android.youtube/cache/
09-12 01:27:26.959  1529  1616 D VoldConnector: RCV <- {400 28 Command failed}
09-12 01:27:28.014  1529  1611 I WindowManager: Input event dispatching timed out sending to PopupWindow:4c02772.  Reason: Waiting to send key event because the focused window has not finished processing all of the input events that were previously delivered to it.  Outbound queue length: 0.  Wait queue length: 3.
09-12 01:27:28.018  1529  3459 W InputManager: Input event injection from pid 3497 timed out.
09-12 01:27:28.019  1529  1548 I ActivityManager: Skipping duplicate ANR: ProcessRecord{17ec0db 3511:me.kuehle.carreport/u0a84} Input dispatching timed out (Waiting to send key event because the focused window has not finished processing all of the input events that were previously delivered to it.  Outbound queue length: 0.  Wait queue length: 3.)
09-12 01:27:28.396  1529  3459 I ActivityManager: Killing 2500:com.google.android.partnersetup/u0a17 (adj 906): empty #17
09-12 01:27:31.615  1529  1682 W ActivityManager: Permission Denial: Accessing service ComponentInfo{com.google.android.music/com.google.android.music.dial.DialMediaRouteProviderService} from pid=3691, uid=10076 that is not exported from uid 10060
09-12 01:27:33.746  1529  2362 D VoldConnector: SND -> {29 volume mkdirs /dev/null/Android/data/com.google.android.youtube/files/}
09-12 01:27:33.746  1270  1280 E Vold    : Failed to find mounted volume for /dev/null/Android/data/com.google.android.youtube/files/
09-12 01:27:33.746  1529  1616 D VoldConnector: RCV <- {400 29 Command failed}
09-12 01:27:34.753  1529  3459 I ActivityManager: Killing 3084:com.google.process.gapps/u0a49 (adj 906): empty #17
09-12 01:27:36.798  1529  1884 I Telecom : PhoneAccountRegistrar: SimCallManager queried, returning: null: TSI.gSCM@AKQ
09-12 01:27:36.920  2417  3594 E ActivityThread: Failed to find provider info for com.google.android.wearable.settings
09-12 01:27:38.065  1529  1884 W ActivityManager: Unable to start service Intent { cmp=com.google.android.gms/.analytics.service.RefreshEnabledStateService } U=0: not found
09-12 01:27:39.047  1529  1884 D PackageManager: Ephemeral installer not found with new action; try old one
09-12 01:27:39.047  1529  1884 D PackageManager: Clear ephemeral installer activity
09-12 01:27:40.449  1529  1540 W ActivityManager: Slow operation: 152ms so far, now at getContentProviderImpl: incProviderCountLocked
09-12 01:27:40.449  1529  1540 W ActivityManager: Slow operation: 152ms so far, now at getContentProviderImpl: before updateOomAdj
09-12 01:27:40.449  1529  1540 W ActivityManager: Slow operation: 152ms so far, now at getContentProviderImpl: after updateOomAdj
09-12 01:27:40.450  1529  1540 W ActivityManager: Slow operation: 152ms so far, now at getContentProviderImpl: done!
