09-12 01:30:07.584  2182  4375 W sb.r.GsaCSCon: 	at com.google.android.apps.gsa.shared.util.concurrent.a.bl.run(SourceFile:4)
09-12 01:30:07.584  2182  4375 W sb.r.GsaCSCon: 	at java.util.concurrent.ThreadPoolExecutor.runWorker(ThreadPoolExecutor.java:1162)
09-12 01:30:07.584  2182  4375 W sb.r.GsaCSCon: 	at java.util.concurrent.ThreadPoolExecutor$Worker.run(ThreadPoolExecutor.java:636)
09-12 01:30:07.584  2182  4375 W sb.r.GsaCSCon: 	at java.lang.Thread.run(Thread.java:764)
09-12 01:30:07.584  2182  4375 W sb.r.GsaCSCon: 	at com.google.android.apps.gsa.shared.util.concurrent.a.ai.run(SourceFile:6)
09-12 01:30:07.584  2182  4375 W sb.r.GsaCSCon: Caused by: com.google.android.apps.gsa.shared.exception.GsaIOException: Error code: 262160
09-12 01:30:07.584  2182  4375 W sb.r.GsaCSCon: 	at com.google.android.apps.gsa.search.core.q.k.b(SourceFile:64)
09-12 01:30:07.584  2182  4375 W sb.r.GsaCSCon: 	at com.google.android.apps.gsa.search.core.q.k.a(SourceFile:58)
09-12 01:30:07.584  2182  4375 W sb.r.GsaCSCon: 	at com.google.android.apps.gsa.search.core.q.o.Y(Unknown Source:5)
09-12 01:30:07.584  2182  4375 W sb.r.GsaCSCon: 	at com.google.common.util.concurrent.q.Q(SourceFile:7)
09-12 01:30:07.584  2182  4375 W sb.r.GsaCSCon: 	at com.google.common.util.concurrent.p.run(SourceFile:39)
09-12 01:30:07.584  2182  4375 W sb.r.GsaCSCon: 	at com.google.common.util.concurrent.br.execute(SourceFile:3)
09-12 01:30:07.584  2182  4375 W sb.r.GsaCSCon: 	at com.google.common.util.concurrent.d.a(SourceFile:224)
09-12 01:30:07.584  2182  4375 W sb.r.GsaCSCon: 	at com.google.common.util.concurrent.d.a(SourceFile:217)
09-12 01:30:07.584  2182  4375 W sb.r.GsaCSCon: 	at com.google.common.util.concurrent.d.m(SourceFile:147)
09-12 01:30:07.584  2182  4375 W sb.r.GsaCSCon: 	at com.google.common.util.concurrent.q.aQ(SourceFile:4)
09-12 01:30:07.584  2182  4375 W sb.r.GsaCSCon: 	at com.google.common.util.concurrent.p.run(SourceFile:47)
09-12 01:30:07.584  2182  4375 W sb.r.GsaCSCon: 	at com.google.common.util.concurrent.br.execute(SourceFile:3)
09-12 01:30:07.584  2182  4375 W sb.r.GsaCSCon: 	at com.google.common.util.concurrent.d.a(SourceFile:224)
09-12 01:30:07.584  2182  4375 W sb.r.GsaCSCon: 	at com.google.common.util.concurrent.d.a(SourceFile:217)
09-12 01:30:07.584  2182  4375 W sb.r.GsaCSCon: 	at com.google.common.util.concurrent.j.run(SourceFile:15)
09-12 01:30:07.584  2182  4375 W sb.r.GsaCSCon: 	at com.google.common.util.concurrent.br.execute(SourceFile:3)
09-12 01:30:07.584  2182  4375 W sb.r.GsaCSCon: 	at com.google.common.util.concurrent.aq.a(SourceFile:29)
09-12 01:30:07.584  2182  4375 W sb.r.GsaCSCon: 	at com.google.common.util.concurrent.aq.execute(SourceFile:26)
09-12 01:30:07.584  2182  4375 W sb.r.GsaCSCon: 	at com.google.android.apps.gsa.shared.util.concurrent.a.ax.done(SourceFile:34)
09-12 01:30:07.584  2182  4375 W sb.r.GsaCSCon: 	at java.util.concurrent.FutureTask.finishCompletion(FutureTask.java:383)
09-12 01:30:07.584  2182  4375 W sb.r.GsaCSCon: 	at java.util.concurrent.FutureTask.set(FutureTask.java:234)
09-12 01:30:07.584  2182  4375 W sb.r.GsaCSCon: 	at java.util.concurrent.FutureTask.run(FutureTask.java:274)
09-12 01:30:07.584  2182  4375 W sb.r.GsaCSCon: 	... 7 more
09-12 01:30:07.689  1319  1319 D gralloc_ranchu: gralloc_alloc: Creating ashmem region of size 4096
09-12 01:30:07.891  1529  1648 E TaskPersister: File error accessing recents directory (directory doesn't exist?).
09-12 01:30:07.994  4620  4620 W ViewRootImpl[PopupWindow:f0c3fc0]: Dropping event due to no window focus: KeyEvent { action=ACTION_DOWN, keyCode=KEYCODE_AT, scanCode=0, metaState=0, flags=0x8, repeatCount=0, eventTime=714120, downTime=714120, deviceId=-1, source=0x101 }
09-12 01:30:07.995  4620  4620 W ViewRootImpl[PopupWindow:f0c3fc0]: Cancelling event due to no window focus: KeyEvent { action=ACTION_UP, keyCode=KEYCODE_AT, scanCode=0, metaState=0, flags=0x28, repeatCount=0, eventTime=714125, downTime=714125, deviceId=-1, source=0x101 }
09-12 01:30:07.997  4620  4620 I chatty  : uid=10084(u0_a84) me.kuehle.carreport identical 7 lines
09-12 01:30:07.997  4620  4620 W ViewRootImpl[PopupWindow:f0c3fc0]: Cancelling event due to no window focus: KeyEvent { action=ACTION_UP, keyCode=KEYCODE_AT, scanCode=0, metaState=0, flags=0x28, repeatCount=0, eventTime=714125, downTime=714125, deviceId=-1, source=0x101 }
09-12 01:30:07.999  4620  4620 W ViewRootImpl[PopupWindow:f0c3fc0]: Dropping event due to no window focus: KeyEvent { action=ACTION_DOWN, keyCode=KEYCODE_BACK, scanCode=0, metaState=0, flags=0x8, repeatCount=0, eventTime=714141, downTime=714141, deviceId=-1, source=0x101 }
09-12 01:30:08.000  1529  1549 D AutofillManagerService: onBackKeyPressed()
09-12 01:30:08.031  1319  1319 D gralloc_ranchu: gralloc_alloc: Creating ashmem region of size 4096
09-12 01:30:08.052  1319  1319 D gralloc_ranchu: gralloc_alloc: Creating ashmem region of size 4096
09-12 01:30:08.061  1319  1319 D gralloc_ranchu: gralloc_alloc: Creating ashmem region of size 4096
09-12 01:30:08.105  4620  4620 W ViewRootImpl[PopupWindow:f0c3fc0]: Cancelling event due to no window focus: KeyEvent { action=ACTION_UP, keyCode=KEYCODE_BACK, scanCode=0, metaState=0, flags=0x28, repeatCount=0, eventTime=714144, downTime=714144, deviceId=-1, source=0x101 }
09-12 01:30:08.106  4620  4620 I chatty  : uid=10084(u0_a84) me.kuehle.carreport identical 7 lines
09-12 01:30:08.106  4620  4620 W ViewRootImpl[PopupWindow:f0c3fc0]: Cancelling event due to no window focus: KeyEvent { action=ACTION_UP, keyCode=KEYCODE_BACK, scanCode=0, metaState=0, flags=0x28, repeatCount=0, eventTime=714144, downTime=714144, deviceId=-1, source=0x101 }
09-12 01:30:08.107  4620  4620 W ViewRootImpl[PopupWindow:f0c3fc0]: Dropping event due to no window focus: KeyEvent { action=ACTION_DOWN, keyCode=KEYCODE_DPAD_DOWN, scanCode=0, metaState=0, flags=0x8, repeatCount=0, eventTime=714153, downTime=714153, deviceId=-1, source=0x101 }
09-12 01:30:08.120  4620  4620 W ViewRootImpl[PopupWindow:f0c3fc0]: Cancelling event due to no window focus: KeyEvent { action=ACTION_UP, keyCode=KEYCODE_DPAD_DOWN, scanCode=0, metaState=0, flags=0x28, repeatCount=0, eventTime=714253, downTime=714253, deviceId=-1, source=0x101 }
09-12 01:30:08.122  4620  4620 I chatty  : uid=10084(u0_a84) me.kuehle.carreport identical 7 lines
09-12 01:30:08.123  4620  4620 W ViewRootImpl[PopupWindow:f0c3fc0]: Cancelling event due to no window focus: KeyEvent { action=ACTION_UP, keyCode=KEYCODE_DPAD_DOWN, scanCode=0, metaState=0, flags=0x28, repeatCount=0, eventTime=714253, downTime=714253, deviceId=-1, source=0x101 }
09-12 01:30:08.130  4620  4620 W ViewRootImpl[PopupWindow:f0c3fc0]: Dropping event due to no window focus: KeyEvent { action=ACTION_DOWN, keyCode=KEYCODE_TV_ZOOM_MODE, scanCode=0, metaState=0, flags=0x8, repeatCount=0, eventTime=714265, downTime=714265, deviceId=-1, source=0x101 }
09-12 01:30:08.407  4620  4620 W ViewRootImpl[PopupWindow:2d29e20]: Cancelling event due to no window focus: KeyEvent { action=ACTION_UP, keyCode=KEYCODE_MENU, scanCode=0, metaState=0, flags=0x28, repeatCount=0, eventTime=714511, downTime=714511, deviceId=-1, source=0x101 }
09-12 01:30:08.421  1319  1319 D gralloc_ranchu: gralloc_alloc: Creating ashmem region of size 4096
09-12 01:30:08.432  1319  1319 D gralloc_ranchu: gralloc_alloc: Creating ashmem region of size 4096
09-12 01:30:08.408  4620  4620 I chatty  : uid=10084(u0_a84) me.kuehle.carreport identical 7 lines
09-12 01:30:08.408  4620  4620 W ViewRootImpl[PopupWindow:2d29e20]: Cancelling event due to no window focus: KeyEvent { action=ACTION_UP, keyCode=KEYCODE_MENU, scanCode=0, metaState=0, flags=0x28, repeatCount=0, eventTime=714511, downTime=714511, deviceId=-1, source=0x101 }
09-12 01:30:08.545  4620  4620 W ViewRootImpl[PopupWindow:2d29e20]: Dropping event due to no window focus: KeyEvent { action=ACTION_DOWN, keyCode=KEYCODE_MENU, scanCode=0, metaState=0, flags=0x8, repeatCount=0, eventTime=714543, downTime=714543, deviceId=-1, source=0x101 }
09-12 01:30:08.546  4620  4620 W ViewRootImpl[PopupWindow:2d29e20]: Cancelling event due to no window focus: KeyEvent { action=ACTION_UP, keyCode=KEYCODE_MENU, scanCode=0, metaState=0, flags=0x28, repeatCount=0, eventTime=714555, downTime=714555, deviceId=-1, source=0x101 }
09-12 01:30:08.547  4620  4620 I chatty  : uid=10084(u0_a84) me.kuehle.carreport identical 4 lines
09-12 01:30:08.547  4620  4620 W ViewRootImpl[PopupWindow:2d29e20]: Cancelling event due to no window focus: KeyEvent { action=ACTION_UP, keyCode=KEYCODE_MENU, scanCode=0, metaState=0, flags=0x28, repeatCount=0, eventTime=714555, downTime=714555, deviceId=-1, source=0x101 }
09-12 01:30:08.550  4620  4620 W ViewRootImpl[PopupWindow:2d29e20]: Dropping event due to no window focus: KeyEvent { action=ACTION_DOWN, keyCode=KEYCODE_MEDIA_CLOSE, scanCode=0, metaState=0, flags=0x8, repeatCount=0, eventTime=714691, downTime=714691, deviceId=-1, source=0x101 }
09-12 01:30:08.564  4620  4620 W ViewRootImpl[PopupWindow:2d29e20]: Cancelling event due to no window focus: KeyEvent { action=ACTION_UP, keyCode=KEYCODE_MEDIA_CLOSE, scanCode=0, metaState=0, flags=0x28, repeatCount=0, eventTime=714696, downTime=714696, deviceId=-1, source=0x101 }
09-12 01:30:08.565  4620  4620 I chatty  : uid=10084(u0_a84) me.kuehle.carreport identical 7 lines
09-12 01:30:08.565  4620  4620 W ViewRootImpl[PopupWindow:2d29e20]: Cancelling event due to no window focus: KeyEvent { action=ACTION_UP, keyCode=KEYCODE_MEDIA_CLOSE, scanCode=0, metaState=0, flags=0x28, repeatCount=0, eventTime=714696, downTime=714696, deviceId=-1, source=0x101 }
09-12 01:30:08.567  4620  4620 W ViewRootImpl[PopupWindow:2d29e20]: Dropping event due to no window focus: KeyEvent { action=ACTION_DOWN, keyCode=KEYCODE_DPAD_RIGHT, scanCode=0, metaState=0, flags=0x8, repeatCount=0, eventTime=714697, downTime=714697, deviceId=-1, source=0x101 }
09-12 01:30:08.567  4620  4620 W ViewRootImpl[PopupWindow:2d29e20]: Cancelling event due to no window focus: KeyEvent { action=ACTION_UP, keyCode=KEYCODE_DPAD_RIGHT, scanCode=0, metaState=0, flags=0x28, repeatCount=0, eventTime=714711, downTime=714711, deviceId=-1, source=0x101 }
09-12 01:30:08.569  4620  4620 I chatty  : uid=10084(u0_a84) me.kuehle.carreport identical 7 lines
09-12 01:30:08.569  4620  4620 W ViewRootImpl[PopupWindow:2d29e20]: Cancelling event due to no window focus: KeyEvent { action=ACTION_UP, keyCode=KEYCODE_DPAD_RIGHT, scanCode=0, metaState=0, flags=0x28, repeatCount=0, eventTime=714711, downTime=714711, deviceId=-1, source=0x101 }
09-12 01:30:08.684  4620  4620 W ViewRootImpl[PopupWindow:d355f8b]: Dropping event due to no window focus: KeyEvent { action=ACTION_DOWN, keyCode=KEYCODE_MENU, scanCode=0, metaState=0, flags=0x8, repeatCount=0, eventTime=714798, downTime=714798, deviceId=-1, source=0x101 }
09-12 01:30:08.692  4620  4620 W ViewRootImpl[PopupWindow:d355f8b]: Cancelling event due to no window focus: KeyEvent { action=ACTION_UP, keyCode=KEYCODE_MENU, scanCode=0, metaState=0, flags=0x28, repeatCount=0, eventTime=714819, downTime=714819, deviceId=-1, source=0x101 }
09-12 01:30:08.783  1319  1319 D gralloc_ranchu: gralloc_alloc: Creating ashmem region of size 4096
09-12 01:30:08.792  1319  1319 D gralloc_ranchu: gralloc_alloc: Creating ashmem region of size 4096
09-12 01:30:08.694  4620  4620 I chatty  : uid=10084(u0_a84) me.kuehle.carreport identical 7 lines
09-12 01:30:08.694  4620  4620 W ViewRootImpl[PopupWindow:d355f8b]: Cancelling event due to no window focus: KeyEvent { action=ACTION_UP, keyCode=KEYCODE_MENU, scanCode=0, metaState=0, flags=0x28, repeatCount=0, eventTime=714819, downTime=714819, deviceId=-1, source=0x101 }
09-12 01:30:08.818  4620  4620 W ViewRootImpl[PopupWindow:d355f8b]: Dropping event due to no window focus: KeyEvent { action=ACTION_DOWN, keyCode=KEYCODE_DPAD_CENTER, scanCode=0, metaState=0, flags=0x8, repeatCount=0, eventTime=714835, downTime=714835, deviceId=-1, source=0x101 }
09-12 01:30:08.820  4620  4620 W ViewRootImpl[PopupWindow:d355f8b]: Cancelling event due to no window focus: KeyEvent { action=ACTION_UP, keyCode=KEYCODE_DPAD_CENTER, scanCode=0, metaState=0, flags=0x28, repeatCount=0, eventTime=714841, downTime=714841, deviceId=-1, source=0x101 }
09-12 01:30:08.823  4620  4620 I chatty  : uid=10084(u0_a84) me.kuehle.carreport identical 7 lines
09-12 01:30:08.823  4620  4620 W ViewRootImpl[PopupWindow:d355f8b]: Cancelling event due to no window focus: KeyEvent { action=ACTION_UP, keyCode=KEYCODE_DPAD_CENTER, scanCode=0, metaState=0, flags=0x28, repeatCount=0, eventTime=714841, downTime=714841, deviceId=-1, source=0x101 }
09-12 01:30:08.827  4620  4620 W ViewRootImpl[PopupWindow:d355f8b]: Dropping event due to no window focus: KeyEvent { action=ACTION_DOWN, keyCode=KEYCODE_BUTTON_10, scanCode=0, metaState=0, flags=0x8, repeatCount=0, eventTime=714966, downTime=714966, deviceId=-1, source=0x101 }
09-12 01:30:08.827  4620  4620 W ViewRootImpl[PopupWindow:d355f8b]: Dropping event due to no window focus: KeyEvent { action=ACTION_DOWN, keyCode=KEYCODE_DPAD_CENTER, scanCode=0, metaState=0, flags=0x8, repeatCount=0, eventTime=714966, downTime=714966, deviceId=-1, source=0x101 }
09-12 01:30:08.829  4620  4620 W ViewRootImpl[PopupWindow:d355f8b]: Cancelling event due to no window focus: KeyEvent { action=ACTION_UP, keyCode=KEYCODE_BUTTON_10, scanCode=0, metaState=0, flags=0x28, repeatCount=0, eventTime=714970, downTime=714970, deviceId=-1, source=0x101 }
09-12 01:30:08.830  4620  4620 I chatty  : uid=10084(u0_a84) me.kuehle.carreport identical 7 lines
09-12 01:30:08.831  4620  4620 W ViewRootImpl[PopupWindow:d355f8b]: Cancelling event due to no window focus: KeyEvent { action=ACTION_UP, keyCode=KEYCODE_BUTTON_10, scanCode=0, metaState=0, flags=0x28, repeatCount=0, eventTime=714970, downTime=714970, deviceId=-1, source=0x101 }
09-12 01:30:08.831  4620  4620 W ViewRootImpl[PopupWindow:d355f8b]: Cancelling event due to no window focus: KeyEvent { action=ACTION_UP, keyCode=KEYCODE_DPAD_CENTER, scanCode=0, metaState=0, flags=0x28, repeatCount=0, eventTime=714970, downTime=714970, deviceId=-1, source=0x101 }
09-12 01:30:08.833  4620  4620 I chatty  : uid=10084(u0_a84) me.kuehle.carreport identical 7 lines
09-12 01:30:08.833  4620  4620 W ViewRootImpl[PopupWindow:d355f8b]: Cancelling event due to no window focus: KeyEvent { action=ACTION_UP, keyCode=KEYCODE_DPAD_CENTER, scanCode=0, metaState=0, flags=0x28, repeatCount=0, eventTime=714970, downTime=714970, deviceId=-1, source=0x101 }
09-12 01:30:08.840  4620  4620 W ViewRootImpl[PopupWindow:d355f8b]: Dropping event due to no window focus: KeyEvent { action=ACTION_DOWN, keyCode=KEYCODE_BUTTON_R1, scanCode=0, metaState=0, flags=0x8, repeatCount=0, eventTime=714974, downTime=714974, deviceId=-1, source=0x101 }
09-12 01:30:08.841  4620  4620 W ViewRootImpl[PopupWindow:d355f8b]: Cancelling event due to no window focus: KeyEvent { action=ACTION_UP, keyCode=KEYCODE_BUTTON_R1, scanCode=0, metaState=0, flags=0x28, repeatCount=0, eventTime=714984, downTime=714984, deviceId=-1, source=0x101 }
09-12 01:30:08.842  4620  4620 I chatty  : uid=10084(u0_a84) me.kuehle.carreport identical 7 lines
09-12 01:30:08.842  4620  4620 W ViewRootImpl[PopupWindow:d355f8b]: Cancelling event due to no window focus: KeyEvent { action=ACTION_UP, keyCode=KEYCODE_BUTTON_R1, scanCode=0, metaState=0, flags=0x28, repeatCount=0, eventTime=714984, downTime=714984, deviceId=-1, source=0x101 }
09-12 01:30:09.072  4620  4620 W ViewRootImpl[PopupWindow:aa4f199]: Cancelling event due to no window focus: KeyEvent { action=ACTION_UP, keyCode=KEYCODE_MENU, scanCode=0, metaState=0, flags=0x28, repeatCount=0, eventTime=715113, downTime=715113, deviceId=-1, source=0x101 }
09-12 01:30:09.072  4620  4620 I chatty  : uid=10084(u0_a84) me.kuehle.carreport identical 7 lines
09-12 01:30:09.072  4620  4620 W ViewRootImpl[PopupWindow:aa4f199]: Cancelling event due to no window focus: KeyEvent { action=ACTION_UP, keyCode=KEYCODE_MENU, scanCode=0, metaState=0, flags=0x28, repeatCount=0, eventTime=715113, downTime=715113, deviceId=-1, source=0x101 }
09-12 01:30:09.073  4620  4620 W ViewRootImpl[PopupWindow:aa4f199]: Dropping event due to no window focus: KeyEvent { action=ACTION_DOWN, keyCode=KEYCODE_DPAD_UP, scanCode=0, metaState=0, flags=0x8, repeatCount=0, eventTime=715206, downTime=715206, deviceId=-1, source=0x101 }
09-12 01:30:09.076  4620  4620 W ViewRootImpl[PopupWindow:aa4f199]: Cancelling event due to no window focus: KeyEvent { action=ACTION_UP, keyCode=KEYCODE_DPAD_UP, scanCode=0, metaState=0, flags=0x28, repeatCount=0, eventTime=715219, downTime=715219, deviceId=-1, source=0x101 }
09-12 01:30:09.079  4620  4620 I chatty  : uid=10084(u0_a84) me.kuehle.carreport identical 7 lines
09-12 01:30:09.079  4620  4620 W ViewRootImpl[PopupWindow:aa4f199]: Cancelling event due to no window focus: KeyEvent { action=ACTION_UP, keyCode=KEYCODE_DPAD_UP, scanCode=0, metaState=0, flags=0x28, repeatCount=0, eventTime=715219, downTime=715219, deviceId=-1, source=0x101 }
09-12 01:30:09.080  4620  4620 W ViewRootImpl[PopupWindow:aa4f199]: Dropping event due to no window focus: KeyEvent { action=ACTION_DOWN, keyCode=KEYCODE_CALL, scanCode=0, metaState=0, flags=0x8, repeatCount=0, eventTime=715222, downTime=715222, deviceId=-1, source=0x101 }
09-12 01:30:09.177  1319  1319 D gralloc_ranchu: gralloc_alloc: Creating ashmem region of size 4096
09-12 01:30:09.203  1319  1319 D gralloc_ranchu: gralloc_alloc: Creating ashmem region of size 4096
09-12 01:30:09.232  4620  4620 W ViewRootImpl[PopupWindow:aa4f199]: Cancelling event due to no window focus: KeyEvent { action=ACTION_UP, keyCode=KEYCODE_CALL, scanCode=0, metaState=0, flags=0x28, repeatCount=0, eventTime=715226, downTime=715226, deviceId=-1, source=0x101 }
09-12 01:30:09.232  4620  4620 I chatty  : uid=10084(u0_a84) me.kuehle.carreport identical 5 lines
09-12 01:30:09.232  4620  4620 W ViewRootImpl[PopupWindow:aa4f199]: Cancelling event due to no window focus: KeyEvent { action=ACTION_UP, keyCode=KEYCODE_CALL, scanCode=0, metaState=0, flags=0x28, repeatCount=0, eventTime=715226, downTime=715226, deviceId=-1, source=0x101 }
09-12 01:30:09.434  4620  4620 W ViewRootImpl[MainActivity]: Dropping event due to no window focus: KeyEvent { action=ACTION_DOWN, keyCode=KEYCODE_DPAD_UP, scanCode=0, metaState=0, flags=0x8, repeatCount=0, eventTime=715521, downTime=715521, deviceId=-1, source=0x101 }
09-12 01:30:09.436  4620  4620 W ViewRootImpl[MainActivity]: Cancelling event due to no window focus: KeyEvent { action=ACTION_UP, keyCode=KEYCODE_DPAD_UP, scanCode=0, metaState=0, flags=0x28, repeatCount=0, eventTime=715533, downTime=715533, deviceId=-1, source=0x101 }
09-12 01:30:09.439  4620  4620 I chatty  : uid=10084(u0_a84) me.kuehle.carreport identical 7 lines
09-12 01:30:09.439  4620  4620 W ViewRootImpl[MainActivity]: Cancelling event due to no window focus: KeyEvent { action=ACTION_UP, keyCode=KEYCODE_DPAD_UP, scanCode=0, metaState=0, flags=0x28, repeatCount=0, eventTime=715533, downTime=715533, deviceId=-1, source=0x101 }
09-12 01:30:09.476  4620  4620 W ViewRootImpl[MainActivity]: Dropping event due to no window focus: KeyEvent { action=ACTION_DOWN, keyCode=KEYCODE_DPAD_CENTER, scanCode=0, metaState=0, flags=0x8, repeatCount=0, eventTime=715581, downTime=715581, deviceId=-1, source=0x101 }
09-12 01:30:09.476  4620  4620 W ViewRootImpl[MainActivity]: Cancelling event due to no window focus: KeyEvent { action=ACTION_UP, keyCode=KEYCODE_DPAD_CENTER, scanCode=0, metaState=0, flags=0x28, repeatCount=0, eventTime=715602, downTime=715581, deviceId=-1, source=0x101 }
09-12 01:30:09.476  4620  4620 I chatty  : uid=10084(u0_a84) me.kuehle.carreport identical 1 line
09-12 01:30:09.476  4620  4620 W ViewRootImpl[MainActivity]: Cancelling event due to no window focus: KeyEvent { action=ACTION_UP, keyCode=KEYCODE_DPAD_CENTER, scanCode=0, metaState=0, flags=0x28, repeatCount=0, eventTime=715602, downTime=715581, deviceId=-1, source=0x101 }
09-12 01:30:09.478  4620  4620 W ViewRootImpl[PopupWindow:25bd617]: Cancelling event due to no window focus: KeyEvent { action=ACTION_UP, keyCode=KEYCODE_DPAD_CENTER, scanCode=0, metaState=0, flags=0x28, repeatCount=0, eventTime=715588, downTime=715588, deviceId=-1, source=0x101 }
09-12 01:30:09.479  4620  4620 I chatty  : uid=10084(u0_a84) me.kuehle.carreport identical 7 lines
09-12 01:30:09.479  4620  4620 W ViewRootImpl[PopupWindow:25bd617]: Cancelling event due to no window focus: KeyEvent { action=ACTION_UP, keyCode=KEYCODE_DPAD_CENTER, scanCode=0, metaState=0, flags=0x28, repeatCount=0, eventTime=715588, downTime=715588, deviceId=-1, source=0x101 }
09-12 01:30:09.497  4620  4620 W ViewRootImpl[PopupWindow:25bd617]: Dropping event due to no window focus: MotionEvent { action=ACTION_MOVE, actionButton=0, id[0]=0, x[0]=-4.0, y[0]=0.0, toolType[0]=TOOL_TYPE_UNKNOWN, buttonState=0, metaState=0, flags=0x0, edgeFlags=0x0, pointerCount=1, historySize=2, eventTime=715610, downTime=-1, deviceId=0, source=0x10004 }
09-12 01:30:09.537  1319  1319 D gralloc_ranchu: gralloc_alloc: Creating ashmem region of size 4096
09-12 01:30:09.547  1319  1319 D gralloc_ranchu: gralloc_alloc: Creating ashmem region of size 4096
09-12 01:30:09.590  4620  4620 W ViewRootImpl[MainActivity]: Cancelling event due to no window focus: KeyEvent { action=ACTION_UP, keyCode=KEYCODE_DPAD_CENTER, scanCode=0, metaState=0, flags=0x28, repeatCount=0, eventTime=715602, downTime=715581, deviceId=-1, source=0x101 }
09-12 01:30:09.590  4620  4620 I chatty  : uid=10084(u0_a84) me.kuehle.carreport identical 4 lines
09-12 01:30:09.590  4620  4620 W ViewRootImpl[MainActivity]: Cancelling event due to no window focus: KeyEvent { action=ACTION_UP, keyCode=KEYCODE_DPAD_CENTER, scanCode=0, metaState=0, flags=0x28, repeatCount=0, eventTime=715602, downTime=715581, deviceId=-1, source=0x101 }
09-12 01:30:10.723  1529  1549 D AutofillManagerService: onBackKeyPressed()
09-12 01:30:10.779  4620  4620 E AndroidRuntime: FATAL EXCEPTION: main
09-12 01:30:10.779  4620  4620 E AndroidRuntime: Process: me.kuehle.carreport, PID: 4620
09-12 01:30:10.779  4620  4620 E AndroidRuntime: java.lang.NullPointerException: Attempt to invoke virtual method 'void lecho.lib.hellocharts.view.ComboLineColumnChartView.setVisibility(int)' on a null object reference
09-12 01:30:10.779  4620  4620 E AndroidRuntime: 	at me.kuehle.carreport.gui.ReportFragment$3.onAnimationEnd(ReportFragment.java:405)
09-12 01:30:10.779  4620  4620 E AndroidRuntime: 	at android.animation.Animator$AnimatorListener.onAnimationEnd(Animator.java:552)
09-12 01:30:10.779  4620  4620 E AndroidRuntime: 	at android.animation.AnimatorSet.endAnimation(AnimatorSet.java:1293)
09-12 01:30:10.779  4620  4620 E AndroidRuntime: 	at android.animation.AnimatorSet.cancel(AnimatorSet.java:429)
09-12 01:30:10.779  4620  4620 E AndroidRuntime: 	at me.kuehle.carreport.gui.ReportFragment.showFullScreenChart(ReportFragment.java:421)
09-12 01:30:10.779  4620  4620 E AndroidRuntime: 	at me.kuehle.carreport.gui.ReportFragment.access$400(ReportFragment.java:74)
09-12 01:30:10.779  4620  4620 E AndroidRuntime: 	at me.kuehle.carreport.gui.ReportFragment$ReportHolder$3.onClick(ReportFragment.java:145)
09-12 01:30:10.779  4620  4620 E AndroidRuntime: 	at android.view.View.performClick(View.java:6256)
09-12 01:30:10.779  4620  4620 E AndroidRuntime: 	at android.view.View.onKeyUp(View.java:12415)
09-12 01:30:10.779  4620  4620 E AndroidRuntime: 	at android.view.KeyEvent.dispatch(KeyEvent.java:2712)
09-12 01:30:10.779  4620  4620 E AndroidRuntime: 	at android.view.View.dispatchKeyEvent(View.java:11658)
09-12 01:30:10.779  4620  4620 E AndroidRuntime: 	at android.view.ViewGroup.dispatchKeyEvent(ViewGroup.java:1827)
09-12 01:30:10.779  4620  4620 E AndroidRuntime: 	at android.view.ViewGroup.dispatchKeyEvent(ViewGroup.java:1827)
09-12 01:30:10.779  4620  4620 E AndroidRuntime: 	at android.view.ViewGroup.dispatchKeyEvent(ViewGroup.java:1827)
09-12 01:30:10.779  4620  4620 E AndroidRuntime: 	at android.view.ViewGroup.dispatchKeyEvent(ViewGroup.java:1827)
09-12 01:30:10.779  4620  4620 E AndroidRuntime: 	at android.view.ViewGroup.dispatchKeyEvent(ViewGroup.java:1827)
09-12 01:30:10.779  4620  4620 E AndroidRuntime: 	at android.view.ViewGroup.dispatchKeyEvent(ViewGroup.java:1827)
09-12 01:30:10.779  4620  4620 E AndroidRuntime: 	at android.view.ViewGroup.dispatchKeyEvent(ViewGroup.java:1827)
09-12 01:30:10.779  4620  4620 E AndroidRuntime: 	at android.view.ViewGroup.dispatchKeyEvent(ViewGroup.java:1827)
09-12 01:30:10.779  4620  4620 E AndroidRuntime: 	at android.view.ViewGroup.dispatchKeyEvent(ViewGroup.java:1827)
09-12 01:30:10.779  4620  4620 E AndroidRuntime: 	at android.view.ViewGroup.dispatchKeyEvent(ViewGroup.java:1827)
09-12 01:30:10.779  4620  4620 E AndroidRuntime: 	at android.view.ViewGroup.dispatchKeyEvent(ViewGroup.java:1827)
09-12 01:30:10.779  4620  4620 E AndroidRuntime: 	at android.view.ViewGroup.dispatchKeyEvent(ViewGroup.java:1827)
09-12 01:30:10.779  4620  4620 E AndroidRuntime: 	at android.view.ViewGroup.dispatchKeyEvent(ViewGroup.java:1827)
09-12 01:30:10.779  4620  4620 E AndroidRuntime: 	at com.android.internal.policy.DecorView.superDispatchKeyEvent(DecorView.java:437)
09-12 01:30:10.779  4620  4620 E AndroidRuntime: 	at com.android.internal.policy.PhoneWindow.superDispatchKeyEvent(PhoneWindow.java:1818)
09-12 01:30:10.779  4620  4620 E AndroidRuntime: 	at android.app.Activity.dispatchKeyEvent(Activity.java:3252)
09-12 01:30:10.779  4620  4620 E AndroidRuntime: 	at android.support.v7.app.AppCompatActivity.dispatchKeyEvent(AppCompatActivity.java:534)
09-12 01:30:10.779  4620  4620 E AndroidRuntime: 	at android.support.v7.view.WindowCallbackWrapper.dispatchKeyEvent(WindowCallbackWrapper.java:58)
09-12 01:30:10.779  4620  4620 E AndroidRuntime: 	at android.support.v7.app.AppCompatDelegateImplBase$AppCompatWindowCallbackBase.dispatchKeyEvent(AppCompatDelegateImplBase.java:316)
09-12 01:30:10.779  4620  4620 E AndroidRuntime: 	at android.support.v7.view.WindowCallbackWrapper.dispatchKeyEvent(WindowCallbackWrapper.java:58)
09-12 01:30:10.779  4620  4620 E AndroidRuntime: 	at com.android.internal.policy.DecorView.dispatchKeyEvent(DecorView.java:351)
09-12 01:30:10.779  4620  4620 E AndroidRuntime: 	at android.view.ViewRootImpl$ViewPostImeInputStage.processKeyEvent(ViewRootImpl.java:4714)
09-12 01:30:10.779  4620  4620 E AndroidRuntime: 	at android.view.ViewRootImpl$ViewPostImeInputStage.onProcess(ViewRootImpl.java:4586)
09-12 01:30:10.779  4620  4620 E AndroidRuntime: 	at android.view.ViewRootImpl$InputStage.deliver(ViewRootImpl.java:4128)
09-12 01:30:10.779  4620  4620 E AndroidRuntime: 	at android.view.ViewRootImpl$InputStage.onDeliverToNext(ViewRootImpl.java:4181)
09-12 01:30:10.779  4620  4620 E AndroidRuntime: 	at android.view.ViewRootImpl$InputStage.forward(ViewRootImpl.java:4147)
09-12 01:30:10.779  4620  4620 E AndroidRuntime: 	at android.view.ViewRootImpl$AsyncInputStage.forward(ViewRootImpl.java:4274)
09-12 01:30:10.779  4620  4620 E AndroidRuntime: 	at android.view.ViewRootImpl$InputStage.apply(ViewRootImpl.java:4155)
09-12 01:30:10.779  4620  4620 E AndroidRuntime: 	at android.view.ViewRootImpl$AsyncInputStage.apply(ViewRootImpl.java:4331)
09-12 01:30:10.779  4620  4620 E AndroidRuntime: 	at android.view.ViewRootImpl$InputStage.deliver(ViewRootImpl.java:4128)
09-12 01:30:10.779  4620  4620 E AndroidRuntime: 	at android.view.ViewRootImpl$InputStage.onDeliverToNext(ViewRootImpl.java:4181)
09-12 01:30:10.779  4620  4620 E AndroidRuntime: 	at android.view.ViewRootImpl$InputStage.forward(ViewRootImpl.java:4147)
09-12 01:30:10.779  4620  4620 E AndroidRuntime: 	at android.view.ViewRootImpl$InputStage.apply(ViewRootImpl.java:4155)
09-12 01:30:10.779  4620  4620 E AndroidRuntime: 	at android.view.ViewRootImpl$InputStage.deliver(ViewRootImpl.java:4128)
09-12 01:30:10.779  4620  4620 E AndroidRuntime: 	at android.view.ViewRootImpl$InputStage.onDeliverToNext(ViewRootImpl.java:4181)
09-12 01:30:10.779  4620  4620 E AndroidRuntime: 	at android.view.ViewRootImpl$InputStage.forward(ViewRootImpl.java:4147)
09-12 01:30:10.779  4620  4620 E AndroidRuntime: 	at android.view.ViewRootImpl$AsyncInputStage.forward(ViewRootImpl.java:4307)
09-12 01:30:10.779  4620  4620 E AndroidRuntime: 	at android.view.ViewRootImpl$ImeInputStage.onFinishedInputEvent(ViewRootImpl.java:4468)
09-12 01:30:10.779  4620  4620 E AndroidRuntime: 	at android.view.inputmethod.InputMethodManager$PendingEvent.run(InputMethodManager.java:2435)
09-12 01:30:10.780  4620  4620 E AndroidRuntime: 	at android.view.inputmethod.InputMethodManager.invokeFinishedInputEventCallback(InputMethodManager.java:1998)
09-12 01:30:10.780  4620  4620 E AndroidRuntime: 	at android.view.inputmethod.InputMethodManager.finishedInputEvent(InputMethodManager.java:1989)
09-12 01:30:10.780  4620  4620 E AndroidRuntime: 	at android.view.inputmethod.InputMethodManager$ImeInputEventSender.onInputEventFinished(InputMethodManager.java:2412)
09-12 01:30:10.780  4620  4620 E AndroidRuntime: 	at android.view.InputEventSender.dispatchInputEventFinished(InputEventSender.java:141)
09-12 01:30:10.780  4620  4620 E AndroidRuntime: 	at android.os.MessageQueue.nativePollOnce(Native Method)
09-12 01:30:10.780  4620  4620 E AndroidRuntime: 	at android.os.MessageQueue.next(MessageQueue.java:325)
09-12 01:30:10.780  4620  4620 E AndroidRuntime: 	at android.os.Looper.loop(Looper.java:142)
09-12 01:30:10.780  4620  4620 E AndroidRuntime: 	at android.app.ActivityThread.main(ActivityThread.java:6541)
09-12 01:30:10.780  4620  4620 E AndroidRuntime: 	at java.lang.reflect.Method.invoke(Native Method)
09-12 01:30:10.780  4620  4620 E AndroidRuntime: 	at com.android.internal.os.Zygote$MethodAndArgsCaller.run(Zygote.java:240)
09-12 01:30:10.780  4620  4620 E AndroidRuntime: 	at com.android.internal.os.ZygoteInit.main(ZygoteInit.java:767)
09-12 01:30:10.785  4289  4298 W Monkey  : // CRASH: me.kuehle.carreport (pid 4620)
09-12 01:30:10.785  4289  4298 W Monkey  : // Short Msg: java.lang.NullPointerException
09-12 01:30:10.785  4289  4298 W Monkey  : // Long Msg: java.lang.NullPointerException: Attempt to invoke virtual method 'void lecho.lib.hellocharts.view.ComboLineColumnChartView.setVisibility(int)' on a null object reference
09-12 01:30:10.785  4289  4298 W Monkey  : // Build Label: google/sdk_gphone_x86/generic_x86:8.0.0/OSR1.170720.005/4205617:userdebug/dev-keys
09-12 01:30:10.785  4289  4298 W Monkey  : // Build Changelist: 4205617
09-12 01:30:10.785  4289  4298 W Monkey  : // Build Time: 1500682265000
09-12 01:30:10.788  4289  4298 W Monkey  : // java.lang.NullPointerException: Attempt to invoke virtual method 'void lecho.lib.hellocharts.view.ComboLineColumnChartView.setVisibility(int)' on a null object reference
09-12 01:30:10.788  4289  4298 W Monkey  : // 	at me.kuehle.carreport.gui.ReportFragment$3.onAnimationEnd(ReportFragment.java:405)
09-12 01:30:10.788  4289  4298 W Monkey  : // 	at android.animation.Animator$AnimatorListener.onAnimationEnd(Animator.java:552)
09-12 01:30:10.788  4289  4298 W Monkey  : // 	at android.animation.AnimatorSet.endAnimation(AnimatorSet.java:1293)
09-12 01:30:10.788  4289  4298 W Monkey  : // 	at android.animation.AnimatorSet.cancel(AnimatorSet.java:429)
09-12 01:30:10.788  4289  4298 W Monkey  : // 	at me.kuehle.carreport.gui.ReportFragment.showFullScreenChart(ReportFragment.java:421)
09-12 01:30:10.788  4289  4298 W Monkey  : // 	at me.kuehle.carreport.gui.ReportFragment.access$400(ReportFragment.java:74)
09-12 01:30:10.788  4289  4298 W Monkey  : // 	at me.kuehle.carreport.gui.ReportFragment$ReportHolder$3.onClick(ReportFragment.java:145)
09-12 01:30:10.788  4289  4298 W Monkey  : // 	at android.view.View.performClick(View.java:6256)
09-12 01:30:10.788  4289  4298 W Monkey  : // 	at android.view.View.onKeyUp(View.java:12415)
09-12 01:30:10.788  4289  4298 W Monkey  : // 	at android.view.KeyEvent.dispatch(KeyEvent.java:2712)
09-12 01:30:10.788  4289  4298 W Monkey  : // 	at android.view.View.dispatchKeyEvent(View.java:11658)
09-12 01:30:10.788  4289  4298 W Monkey  : // 	at android.view.ViewGroup.dispatchKeyEvent(ViewGroup.java:1827)
09-12 01:30:10.788  4289  4298 W Monkey  : // 	at android.view.ViewGroup.dispatchKeyEvent(ViewGroup.java:1827)
09-12 01:30:10.788  4289  4298 W Monkey  : // 	at android.view.ViewGroup.dispatchKeyEvent(ViewGroup.java:1827)
09-12 01:30:10.788  4289  4298 W Monkey  : // 	at android.view.ViewGroup.dispatchKeyEvent(ViewGroup.java:1827)
09-12 01:30:10.788  4289  4298 W Monkey  : // 	at android.view.ViewGroup.dispatchKeyEvent(ViewGroup.java:1827)
09-12 01:30:10.788  4289  4298 W Monkey  : // 	at android.view.ViewGroup.dispatchKeyEvent(ViewGroup.java:1827)
09-12 01:30:10.788  4289  4298 W Monkey  : // 	at android.view.ViewGroup.dispatchKeyEvent(ViewGroup.java:1827)
09-12 01:30:10.788  4289  4298 W Monkey  : // 	at android.view.ViewGroup.dispatchKeyEvent(ViewGroup.java:1827)
09-12 01:30:10.788  4289  4298 W Monkey  : // 	at android.view.ViewGroup.dispatchKeyEvent(ViewGroup.java:1827)
09-12 01:30:10.788  4289  4298 W Monkey  : // 	at android.view.ViewGroup.dispatchKeyEvent(ViewGroup.java:1827)
09-12 01:30:10.788  4289  4298 W Monkey  : // 	at android.view.ViewGroup.dispatchKeyEvent(ViewGroup.java:1827)
09-12 01:30:10.788  4289  4298 W Monkey  : // 	at android.view.ViewGroup.dispatchKeyEvent(ViewGroup.java:1827)
09-12 01:30:10.788  4289  4298 W Monkey  : // 	at android.view.ViewGroup.dispatchKeyEvent(ViewGroup.java:1827)
09-12 01:30:10.788  4289  4298 W Monkey  : // 	at com.android.internal.policy.DecorView.superDispatchKeyEvent(DecorView.java:437)
09-12 01:30:10.788  4289  4298 W Monkey  : // 	at com.android.internal.policy.PhoneWindow.superDispatchKeyEvent(PhoneWindow.java:1818)
09-12 01:30:10.788  4289  4298 W Monkey  : // 	at android.app.Activity.dispatchKeyEvent(Activity.java:3252)
09-12 01:30:10.788  4289  4298 W Monkey  : // 	at android.support.v7.app.AppCompatActivity.dispatchKeyEvent(AppCompatActivity.java:534)
09-12 01:30:10.788  4289  4298 W Monkey  : // 	at android.support.v7.view.WindowCallbackWrapper.dispatchKeyEvent(WindowCallbackWrapper.java:58)
09-12 01:30:10.788  4289  4298 W Monkey  : // 	at android.support.v7.app.AppCompatDelegateImplBase$AppCompatWindowCallbackBase.dispatchKeyEvent(AppCompatDelegateImplBase.java:316)
09-12 01:30:10.788  4289  4298 W Monkey  : // 	at android.support.v7.view.WindowCallbackWrapper.dispatchKeyEvent(WindowCallbackWrapper.java:58)
09-12 01:30:10.788  4289  4298 W Monkey  : // 	at com.android.internal.policy.DecorView.dispatchKeyEvent(DecorView.java:351)
09-12 01:30:10.788  4289  4298 W Monkey  : // 	at android.view.ViewRootImpl$ViewPostImeInputStage.processKeyEvent(ViewRootImpl.java:4714)
09-12 01:30:10.788  4289  4298 W Monkey  : // 	at android.view.ViewRootImpl$ViewPostImeInputStage.onProcess(ViewRootImpl.java:4586)
09-12 01:30:10.788  4289  4298 W Monkey  : // 	at android.view.ViewRootImpl$InputStage.deliver(ViewRootImpl.java:4128)
09-12 01:30:10.788  4289  4298 W Monkey  : // 	at android.view.ViewRootImpl$InputStage.onDeliverToNext(ViewRootImpl.java:4181)
09-12 01:30:10.788  4289  4298 W Monkey  : // 	at android.view.ViewRootImpl$InputStage.forward(ViewRootImpl.java:4147)
09-12 01:30:10.788  4289  4298 W Monkey  : // 	at android.view.ViewRootImpl$AsyncInputStage.forward(ViewRootImpl.java:4274)
09-12 01:30:10.788  4289  4298 W Monkey  : // 	at android.view.ViewRootImpl$InputStage.apply(ViewRootImpl.java:4155)
09-12 01:30:10.788  4289  4298 W Monkey  : // 	at android.view.ViewRootImpl$AsyncInputStage.apply(ViewRootImpl.java:4331)
09-12 01:30:10.788  4289  4298 W Monkey  : // 	at android.view.ViewRootImpl$InputStage.deliver(ViewRootImpl.java:4128)
09-12 01:30:10.788  4289  4298 W Monkey  : // 	at android.view.ViewRootImpl$InputStage.onDeliverToNext(ViewRootImpl.java:4181)
09-12 01:30:10.788  4289  4298 W Monkey  : // 	at android.view.ViewRootImpl$InputStage.forward(ViewRootImpl.java:4147)
09-12 01:30:10.788  4289  4298 W Monkey  : // 	at android.view.ViewRootImpl$InputStage.apply(ViewRootImpl.java:4155)
09-12 01:30:10.788  4289  4298 W Monkey  : // 	at android.view.ViewRootImpl$InputStage.deliver(ViewRootImpl.java:4128)
09-12 01:30:10.788  4289  4298 W Monkey  : // 	at android.view.ViewRootImpl$InputStage.onDeliverToNext(ViewRootImpl.java:4181)
09-12 01:30:10.788  4289  4298 W Monkey  : // 	at android.view.ViewRootImpl$InputStage.forward(ViewRootImpl.java:4147)
09-12 01:30:10.788  4289  4298 W Monkey  : // 	at android.view.ViewRootImpl$AsyncInputStage.forward(ViewRootImpl.java:4307)
09-12 01:30:10.788  4289  4298 W Monkey  : // 	at android.view.ViewRootImpl$ImeInputStage.onFinishedInputEvent(ViewRootImpl.java:4468)
09-12 01:30:10.788  4289  4298 W Monkey  : // 	at android.view.inputmethod.InputMethodManager$PendingEvent.run(Inpu
09-12 01:30:10.790  1529  2362 W ActivityManager: Force-killing crashed app me.kuehle.carreport at watcher's request
09-12 01:30:10.791  1529  2362 W ActivityManager:   Force finishing activity me.kuehle.carreport/.gui.MainActivity
09-12 01:30:10.809  1326  1326 E lowmemorykiller: Error writing /proc/4620/oom_score_adj; errno=22
09-12 01:30:10.826  1529  1611 I chatty  : uid=1000(system) InputDispatcher expire 4 lines
09-12 01:30:10.830  1529  2359 I ActivityManager: Process me.kuehle.carreport (pid 4620) has died: vis  +99TOP 
09-12 01:30:10.830  1529  3974 I WindowManager: WIN DEATH: Window{ceb4923 u0 me.kuehle.carreport/me.kuehle.carreport.gui.MainActivity}
09-12 01:30:10.830  1529  3974 I chatty  : uid=1000(system) Binder:1529_D expire 1 line
09-12 01:30:10.838  1529  3975 W InputManager: Input event injection from pid 4289 failed.
09-12 01:30:10.839  4289  4289 I Monkey  :     // Injection Failed
09-12 01:30:10.841  1529  1685 W InputManager: Input event injection from pid 4289 failed.
09-12 01:30:10.851  1529  1557 W ActivityManager: setHasOverlayUi called on unknown pid: 4620
09-12 01:30:10.852  4289  4289 I Monkey  :     // Injection Failed
09-12 01:30:10.889  1319  1319 D gralloc_ranchu: gralloc_alloc: Creating ashmem region of size 4096
09-12 01:30:10.901  1327  1327 D SurfaceFlinger: duplicate layer name: changing com.google.android.apps.nexuslauncher/com.google.android.apps.nexuslauncher.NexusLauncherActivity to com.google.android.apps.nexuslauncher/com.google.android.apps.nexuslauncher.NexusLauncherActivity#1
09-12 01:30:10.905  1319  1319 D gralloc_ranchu: gralloc_alloc: Creating ashmem region of size 4096
09-12 01:30:10.956  1319  1319 D gralloc_ranchu: gralloc_alloc: Creating ashmem region of size 4096
09-12 01:30:10.960  2182  3468 D         : SurfaceInterface::setAsyncMode: set async mode 1
09-12 01:30:10.970  2182  3468 D EGL_emulation: eglMakeCurrent: 0x9e999fe0: ver 2 0 (tinfo 0x9ec7f230)
09-12 01:30:10.974  2254  2254 W ViewRootImpl[NexusLauncherActivity]: Dropping event due to no window focus: KeyEvent { action=ACTION_DOWN, keyCode=KEYCODE_DPAD_DOWN, scanCode=0, metaState=0, flags=0x8, repeatCount=0, eventTime=716998, downTime=716998, deviceId=-1, source=0x101 }
09-12 01:30:10.993  2254  2416 D         : SurfaceInterface::setAsyncMode: set async mode 1
09-12 01:30:10.996  2254  2416 D EGL_emulation: eglMakeCurrent: 0xaa831980: ver 2 0 (tinfo 0xaa80b010)
09-12 01:30:11.002  2182  2182 W SessionLifecycleManager: Handover failed. Creating new session controller.
09-12 01:30:11.019  2182  2182 I MicroDetectionWorker: #updateMicroDetector [detectionMode: [mDetectionMode: [1]]]
09-12 01:30:11.019  2182  2182 I MicroDetectionWorker: #startMicroDetector [speakerMode: 0]
09-12 01:30:11.019  2182  2182 I AudioController: Using mInputStreamFactoryBuilder
09-12 01:30:11.023  2182  3621 I MicroRecognitionRunner: Starting detection.
09-12 01:30:11.025  2182  4377 I MicrophoneInputStream: mic_starting com.google.android.apps.gsa.staticplugins.aa.c@a373055
09-12 01:30:11.032  1331  4653 I AudioFlinger: AudioFlinger's thread 0xa1903dc0 tid=4653 ready to run
09-12 01:30:11.032  2182  4377 I MicrophoneInputStream: mic_started com.google.android.apps.gsa.staticplugins.aa.c@a373055
09-12 01:30:11.034  2182  4377 E ActivityThread: Failed to find provider info for com.google.android.apps.gsa.testing.ui.audio.recorded
09-12 01:30:11.035  2182  3621 W SpeechLevelGenerator: Really low audio levels detected. The audio input may have issues.
09-12 01:30:11.045  2254  2254 W ViewRootImpl[NexusLauncherActivity]: Cancelling event due to no window focus: KeyEvent { action=ACTION_UP, keyCode=KEYCODE_DPAD_DOWN, scanCode=0, metaState=0, flags=0x28, repeatCount=0, eventTime=717059, downTime=717059, deviceId=-1, source=0x101 }
09-12 01:30:11.056  2182  2182 I MicroDetectionWorker: onReady
09-12 01:30:11.058  2182  2182 I MicroDetectionWorker: onReady
09-12 01:30:11.073  2182  4377 I MicrophoneInputStream: mic_close com.google.android.apps.gsa.staticplugins.aa.c@a373055
09-12 01:30:11.079  2182  3621 I MicroRecognitionRunner: Detection finished
09-12 01:30:11.079  2182  3621 W ErrorReporter: reportError [type: 211, code: 524300]: Error reading from input stream
09-12 01:30:11.080  2182  3621 W ErrorProcessor: onFatalError, processing error from engine(4)
09-12 01:30:11.080  2182  3621 W ErrorProcessor: com.google.android.apps.gsa.shared.speech.b.g: Error reading from input stream
09-12 01:30:11.080  2182  3621 W ErrorProcessor: 	at com.google.android.apps.gsa.staticplugins.recognizer.j.a.a(SourceFile:28)
09-12 01:30:11.080  2182  3621 W ErrorProcessor: 	at com.google.android.apps.gsa.staticplugins.recognizer.j.b.run(SourceFile:15)
09-12 01:30:11.080  2182  3621 W ErrorProcessor: 	at java.util.concurrent.Executors$RunnableAdapter.call(Executors.java:457)
09-12 01:30:11.080  2182  3621 W ErrorProcessor: 	at java.util.concurrent.FutureTask.run(FutureTask.java:266)
09-12 01:30:11.080  2182  3621 W ErrorProcessor: 	at com.google.android.apps.gsa.shared.util.concurrent.a.ax.run(SourceFile:14)
09-12 01:30:11.080  2182  3621 W ErrorProcessor: 	at com.google.android.apps.gsa.shared.util.concurrent.a.bl.run(SourceFile:4)
09-12 01:30:11.080  2182  3621 W ErrorProcessor: 	at com.google.android.apps.gsa.shared.util.concurrent.a.bl.run(SourceFile:4)
09-12 01:30:11.080  2182  3621 W ErrorProcessor: 	at java.util.concurrent.ThreadPoolExecutor.runWorker(ThreadPoolExecutor.java:1162)
09-12 01:30:11.080  2182  3621 W ErrorProcessor: 	at java.util.concurrent.ThreadPoolExecutor$Worker.run(ThreadPoolExecutor.java:636)
09-12 01:30:11.080  2182  3621 W ErrorProcessor: 	at java.lang.Thread.run(Thread.java:764)
09-12 01:30:11.080  2182  3621 W ErrorProcessor: 	at com.google.android.apps.gsa.shared.util.concurrent.a.ai.run(SourceFile:6)
09-12 01:30:11.080  2182  3621 W ErrorProcessor: Caused by: com.google.android.apps.gsa.shared.exception.GsaIOException: Error code: 393238 | Buffer overflow, no available space.
09-12 01:30:11.080  2182  3621 W ErrorProcessor: 	at com.google.android.apps.gsa.speech.audio.Tee.f(SourceFile:103)
09-12 01:30:11.080  2182  3621 W ErrorProcessor: 	at com.google.android.apps.gsa.speech.audio.au.read(SourceFile:2)
09-12 01:30:11.080  2182  3621 W ErrorProcessor: 	at java.io.InputStream.read(InputStream.java:101)
09-12 01:30:11.080  2182  3621 W ErrorProcessor: 	at com.google.android.apps.gsa.speech.audio.ao.run(SourceFile:18)
09-12 01:30:11.080  2182  3621 W ErrorProcessor: 	at com.google.android.apps.gsa.speech.audio.an.run(SourceFile:2)
09-12 01:30:11.080  2182  3621 W ErrorProcessor: 	... 9 more
09-12 01:30:11.080  2182  3471 I MicroRecognitionRunner: Stopping hotword detection.
09-12 01:30:11.080  2182  3621 I AudioController: internalShutdown
09-12 01:30:11.084  2182  2182 I MicroDetector: Keeping mic open: false
09-12 01:30:11.084  2182  2182 I MicroDetectionWorker: #onError(false)
09-12 01:30:11.084  2182  3622 I DeviceStateChecker: DeviceStateChecker cancelled
09-12 01:30:11.113  1319  1319 D gralloc_ranchu: gralloc_alloc: Creating ashmem region of size 4096
09-12 01:30:11.386  1655  1655 D StatusBar: disable<e i a s b h r c s q >
09-12 01:30:11.410  1655  1926 D EGL_emulation: eglMakeCurrent: 0x8d9d45a0: ver 2 0 (tinfo 0x8d9c9c40)
09-12 01:30:11.413  1319  1319 D gralloc_ranchu: gralloc_alloc: Creating ashmem region of size 4096
09-12 01:30:11.440  1655  1926 D         : SurfaceInterface::setAsyncMode: set async mode 1
09-12 01:30:11.444  1655  1926 D EGL_emulation: eglMakeCurrent: 0x8d9d45a0: ver 2 0 (tinfo 0x8d9c9c40)
09-12 01:30:11.447  1655  1655 D StatusBar: disable<e i a s b h r c s q >
09-12 01:30:11.480  1319  1319 D gralloc_ranchu: gralloc_alloc: Creating ashmem region of size 4096
09-12 01:30:11.045  2254  2254 I chatty  : uid=10021(u0_a21) com.google.android.apps.nexuslauncher identical 7 lines
09-12 01:30:11.045  2254  2254 W ViewRootImpl[NexusLauncherActivity]: Cancelling event due to no window focus: KeyEvent { action=ACTION_UP, keyCode=KEYCODE_DPAD_DOWN, scanCode=0, metaState=0, flags=0x28, repeatCount=0, eventTime=717059, downTime=717059, deviceId=-1, source=0x101 }
09-12 01:30:11.509  1655  1655 W ViewRootImpl[StatusBar]: Dropping event due to no window focus: KeyEvent { action=ACTION_DOWN, keyCode=KEYCODE_DPAD_DOWN, scanCode=0, metaState=0, flags=0x8, repeatCount=0, eventTime=717639, downTime=717639, deviceId=-1, source=0x101 }
09-12 01:30:11.510  1655  1655 W ViewRootImpl[StatusBar]: Cancelling event due to no window focus: KeyEvent { action=ACTION_UP, keyCode=KEYCODE_DPAD_DOWN, scanCode=0, metaState=0, flags=0x28, repeatCount=0, eventTime=717654, downTime=717654, deviceId=-1, source=0x101 }
09-12 01:30:11.510  1655  1655 I chatty  : uid=10029(u0_a29) com.android.systemui identical 7 lines
09-12 01:30:11.510  1655  1655 W ViewRootImpl[StatusBar]: Cancelling event due to no window focus: KeyEvent { action=ACTION_UP, keyCode=KEYCODE_DPAD_DOWN, scanCode=0, metaState=0, flags=0x28, repeatCount=0, eventTime=717654, downTime=717654, deviceId=-1, source=0x101 }
09-12 01:30:11.515  1655  1655 W ViewRootImpl[StatusBar]: Dropping event due to no window focus: KeyEvent { action=ACTION_DOWN, keyCode=KEYCODE_DPAD_RIGHT, scanCode=0, metaState=0, flags=0x8, repeatCount=0, eventTime=717655, downTime=717655, deviceId=-1, source=0x101 }
09-12 01:30:11.516  1655  1655 W ViewRootImpl[StatusBar]: Cancelling event due to no window focus: KeyEvent { action=ACTION_UP, keyCode=KEYCODE_DPAD_RIGHT, scanCode=0, metaState=0, flags=0x28, repeatCount=0, eventTime=717659, downTime=717659, deviceId=-1, source=0x101 }
09-12 01:30:11.517  1655  1655 I chatty  : uid=10029(u0_a29) com.android.systemui identical 7 lines
09-12 01:30:11.517  1655  1655 W ViewRootImpl[StatusBar]: Cancelling event due to no window focus: KeyEvent { action=ACTION_UP, keyCode=KEYCODE_DPAD_RIGHT, scanCode=0, metaState=0, flags=0x28, repeatCount=0, eventTime=717659, downTime=717659, deviceId=-1, source=0x101 }
09-12 01:30:11.572  1655  1655 W ViewRootImpl[StatusBar]: Dropping event due to no window focus: KeyEvent { action=ACTION_DOWN, keyCode=KEYCODE_DPAD_LEFT, scanCode=0, metaState=0, flags=0x8, repeatCount=0, eventTime=717663, downTime=717663, deviceId=-1, source=0x101 }
09-12 01:30:11.576  1655  1655 W ViewRootImpl[StatusBar]: Cancelling event due to no window focus: KeyEvent { action=ACTION_UP, keyCode=KEYCODE_DPAD_LEFT, scanCode=0, metaState=0, flags=0x28, repeatCount=0, eventTime=717665, downTime=717665, deviceId=-1, source=0x101 }
09-12 01:30:11.576  1655  1655 I chatty  : uid=10029(u0_a29) com.android.systemui identical 7 lines
09-12 01:30:11.577  1655  1655 W ViewRootImpl[StatusBar]: Cancelling event due to no window focus: KeyEvent { action=ACTION_UP, keyCode=KEYCODE_DPAD_LEFT, scanCode=0, metaState=0, flags=0x28, repeatCount=0, eventTime=717665, downTime=717665, deviceId=-1, source=0x101 }
09-12 01:30:12.145  1529  4532 I ActivityManager: START u0 {act=android.intent.action.VIEW dat=content://media/external/images/media/41 typ=image/png flg=0x10000001 cmp=com.google.android.apps.photos/.pager.HostPhotoPagerActivity} from uid 10029
09-12 01:30:12.202  1529  2363 I ActivityManager: START u0 {act=android.intent.action.SET_WALLPAPER pkg=com.google.android.apps.wallpaper cmp=com.google.android.apps.wallpaper/.picker.TopLevelPickerActivity bnds=[159,1479][413,1659] (has extras)} from uid 10021
09-12 01:30:12.288  1655  1655 W ViewRootImpl[StatusBar]: Cancelling event due to no window focus: KeyEvent { action=ACTION_UP, keyCode=KEYCODE_DPAD_DOWN, scanCode=0, metaState=0, flags=0x28, repeatCount=0, eventTime=718422, downTime=718422, deviceId=-1, source=0x101 }
09-12 01:30:12.290  1655  1655 I chatty  : uid=10029(u0_a29) com.android.systemui identical 7 lines
09-12 01:30:12.291  1655  1655 W ViewRootImpl[StatusBar]: Cancelling event due to no window focus: KeyEvent { action=ACTION_UP, keyCode=KEYCODE_DPAD_DOWN, scanCode=0, metaState=0, flags=0x28, repeatCount=0, eventTime=718422, downTime=718422, deviceId=-1, source=0x101 }
09-12 01:30:12.292  1655  1655 W ViewRootImpl[StatusBar]: Dropping event due to no window focus: KeyEvent { action=ACTION_DOWN, keyCode=KEYCODE_NUM, scanCode=0, metaState=0, flags=0x8, repeatCount=0, eventTime=718430, downTime=718430, deviceId=-1, source=0x101 }
09-12 01:30:12.303  1529  3459 I ActivityManager: START u0 {act=android.intent.action.MAIN cat=[android.intent.category.LAUNCHER] flg=0x10200000 cmp=me.kuehle.carreport/.gui.MainActivity} from uid 2000
09-12 01:30:11.730  1319  1319 D gralloc_ranchu: gralloc_alloc: Creating ashmem region of size 4096
09-12 01:30:12.319  2254  2254 I zygote  : Deoptimizing boolean android.support.v7.widget.RecyclerView.checkLayoutParams(android.view.ViewGroup$LayoutParams) due to JIT inline cache
09-12 01:30:12.356  1319  1319 D gralloc_ranchu: gralloc_alloc: Creating ashmem region of size 8298496
09-12 01:30:12.359  2254  2254 I zygote  : Deoptimizing int android.support.v7.widget.aj.aaj() due to JIT inline cache
09-12 01:30:12.515  1529  1541 I ActivityManager: Start proc 4656:me.kuehle.carreport/u0a84 for activity me.kuehle.carreport/.gui.MainActivity
