09-12 01:29:24.244  1319  1319 D gralloc_ranchu: gralloc_alloc: Creating ashmem region of size 8298496
09-12 01:29:24.296  2182  4376 I chatty  : uid=10030(u0_a30) com.google.android.googlequicksearchbox:search expire 2 lines
09-12 01:29:24.305  4318  4380 I chatty  : uid=10084(u0_a84) me.kuehle.carreport expire 50 lines
09-12 01:29:24.321  2417  2784 W Icing   : isOptedInForAppHistory: empty Account Name encountered
09-12 01:29:24.371  2417  2846 E Icing   : dlopen failed: library "/data/data/com.google.android.gms/files/libAppDataSearchExt_x86.so" not found
09-12 01:29:24.371  2417  2846 E Icing   : Loading extension /data/data/com.google.android.gms/files/libAppDataSearchExt_x86.so failed
09-12 01:29:24.469  1319  1319 D gralloc_ranchu: gralloc_alloc: Creating ashmem region of size 4096
09-12 01:29:24.480  1319  1319 D gralloc_ranchu: gralloc_alloc: Creating ashmem region of size 4096
09-12 01:29:24.495  2254  2416 D EGL_emulation: eglMakeCurrent: 0xaa831980: ver 2 0 (tinfo 0xaa80b010)
09-12 01:29:24.496  1319  1319 D gralloc_ranchu: gralloc_alloc: Creating ashmem region of size 4096
09-12 01:29:24.704  2182  4381 I chatty  : uid=10030(u0_a30) com.google.android.googlequicksearchbox:search expire 1 line
09-12 01:29:24.738  1715  1715 W main    : type=1400 audit(0.0:83): avc: denied { getattr } for path="/mnt/expand" dev="tmpfs" ino=4344 scontext=u:r:webview_zygote:s0 tcontext=u:object_r:mnt_expand_file:s0 tclass=dir permissive=0
09-12 01:29:24.739  1529  3974 I Zygote  : Process: zygote socket webview_zygote opened, supported ABIS: x86
09-12 01:29:24.739  1529  3974 D WebViewZygote: Preloading package /system/app/Chrome/Chrome.apk /system/app/Chrome/lib/x86:/system/app/Chrome/Chrome.apk!/lib/x86
09-12 01:29:24.751  1529  3974 I Zygote  : Process: zygote socket webview_zygote opened, supported ABIS: x86
09-12 01:29:24.751  1715  1715 I WebViewZygoteInit: Beginning package preload
09-12 01:29:24.790  1715  1715 I WebViewZygoteInit: Package preload done
09-12 01:29:24.816  4382  4382 E /system/bin/webview_zygote32: failed to make and chown /acct/uid_99000: Permission denied
09-12 01:29:24.817  1529  3974 W ActivityManager: Slow operation: 88ms so far, now at startProcess: returned from zygote!
09-12 01:29:24.817  1529  3974 W ActivityManager: Slow operation: 89ms so far, now at startProcess: done updating battery stats
09-12 01:29:24.817  1529  3974 W ActivityManager: Slow operation: 89ms so far, now at startProcess: building log message
09-12 01:29:24.817  1529  3974 I ActivityManager: Start proc 4382:com.android.chrome:sandboxed_process0/u0i0 for webview_service com.google.android.googlequicksearchbox/org.chromium.content.app.SandboxedProcessService0
09-12 01:29:24.817  1529  3974 W ActivityManager: Slow operation: 89ms so far, now at startProcess: starting to update pids map
09-12 01:29:24.817  1529  3974 W ActivityManager: Slow operation: 89ms so far, now at startProcess: done updating pids map
09-12 01:29:24.817  1529  3974 W ActivityManager: Slow operation: 90ms so far, now at startProcess: done starting proc!
09-12 01:29:24.819  4382  4382 E Zygote  : createProcessGroup(99000, 0) failed: Permission denied
09-12 01:29:24.820  4382  4382 W /system/bin/webview_zygote32: Unexpected CPU variant for X86 using defaults: x86
09-12 01:29:24.831  4382  4382 I SamplingProfilerIntegration: Profiling disabled.
09-12 01:29:24.861  4318  4329 I chatty  : uid=10084(u0_a84) me.kuehle.carreport expire 1 line
09-12 01:29:24.866  4396  4396 E asset   : setgid: Operation not permitted
09-12 01:29:24.912  1529  1557 I ActivityManager: Displayed me.kuehle.carreport/.gui.MainActivity: +740ms
09-12 01:29:24.918  1319  1319 D gralloc_ranchu: gralloc_alloc: Creating ashmem region of size 4096
09-12 01:29:25.109  1529  1685 I ActivityManager: START u0 {act=android.intent.action.MAIN cat=[android.intent.category.LAUNCHER] flg=0x10200000 cmp=me.kuehle.carreport/.gui.MainActivity} from uid 2000
09-12 01:29:25.251  1327  1327 W SurfaceFlinger: couldn't log to binary event log: overflow.
09-12 01:29:25.409  4318  4318 I chatty  : uid=10084(u0_a84) me.kuehle.carreport expire 20 lines
09-12 01:29:25.411  1529  1540 I ActivityManager: START u0 {act=android.intent.action.MAIN cat=[android.intent.category.LAUNCHER] flg=0x10200000 cmp=me.kuehle.carreport/.gui.MainActivity} from uid 2000
09-12 01:29:25.457  1319  1319 D gralloc_ranchu: gralloc_alloc: Creating ashmem region of size 4096
09-12 01:29:25.477  1319  1319 D gralloc_ranchu: gralloc_alloc: Creating ashmem region of size 4096
09-12 01:29:25.528  4382  4382 W dboxed_process0: type=1400 audit(0.0:84): avc: denied { search } for name="tmp" dev="vdc" ino=36642 scontext=u:r:isolated_app:s0:c512,c768 tcontext=u:object_r:shell_data_file:s0 tclass=dir permissive=0
09-12 01:29:25.587  4382  4382 I cr_ChildProcessService: Creating new ChildProcessService pid=4382
09-12 01:29:25.912  1319  1319 D gralloc_ranchu: gralloc_alloc: Creating ashmem region of size 4096
09-12 01:29:26.909  2182  4414 I chatty  : uid=10030(u0_a30) GAC_Executor[0] expire 3 lines
09-12 01:29:27.034  4318  4318 E AndroidRuntime: FATAL EXCEPTION: main
09-12 01:29:27.034  4318  4318 E AndroidRuntime: Process: me.kuehle.carreport, PID: 4318
09-12 01:29:27.034  4318  4318 E AndroidRuntime: java.lang.NullPointerException: Attempt to invoke virtual method 'void lecho.lib.hellocharts.view.ComboLineColumnChartView.setVisibility(int)' on a null object reference
09-12 01:29:27.034  4318  4318 E AndroidRuntime: 	at me.kuehle.carreport.gui.ReportFragment$3.onAnimationEnd(ReportFragment.java:405)
09-12 01:29:27.034  4318  4318 E AndroidRuntime: 	at android.animation.Animator$AnimatorListener.onAnimationEnd(Animator.java:552)
09-12 01:29:27.034  4318  4318 E AndroidRuntime: 	at android.animation.AnimatorSet.endAnimation(AnimatorSet.java:1293)
09-12 01:29:27.034  4318  4318 E AndroidRuntime: 	at android.animation.AnimatorSet.cancel(AnimatorSet.java:429)
09-12 01:29:27.034  4318  4318 E AndroidRuntime: 	at me.kuehle.carreport.gui.ReportFragment.showFullScreenChart(ReportFragment.java:421)
09-12 01:29:27.034  4318  4318 E AndroidRuntime: 	at me.kuehle.carreport.gui.ReportFragment.access$400(ReportFragment.java:74)
09-12 01:29:27.034  4318  4318 E AndroidRuntime: 	at me.kuehle.carreport.gui.ReportFragment$ReportHolder$3.onClick(ReportFragment.java:145)
09-12 01:29:27.034  4318  4318 E AndroidRuntime: 	at android.view.View.performClick(View.java:6256)
09-12 01:29:27.034  4318  4318 E AndroidRuntime: 	at android.view.View$PerformClick.run(View.java:24697)
09-12 01:29:27.034  4318  4318 E AndroidRuntime: 	at android.os.Handler.handleCallback(Handler.java:789)
09-12 01:29:27.034  4318  4318 E AndroidRuntime: 	at android.os.Handler.dispatchMessage(Handler.java:98)
09-12 01:29:27.034  4318  4318 E AndroidRuntime: 	at android.os.Looper.loop(Looper.java:164)
09-12 01:29:27.034  4318  4318 E AndroidRuntime: 	at android.app.ActivityThread.main(ActivityThread.java:6541)
09-12 01:29:27.034  4318  4318 E AndroidRuntime: 	at java.lang.reflect.Method.invoke(Native Method)
09-12 01:29:27.034  4318  4318 E AndroidRuntime: 	at com.android.internal.os.Zygote$MethodAndArgsCaller.run(Zygote.java:240)
09-12 01:29:27.034  4318  4318 E AndroidRuntime: 	at com.android.internal.os.ZygoteInit.main(ZygoteInit.java:767)
09-12 01:29:27.039  4289  4298 W Monkey  : // CRASH: me.kuehle.carreport (pid 4318)
09-12 01:29:27.039  4289  4298 W Monkey  : // Short Msg: java.lang.NullPointerException
09-12 01:29:27.039  4289  4298 W Monkey  : // Long Msg: java.lang.NullPointerException: Attempt to invoke virtual method 'void lecho.lib.hellocharts.view.ComboLineColumnChartView.setVisibility(int)' on a null object reference
09-12 01:29:27.039  4289  4298 W Monkey  : // Build Label: google/sdk_gphone_x86/generic_x86:8.0.0/OSR1.170720.005/4205617:userdebug/dev-keys
09-12 01:29:27.039  4289  4298 W Monkey  : // Build Changelist: 4205617
09-12 01:29:27.040  4289  4298 W Monkey  : // Build Time: 1500682265000
09-12 01:29:27.041  4289  4298 W Monkey  : // java.lang.NullPointerException: Attempt to invoke virtual method 'void lecho.lib.hellocharts.view.ComboLineColumnChartView.setVisibility(int)' on a null object reference
09-12 01:29:27.041  4289  4298 W Monkey  : // 	at me.kuehle.carreport.gui.ReportFragment$3.onAnimationEnd(ReportFragment.java:405)
09-12 01:29:27.041  4289  4298 W Monkey  : // 	at android.animation.Animator$AnimatorListener.onAnimationEnd(Animator.java:552)
09-12 01:29:27.041  4289  4298 W Monkey  : // 	at android.animation.AnimatorSet.endAnimation(AnimatorSet.java:1293)
09-12 01:29:27.041  4289  4298 W Monkey  : // 	at android.animation.AnimatorSet.cancel(AnimatorSet.java:429)
09-12 01:29:27.041  4289  4298 W Monkey  : // 	at me.kuehle.carreport.gui.ReportFragment.showFullScreenChart(ReportFragment.java:421)
09-12 01:29:27.041  4289  4298 W Monkey  : // 	at me.kuehle.carreport.gui.ReportFragment.access$400(ReportFragment.java:74)
09-12 01:29:27.041  4289  4298 W Monkey  : // 	at me.kuehle.carreport.gui.ReportFragment$ReportHolder$3.onClick(ReportFragment.java:145)
09-12 01:29:27.041  4289  4298 W Monkey  : // 	at android.view.View.performClick(View.java:6256)
09-12 01:29:27.041  4289  4298 W Monkey  : // 	at android.view.View$PerformClick.run(View.java:24697)
09-12 01:29:27.041  4289  4298 W Monkey  : // 	at android.os.Handler.handleCallback(Handler.java:789)
09-12 01:29:27.041  4289  4298 W Monkey  : // 	at android.os.Handler.dispatchMessage(Handler.java:98)
09-12 01:29:27.041  4289  4298 W Monkey  : // 	at android.os.Looper.loop(Looper.java:164)
09-12 01:29:27.041  4289  4298 W Monkey  : // 	at android.app.ActivityThread.main(ActivityThread.java:6541)
09-12 01:29:27.041  4289  4298 W Monkey  : // 	at java.lang.reflect.Method.invoke(Native Method)
09-12 01:29:27.041  4289  4298 W Monkey  : // 	at com.android.internal.os.Zygote$MethodAndArgsCaller.run(Zygote.java:240)
09-12 01:29:27.041  4289  4298 W Monkey  : // 	at com.android.internal.os.ZygoteInit.main(ZygoteInit.java:767)
09-12 01:29:27.041  4289  4298 W Monkey  : // 
09-12 01:29:27.042  1529  2359 W ActivityManager: Force-killing crashed app me.kuehle.carreport at watcher's request
09-12 01:29:27.043  1529  2359 W ActivityManager:   Force finishing activity me.kuehle.carreport/.gui.MainActivity
09-12 01:29:27.058  4318  4318 I chatty  : uid=10084(u0_a84) me.kuehle.carreport expire 1 line
09-12 01:29:27.059  1326  1326 E lowmemorykiller: Error writing /proc/4318/oom_score_adj; errno=22
09-12 01:29:27.105  1529  1611 W InputDispatcher: channel '36b302e me.kuehle.carreport/me.kuehle.carreport.gui.MainActivity (server)' ~ Consumer closed input channel or an error occurred.  events=0x9
09-12 01:29:27.106  1529  1611 E InputDispatcher: channel '36b302e me.kuehle.carreport/me.kuehle.carreport.gui.MainActivity (server)' ~ Channel is unrecoverably broken and will be disposed!
09-12 01:29:27.107  1529  1884 I ActivityManager: Process me.kuehle.carreport (pid 4318) has died: vis  +99TOP 
09-12 01:29:27.109  1529  1685 I WindowManager: WIN DEATH: Window{36b302e u0 me.kuehle.carreport/me.kuehle.carreport.gui.MainActivity}
09-12 01:29:27.109  1529  1685 W InputDispatcher: Attempted to unregister already unregistered input channel '36b302e me.kuehle.carreport/me.kuehle.carreport.gui.MainActivity (server)'
09-12 01:29:27.115  1529  1611 I InputDispatcher: Dropping event because there is no focused window or focused application.
09-12 01:29:27.115  1529  2361 W InputManager: Input event injection from pid 4289 failed.
09-12 01:29:27.116  4289  4289 I Monkey  :     // Injection Failed
09-12 01:29:27.117  1529  1611 I InputDispatcher: Dropping event because there is no focused window or focused application.
09-12 01:29:27.117  1529  2147 W InputManager: Input event injection from pid 4289 failed.
09-12 01:29:27.118  4289  4289 I Monkey  :     // Injection Failed
09-12 01:29:27.120  1529  1611 I InputDispatcher: Dropping event because there is no focused window or focused application.
09-12 01:29:27.121  1529  3975 W InputManager: Input event injection from pid 4289 failed.
09-12 01:29:27.121  4289  4289 I Monkey  :     // Injection Failed
09-12 01:29:27.122  1529  1611 I InputDispatcher: Dropping event because there is no focused window or focused application.
09-12 01:29:27.122  1529  2363 W InputManager: Input event injection from pid 4289 failed.
09-12 01:29:27.122  4289  4289 I Monkey  :     // Injection Failed
09-12 01:29:27.123  1529  1611 I InputDispatcher: Dropping event because there is no focused window or focused application.
09-12 01:29:27.124  1529  1540 W InputManager: Input event injection from pid 4289 failed.
09-12 01:29:27.125  4289  4289 I Monkey  :     // Injection Failed
09-12 01:29:27.131  1529  1557 W ActivityManager: setHasOverlayUi called on unknown pid: 4318
09-12 01:29:27.166  1327  1327 D SurfaceFlinger: duplicate layer name: changing com.google.android.apps.nexuslauncher/com.google.android.apps.nexuslauncher.NexusLauncherActivity to com.google.android.apps.nexuslauncher/com.google.android.apps.nexuslauncher.NexusLauncherActivity#1
09-12 01:29:27.173  1319  1319 D gralloc_ranchu: gralloc_alloc: Creating ashmem region of size 4096
09-12 01:29:27.184  1319  1319 I chatty  : uid=1000(system) allocator@2.0-s identical 11 lines
09-12 01:29:27.196  1319  1319 D gralloc_ranchu: gralloc_alloc: Creating ashmem region of size 4096
09-12 01:29:27.209  2254  2254 W ViewRootImpl[NexusLauncherActivity]: Dropping event due to no window focus: MotionEvent { action=ACTION_MOVE, actionButton=0, id[0]=0, x[0]=-2.0, y[0]=-3.0, toolType[0]=TOOL_TYPE_UNKNOWN, buttonState=0, metaState=0, flags=0x0, edgeFlags=0x0, pointerCount=1, historySize=6, eventTime=673324, downTime=-1, deviceId=0, source=0x10004 }
09-12 01:29:27.214  2254  2416 D         : SurfaceInterface::setAsyncMode: set async mode 1
09-12 01:29:27.217  2254  2416 D EGL_emulation: eglMakeCurrent: 0xaa831980: ver 2 0 (tinfo 0xaa80b010)
09-12 01:29:27.246  2254  2254 W ViewRootImpl[NexusLauncherActivity]: Dropping event due to no window focus: KeyEvent { action=ACTION_DOWN, keyCode=KEYCODE_DPAD_DOWN, scanCode=0, metaState=0, flags=0x8, repeatCount=0, eventTime=673325, downTime=673325, deviceId=-1, source=0x101 }
09-12 01:29:27.248  1529  1685 I ActivityManager: START u0 {act=android.intent.action.MAIN cat=[android.intent.category.LAUNCHER] flg=0x10200000 cmp=me.kuehle.carreport/.gui.MainActivity} from uid 2000
09-12 01:29:27.281  4419  4419 I chatty  : uid=10084(u0_a84) me.kuehle.carreport expire 28 lines
09-12 01:29:27.286  1529  2147 I ActivityManager: Start proc 4419:me.kuehle.carreport/u0a84 for activity me.kuehle.carreport/.gui.MainActivity
09-12 01:29:27.347  1319  1319 D gralloc_ranchu: gralloc_alloc: Creating ashmem region of size 4096
09-12 01:29:27.357  1319  1319 D gralloc_ranchu: gralloc_alloc: Creating ashmem region of size 8298496
09-12 01:29:27.580  2254  2416 D EGL_emulation: eglMakeCurrent: 0xaa831980: ver 2 0 (tinfo 0xaa80b010)
09-12 01:29:27.592  2254  2416 D OpenGLRenderer: endAllActiveAnimators on 0x8e2c7400 (RippleDrawable) with handle 0x8d959880
09-12 01:29:28.461  4419  4424 I chatty  : uid=10084(u0_a84) me.kuehle.carreport expire 24 lines
09-12 01:29:28.478  2182  4412 I chatty  : uid=10030(u0_a30) Thread-6 expire 1 line
09-12 01:29:28.512  2182  4408 I chatty  : uid=10030(u0_a30) Chrome_ProcessL expire 1 line
09-12 01:29:28.523  4382  4397 I cr_LibraryLoader: Time to load native libraries: 5 ms (timestamps 4663-4668)
09-12 01:29:28.523  4382  4397 I cr_LibraryLoader: Using linker: org.chromium.base.library_loader.ModernLinker
09-12 01:29:28.524  4382  4397 I chromium: [INFO:library_loader_hooks.cc(140)] Chromium logging enabled: level = 0, default verbosity = 0
09-12 01:29:28.524  4382  4397 I cr_LibraryLoader: Expected native library version number "58.0.3029.125", actual native library version number "58.0.3029.125"
09-12 01:29:28.545  2182  3468 I chatty  : uid=10030(u0_a30) RenderThread expire 1 line
09-12 01:29:28.589  2182  4375 I chatty  : uid=10030(u0_a30) com.google.android.googlequicksearchbox:search expire 1 line
09-12 01:29:28.590  2182  2182 I chatty  : uid=10030(u0_a30) com.google.android.googlequicksearchbox:search expire 4 lines
09-12 01:29:28.598  2182  3471 I chatty  : uid=10030(u0_a30) HotwordDetector expire 1 line
09-12 01:29:28.598  2182  3472 I chatty  : uid=10030(u0_a30) com.google.android.googlequicksearchbox:search expire 2 lines
09-12 01:29:28.599  2182  4376 I chatty  : uid=10030(u0_a30) com.google.android.googlequicksearchbox:search expire 2 lines
09-12 01:29:28.599  2182  4375 I chatty  : uid=10030(u0_a30) com.google.android.googlequicksearchbox:search expire 2 lines
09-12 01:29:28.601  1331  4441 I AudioFlinger: AudioFlinger's thread 0xa3183600 tid=4441 ready to run
09-12 01:29:28.610  2182  4376 E ActivityThread: Failed to find provider info for com.google.android.apps.gsa.testing.ui.audio.recorded
09-12 01:29:28.663  4419  4443 I chatty  : uid=10084(u0_a84) me.kuehle.carreport expire 50 lines
09-12 01:29:28.672  1327  1413 E SurfaceFlinger: ro.sf.lcd_density must be defined as a build property
09-12 01:29:28.672  4419  4444 I chatty  : uid=10084(u0_a84) me.kuehle.carreport expire 108 lines
09-12 01:29:28.724  1319  1319 D gralloc_ranchu: gralloc_alloc: Creating ashmem region of size 4096
09-12 01:29:28.725  1529  1648 E TaskPersister: File error accessing recents directory (directory doesn't exist?).
09-12 01:29:28.743  1319  1319 D gralloc_ranchu: gralloc_alloc: Creating ashmem region of size 4096
09-12 01:29:28.782  1319  1319 D gralloc_ranchu: gralloc_alloc: Creating ashmem region of size 4096
09-12 01:29:28.813  1529  1537 D         : HostConnection::get() New Host Connection established 0x88964440, tid 1537
09-12 01:29:28.817  1529  1537 W         : Unrecognized GLES max version string in extensions: ANDROID_EMU_CHECKSUM_HELPER_v1 ANDROID_EMU_dma_v1 
09-12 01:29:29.058  4419  4419 I chatty  : uid=10084(u0_a84) me.kuehle.carreport expire 248 lines
09-12 01:29:29.260  1529  1557 I ActivityManager: Displayed me.kuehle.carreport/.gui.MainActivity: +1s974ms
09-12 01:29:29.456  2182  4376 I chatty  : uid=10030(u0_a30) com.google.android.googlequicksearchbox:search expire 2 lines
09-12 01:29:29.491  2182  3466 I chatty  : uid=10030(u0_a30) com.google.android.googlequicksearchbox:search expire 1 line
09-12 01:29:29.629  1319  1319 D gralloc_ranchu: gralloc_alloc: Creating ashmem region of size 4096
09-12 01:29:29.746  1319  1319 D gralloc_ranchu: gralloc_alloc: Creating ashmem region of size 4096
09-12 01:29:29.761  1319  1319 D gralloc_ranchu: gralloc_alloc: Creating ashmem region of size 4096
09-12 01:29:30.054  1319  1319 D gralloc_ranchu: gralloc_alloc: Creating ashmem region of size 4096
09-12 01:29:30.246  2182  4458 I chatty  : uid=10030(u0_a30) Chrome_InProcGp expire 1 line
09-12 01:29:30.247  2182  4458 W         : Unrecognized GLES max version string in extensions: ANDROID_EMU_CHECKSUM_HELPER_v1 ANDROID_EMU_dma_v1 
09-12 01:29:30.258  2182  4458 D EGL_emulation: eglCreateContext: 0x82003ae0: maj 2 min 0 rcv 2
09-12 01:29:30.292  2182  4458 D EGL_emulation: eglMakeCurrent: 0x82003ae0: ver 2 0 (tinfo 0x83cf22f0)
09-12 01:29:30.529  1331  1469 W audio_hw_generic: Not supplying enough data to HAL, expected position 3562879 , only wrote 2885040
09-12 01:29:30.829  2254  2416 W OpenGLRenderer: Incorrectly called buildLayer on View: ShortcutAndWidgetContainer, destroying layer...
09-12 01:29:30.837  1529  1541 I ActivityManager: START u0 {act=android.intent.action.MAIN cat=[android.intent.category.LAUNCHER] flg=0x10200000 cmp=me.kuehle.carreport/.gui.MainActivity} from uid 2000
09-12 01:29:30.841  1331  3530 W audio_hw_generic: Not supplying enough data to HAL, expected position 2885118 , only wrote 2885040
09-12 01:29:30.848  1319  1319 D gralloc_ranchu: gralloc_alloc: Creating ashmem region of size 4096
09-12 01:29:30.916  1327  1327 W SurfaceFlinger: couldn't log to binary event log: overflow.
09-12 01:29:30.916  1327  1327 W SurfaceFlinger: couldn't log to binary event log: overflow.
09-12 01:29:30.930  2182  4458 I VideoCapabilities: Unsupported profile 4 for video/mp4v-es
09-12 01:29:30.935  2182  4458 W cr_MediaCodecUtil: HW encoder for video/avc is not available on this device.
09-12 01:29:30.942  2182  4376 I PBSessionCacheImpl: Deleted sessionId[427368657921] from persistence.
09-12 01:29:30.944  2182  4458 W cr_MediaCodecUtil: HW encoder for video/avc is not available on this device.
09-12 01:29:30.976  2182  2182 W SearchService: Abort, client detached.
09-12 01:29:30.979  2182  2182 E NowDoodleController: Failed to receive DoodleData
09-12 01:29:30.979  2182  2182 E NowDoodleController: java.util.concurrent.CancellationException: Task was cancelled.
09-12 01:29:30.979  2182  2182 E NowDoodleController: 	at com.google.common.util.concurrent.d.ct(SourceFile:75)
09-12 01:29:30.979  2182  2182 E NowDoodleController: 	at com.google.common.util.concurrent.d.get(SourceFile:57)
09-12 01:29:30.979  2182  2182 E NowDoodleController: 	at com.google.common.util.concurrent.cg.n(SourceFile:2)
09-12 01:29:30.979  2182  2182 E NowDoodleController: 	at com.google.common.util.concurrent.av.l(SourceFile:50)
09-12 01:29:30.979  2182  2182 E NowDoodleController: 	at com.google.common.util.concurrent.ax.run(SourceFile:5)
09-12 01:29:30.979  2182  2182 E NowDoodleController: 	at com.google.android.apps.gsa.shared.util.concurrent.a.bc.run(SourceFile:2)
09-12 01:29:30.979  2182  2182 E NowDoodleController: 	at android.os.Handler.handleCallback(Handler.java:789)
09-12 01:29:30.979  2182  2182 E NowDoodleController: 	at android.os.Handler.dispatchMessage(Handler.java:98)
09-12 01:29:30.979  2182  2182 E NowDoodleController: 	at android.os.Looper.loop(Looper.java:164)
09-12 01:29:30.979  2182  2182 E NowDoodleController: 	at android.app.ActivityThread.main(ActivityThread.java:6541)
09-12 01:29:30.979  2182  2182 E NowDoodleController: 	at java.lang.reflect.Method.invoke(Native Method)
09-12 01:29:30.979  2182  2182 E NowDoodleController: 	at com.android.internal.os.Zygote$MethodAndArgsCaller.run(Zygote.java:240)
09-12 01:29:30.979  2182  2182 E NowDoodleController: 	at com.android.internal.os.ZygoteInit.main(ZygoteInit.java:767)
09-12 01:29:31.205  2182  4458 E chromium: [ERROR:gl_surface_egl.cc(264)] eglChooseConfig failed with error EGL_SUCCESS
09-12 01:29:31.205  2182  4458 E EGL_emulation: tid 4458: eglChooseConfig(824): error 0x3004 (EGL_BAD_ATTRIBUTE)
09-12 01:29:31.205  2182  4458 E chromium: [ERROR:gl_surface_egl.cc(264)] eglChooseConfig failed with error EGL_BAD_ATTRIBUTE
09-12 01:29:31.205  2182  4458 E chromium: [ERROR:gl_surface_egl.cc(417)] No suitable EGL configs found.
09-12 01:29:31.232  2182  4458 E chromium: [ERROR:gl_surface_egl.cc(264)] eglChooseConfig failed with error EGL_SUCCESS
09-12 01:29:31.232  2182  4458 E EGL_emulation: tid 4458: eglChooseConfig(824): error 0x3004 (EGL_BAD_ATTRIBUTE)
09-12 01:29:31.232  2182  4458 E chromium: [ERROR:gl_surface_egl.cc(264)] eglChooseConfig failed with error EGL_BAD_ATTRIBUTE
09-12 01:29:31.233  2182  4458 E chromium: [ERROR:gl_surface_egl.cc(417)] No suitable EGL configs found.
09-12 01:29:31.240  2182  4458 D EGL_emulation: eglCreateContext: 0x82004860: maj 2 min 0 rcv 2
09-12 01:29:31.243  2182  4458 D EGL_emulation: eglMakeCurrent: 0x82004860: ver 2 0 (tinfo 0x83cf22f0)
09-12 01:29:31.857  1655  1655 D StatusBar: disable<e i a s b h r c s q >
09-12 01:29:31.905  1319  1319 D gralloc_ranchu: gralloc_alloc: Creating ashmem region of size 4096
09-12 01:29:31.931  1655  1926 D         : SurfaceInterface::setAsyncMode: set async mode 1
09-12 01:29:31.935  1655  1926 D EGL_emulation: eglMakeCurrent: 0x8d9d45a0: ver 2 0 (tinfo 0x8d9c9c40)
09-12 01:29:31.937  1655  1655 D StatusBar: disable<e i a s b h r c s q >
09-12 01:29:31.966  1319  1319 D gralloc_ranchu: gralloc_alloc: Creating ashmem region of size 4096
09-12 01:29:32.075  1655  1926 D EGL_emulation: eglMakeCurrent: 0x8d9d45a0: ver 2 0 (tinfo 0x8d9c9c40)
09-12 01:29:32.094  1319  1319 D gralloc_ranchu: gralloc_alloc: Creating ashmem region of size 4096
09-12 01:29:32.108  1655  1926 D         : SurfaceInterface::setAsyncMode: set async mode 1
09-12 01:29:32.109  1655  1926 D EGL_emulation: eglMakeCurrent: 0x8d9d45a0: ver 2 0 (tinfo 0x8d9c9c40)
09-12 01:29:32.138  1319  1319 D gralloc_ranchu: gralloc_alloc: Creating ashmem region of size 4096
09-12 01:29:32.276  1319  1319 D gralloc_ranchu: gralloc_alloc: Creating ashmem region of size 4096
09-12 01:29:32.626  1319  1319 D gralloc_ranchu: gralloc_alloc: Creating ashmem region of size 4096
09-12 01:29:32.633  1319  1319 D gralloc_ranchu: gralloc_alloc: Creating ashmem region of size 4096
09-12 01:29:32.890  1319  1319 D gralloc_ranchu: gralloc_alloc: Creating ashmem region of size 4096
09-12 01:29:32.902  1319  1319 D gralloc_ranchu: gralloc_alloc: Creating ashmem region of size 4096
09-12 01:29:33.210  1319  1319 D gralloc_ranchu: gralloc_alloc: Creating ashmem region of size 4096
09-12 01:29:33.219  1319  1319 D gralloc_ranchu: gralloc_alloc: Creating ashmem region of size 4096
09-12 01:29:33.262  1529  1884 I ActivityManager: START u0 {act=android.intent.action.MAIN cat=[android.intent.category.LAUNCHER] flg=0x10200000 cmp=me.kuehle.carreport/.gui.MainActivity} from uid 2000
09-12 01:29:33.422  2182  3467 W Search.BasePageFetcher: Exception fetching base page
09-12 01:29:33.422  2182  3467 W Search.BasePageFetcher: com.google.android.apps.gsa.shared.exception.GsaIOException: Error code: 262160
09-12 01:29:33.422  2182  3467 W Search.BasePageFetcher: 	at com.google.android.apps.gsa.search.core.q.k.b(SourceFile:64)
09-12 01:29:33.422  2182  3467 W Search.BasePageFetcher: 	at com.google.android.apps.gsa.search.core.q.k.a(SourceFile:58)
09-12 01:29:33.422  2182  3467 W Search.BasePageFetcher: 	at com.google.android.apps.gsa.search.core.q.o.Y(Unknown Source:5)
09-12 01:29:33.422  2182  3467 W Search.BasePageFetcher: 	at com.google.common.util.concurrent.q.Q(SourceFile:7)
09-12 01:29:33.422  2182  3467 W Search.BasePageFetcher: 	at com.google.common.util.concurrent.p.run(SourceFile:39)
09-12 01:29:33.422  2182  3467 W Search.BasePageFetcher: 	at com.google.common.util.concurrent.br.execute(SourceFile:3)
09-12 01:29:33.422  2182  3467 W Search.BasePageFetcher: 	at com.google.common.util.concurrent.d.a(SourceFile:224)
09-12 01:29:33.422  2182  3467 W Search.BasePageFetcher: 	at com.google.common.util.concurrent.d.a(SourceFile:217)
09-12 01:29:33.422  2182  3467 W Search.BasePageFetcher: 	at com.google.common.util.concurrent.d.m(SourceFile:147)
09-12 01:29:33.422  2182  3467 W Search.BasePageFetcher: 	at com.google.common.util.concurrent.q.aQ(SourceFile:4)
09-12 01:29:33.422  2182  3467 W Search.BasePageFetcher: 	at com.google.common.util.concurrent.p.run(SourceFile:47)
09-12 01:29:33.422  2182  3467 W Search.BasePageFetcher: 	at com.google.common.util.concurrent.br.execute(SourceFile:3)
09-12 01:29:33.422  2182  3467 W Search.BasePageFetcher: 	at com.google.common.util.concurrent.d.a(SourceFile:224)
09-12 01:29:33.422  2182  3467 W Search.BasePageFetcher: 	at com.google.common.util.concurrent.d.a(SourceFile:217)
09-12 01:29:33.422  2182  3467 W Search.BasePageFetcher: 	at com.google.common.util.concurrent.j.run(SourceFile:15)
09-12 01:29:33.422  2182  3467 W Search.BasePageFetcher: 	at com.google.common.util.concurrent.br.execute(SourceFile:3)
09-12 01:29:33.422  2182  3467 W Search.BasePageFetcher: 	at com.google.common.util.concurrent.aq.a(SourceFile:29)
09-12 01:29:33.422  2182  3467 W Search.BasePageFetcher: 	at com.google.common.util.concurrent.aq.execute(SourceFile:26)
09-12 01:29:33.422  2182  3467 W Search.BasePageFetcher: 	at com.google.android.apps.gsa.shared.util.concurrent.a.ax.done(SourceFile:34)
09-12 01:29:33.422  2182  3467 W Search.BasePageFetcher: 	at java.util.concurrent.FutureTask.finishCompletion(FutureTask.java:383)
09-12 01:29:33.422  2182  3467 W Search.BasePageFetcher: 	at java.util.concurrent.FutureTask.set(FutureTask.java:234)
09-12 01:29:33.422  2182  3467 W Search.BasePageFetcher: 	at java.util.concurrent.FutureTask.run(FutureTask.java:274)
09-12 01:29:33.422  2182  3467 W Search.BasePageFetcher: 	at com.google.android.apps.gsa.shared.util.concurrent.a.ax.run(SourceFile:14)
09-12 01:29:33.422  2182  3467 W Search.BasePageFetcher: 	at com.google.android.apps.gsa.shared.util.concurrent.a.bl.run(SourceFile:4)
09-12 01:29:33.422  2182  3467 W Search.BasePageFetcher: 	at com.google.android.apps.gsa.shared.util.concurrent.a.bl.run(SourceFile:4)
09-12 01:29:33.422  2182  3467 W Search.BasePageFetcher: 	at java.util.concurrent.ThreadPoolExecutor.runWorker(ThreadPoolExecutor.java:1162)
09-12 01:29:33.422  2182  3467 W Search.BasePageFetcher: 	at java.util.concurrent.ThreadPoolExecutor$Worker.run(ThreadPoolExecutor.java:636)
09-12 01:29:33.422  2182  3467 W Search.BasePageFetcher: 	at java.lang.Thread.run(Thread.java:764)
09-12 01:29:33.422  2182  3467 W Search.BasePageFetcher: 	at com.google.android.apps.gsa.shared.util.concurrent.a.ai.run(SourceFile:6)
09-12 01:29:33.591  1319  1319 D gralloc_ranchu: gralloc_alloc: Creating ashmem region of size 4096
09-12 01:29:33.612  1319  1319 D gralloc_ranchu: gralloc_alloc: Creating ashmem region of size 4096
09-12 01:29:33.768  1327  1413 E SurfaceFlinger: Failed to find layer (PopupWindow:6adf15a#0) in layer parent (no-parent).
09-12 01:29:34.073  1319  1319 D gralloc_ranchu: gralloc_alloc: Creating ashmem region of size 4096
09-12 01:29:34.746  1319  1319 D gralloc_ranchu: gralloc_alloc: Creating ashmem region of size 4096
09-12 01:29:34.754  1319  1319 D gralloc_ranchu: gralloc_alloc: Creating ashmem region of size 4096
09-12 01:29:34.960  1529  2362 I ActivityManager: START u0 {act=android.intent.action.MAIN cat=[android.intent.category.LAUNCHER] flg=0x10200000 cmp=me.kuehle.carreport/.gui.MainActivity} from uid 2000
09-12 01:29:34.989  1655  1681 V AssistManager: Voice open
09-12 01:29:35.037  1529  1682 I ActivityManager: START u0 {flg=0x10008000 cmp=com.google.android.googlequicksearchbox/com.google.android.apps.gsa.staticplugins.opa.OpaActivity (has extras)} from uid 10030
09-12 01:29:35.073  1319  1319 D gralloc_ranchu: gralloc_alloc: Creating ashmem region of size 4096
09-12 01:29:35.105  1319  1319 D gralloc_ranchu: gralloc_alloc: Creating ashmem region of size 4096
09-12 01:29:35.136  1319  1319 D gralloc_ranchu: gralloc_alloc: Creating ashmem region of size 4096
09-12 01:29:35.192  2182  2182 W ViewRootImpl[VoiceInteractionSession]: Dropping event due to no window focus: KeyEvent { action=ACTION_DOWN, keyCode=KEYCODE_DPAD_LEFT, scanCode=0, metaState=0, flags=0x8, repeatCount=0, eventTime=681110, downTime=681110, deviceId=-1, source=0x101 }
09-12 01:29:35.198  2182  3468 D         : SurfaceInterface::setAsyncMode: set async mode 1
09-12 01:29:35.200  2182  3468 D EGL_emulation: eglMakeCurrent: 0x9e999fe0: ver 2 0 (tinfo 0x9ec7f230)
09-12 01:29:35.233  2182  2182 W ViewRootImpl[VoiceInteractionSession]: Cancelling event due to no window focus: KeyEvent { action=ACTION_UP, keyCode=KEYCODE_DPAD_LEFT, scanCode=0, metaState=0, flags=0x28, repeatCount=0, eventTime=681206, downTime=681206, deviceId=-1, source=0x101 }
09-12 01:29:35.233  2182  2182 I chatty  : uid=10030(u0_a30) com.google.android.googlequicksearchbox:search identical 14 lines
09-12 01:29:35.234  2182  2182 W ViewRootImpl[VoiceInteractionSession]: Cancelling event due to no window focus: KeyEvent { action=ACTION_UP, keyCode=KEYCODE_DPAD_LEFT, scanCode=0, metaState=0, flags=0x28, repeatCount=0, eventTime=681206, downTime=681206, deviceId=-1, source=0x101 }
09-12 01:29:35.236  2182  2182 W ViewRootImpl[VoiceInteractionSession]: Dropping event due to no window focus: KeyEvent { action=ACTION_DOWN, keyCode=KEYCODE_DPAD_RIGHT, scanCode=0, metaState=0, flags=0x8, repeatCount=0, eventTime=681341, downTime=681341, deviceId=-1, source=0x101 }
09-12 01:29:35.240  2182  2182 W ViewRootImpl[VoiceInteractionSession]: Cancelling event due to no window focus: KeyEvent { action=ACTION_UP, keyCode=KEYCODE_DPAD_RIGHT, scanCode=0, metaState=0, flags=0x28, repeatCount=0, eventTime=681381, downTime=681381, deviceId=-1, source=0x101 }
09-12 01:29:35.240  2182  2182 W ViewRootImpl[VoiceInteractionSession]: Cancelling event due to no window focus: KeyEvent { action=ACTION_UP, keyCode=KEYCODE_DPAD_RIGHT, scanCode=0, metaState=0, flags=0x28, repeatCount=0, eventTime=681381, downTime=681381, deviceId=-1, source=0x101 }
09-12 01:29:35.293  1655  1900 V AssistManager: Voice closed
09-12 01:29:35.298  2182  2182 E ContextIntentStarter: No activity found for any of the 0 intents
09-12 01:29:35.299  1529  1549 D AutofillManagerService: onBackKeyPressed()
09-12 01:29:35.303  2182  2182 E NowRemoteClient: skipping logEndstates, service is null
09-12 01:29:35.303  2182  2182 E NowRemoteClient: skipping logEndstates, service is null
09-12 01:29:35.313  2182  3468 D EGL_emulation: eglMakeCurrent: 0x9e999fe0: ver 2 0 (tinfo 0x9ec7f230)
09-12 01:29:35.755  1655  1655 D StatusBar: disable<e i a s b h r c s q >
09-12 01:29:35.779  1655  1926 D EGL_emulation: eglMakeCurrent: 0x8d9d45a0: ver 2 0 (tinfo 0x8d9c9c40)
09-12 01:29:35.782  1319  1319 D gralloc_ranchu: gralloc_alloc: Creating ashmem region of size 4096
09-12 01:29:35.819  1655  1926 D         : SurfaceInterface::setAsyncMode: set async mode 1
09-12 01:29:35.825  1655  1926 D EGL_emulation: eglMakeCurrent: 0x8d9d45a0: ver 2 0 (tinfo 0x8d9c9c40)
09-12 01:29:35.982  2182  4464 I EventLogSendingHelper: Sending log events.
09-12 01:29:36.052  1319  1319 D gralloc_ranchu: gralloc_alloc: Creating ashmem region of size 4096
09-12 01:29:36.086  1655  1655 D StatusBar: disable<e i a s b h r c s q >
09-12 01:29:36.153  1319  1319 D gralloc_ranchu: gralloc_alloc: Creating ashmem region of size 4096
09-12 01:29:36.274  1655  1655 W ViewRootImpl[StatusBar]: Dropping event due to no window focus: KeyEvent { action=ACTION_DOWN, keyCode=KEYCODE_DPAD_UP, scanCode=0, metaState=0, flags=0x8, repeatCount=0, eventTime=682325, downTime=682325, deviceId=-1, source=0x101 }
09-12 01:29:36.488  1319  1319 D gralloc_ranchu: gralloc_alloc: Creating ashmem region of size 4096
09-12 01:29:36.693  1529  1611 I ActivityManager: START u0 {act=android.intent.action.MAIN cat=[android.intent.category.HOME] flg=0x10200000 cmp=com.google.android.apps.nexuslauncher/.NexusLauncherActivity (has extras)} from uid 1000
09-12 01:29:36.712  1529  3975 I ActivityManager: START u0 {cmp=com.android.settings/.deviceinfo.StorageWizardInit (has extras)} from uid 10029
09-12 01:29:36.947  1655  1655 I zygote  : Deoptimizing void com.android.systemui.SwipeHelper.invalidateGlobalRegion(android.view.View, android.graphics.RectF) due to JIT same target
09-12 01:29:36.995  1655  1655 W StatusBar: removeNotification for unknown key: -1|com.android.systemui|1397773634|public:253,48|10029
09-12 01:29:37.030  1529  1685 I ActivityManager: START u0 {act=android.intent.action.SHOW_ALARMS flg=0x14000000 cmp=com.android.deskclock/.HandleApiCalls} from uid 10029
09-12 01:29:37.051  1655  1655 W ViewRootImpl[StatusBar]: Dropping event due to no window focus: MotionEvent { action=ACTION_MOVE, actionButton=0, id[0]=0, x[0]=-4.0, y[0]=3.0, toolType[0]=TOOL_TYPE_UNKNOWN, buttonState=0, metaState=0, flags=0x0, edgeFlags=0x0, pointerCount=1, historySize=2, eventTime=683178, downTime=-1, deviceId=0, source=0x10004 }
09-12 01:29:37.153  1655  1655 W StatusBar: removeNotification for unknown key: -1|com.android.systemui|1397773634|public:253,48|10029
09-12 01:29:37.154  1655  1655 D StatusBar: disable<e i a s b h r c s q >
09-12 01:29:37.170  1655  1655 I chatty  : uid=10029(u0_a29) com.android.systemui identical 3 lines
09-12 01:29:37.187  1655  1655 D StatusBar: disable<e i a s b h r c s q >
09-12 01:29:37.188  1529  1611 I InputDispatcher: Dropped event because of pending overdue app switch.
09-12 01:29:37.189  1529  2361 W InputManager: Input event injection from pid 4289 failed.
09-12 01:29:37.191  4289  4289 I Monkey  :     // Injection Failed
09-12 01:29:37.383  1529  2363 I ActivityManager: START u0 {act=android.intent.action.MAIN cat=[android.intent.category.LAUNCHER] flg=0x10200000 cmp=me.kuehle.carreport/.gui.MainActivity} from uid 2000
09-12 01:29:37.415  1655  1655 D StatusBar: disable<e i a s b h r c s q >
09-12 01:29:37.448  1655  1926 D EGL_emulation: eglMakeCurrent: 0x8d9d45a0: ver 2 0 (tinfo 0x8d9c9c40)
09-12 01:29:37.449  1319  1319 D gralloc_ranchu: gralloc_alloc: Creating ashmem region of size 4096
09-12 01:29:37.472  1655  1926 D         : SurfaceInterface::setAsyncMode: set async mode 1
09-12 01:29:37.479  1655  1926 D EGL_emulation: eglMakeCurrent: 0x8d9d45a0: ver 2 0 (tinfo 0x8d9c9c40)
09-12 01:29:37.531  1319  1319 D gralloc_ranchu: gralloc_alloc: Creating ashmem region of size 4096
09-12 01:29:37.567  1319  1319 D gralloc_ranchu: gralloc_alloc: Creating ashmem region of size 4096
09-12 01:29:37.744  1529  3974 I ActivityManager: START u0 {act=android.intent.action.MAIN cat=[android.intent.category.LAUNCHER] flg=0x10200000 cmp=me.kuehle.carreport/.gui.MainActivity} from uid 2000
09-12 01:29:38.248  1529  1547 E memtrack: Couldn't load memtrack module
09-12 01:29:38.248  1529  1547 W android.os.Debug: failed to get memory consumption info: -1
09-12 01:29:38.508  2182  2182 E WorkerRegistryImpl: getWorker() is called after WorkerRegistry disposal.
09-12 01:29:38.509  2182  2182 E WorkerRegistryImpl: getWorker() is called after WorkerRegistry disposal.
09-12 01:29:38.559  1326  1326 E lowmemorykiller: Error writing /proc/4382/oom_score_adj; errno=22
09-12 01:29:38.561  1529  2147 I ActivityManager: Killing 4382:com.android.chrome:sandboxed_process0/u0a30i0 (adj 0): isolated not needed
09-12 01:29:38.561  1529  1550 W zygote  : failed to open /acct/uid_99000/pid_4382/cgroup.procs: No such file or directory
09-12 01:29:38.578  1529  1551 E KernelCpuSpeedReader: Failed to read cpu-freq: /sys/devices/system/cpu/cpu0/cpufreq/stats/time_in_state (No such file or directory)
09-12 01:29:38.580  1529  1551 E KernelUidCpuTimeReader: Failed to read uid_cputime: /proc/uid_cputime/show_uid_stat (No such file or directory)
09-12 01:29:38.780  1529  1551 E KernelUidCpuFreqTimeReader: Failed to read /proc/uid_time_in_state: java.io.FileNotFoundException: /proc/uid_time_in_state (No such file or directory)
09-12 01:29:38.780  1529  1551 D BatteryStatsImpl: Reading cpu stats took 201 ms
09-12 01:29:38.781  1529  1551 E KernelUidCpuTimeReader: failed to remove uid from uid_cputime module
09-12 01:29:38.781  1529  1551 E KernelUidCpuTimeReader: java.io.FileNotFoundException: /proc/uid_cputime/remove_uid_range (No such file or directory)
09-12 01:29:38.781  1529  1551 E KernelUidCpuTimeReader: 	at java.io.FileOutputStream.open0(Native Method)
09-12 01:29:38.781  1529  1551 E KernelUidCpuTimeReader: 	at java.io.FileOutputStream.open(FileOutputStream.java:287)
09-12 01:29:38.781  1529  1551 E KernelUidCpuTimeReader: 	at java.io.FileOutputStream.<init>(FileOutputStream.java:223)
09-12 01:29:38.781  1529  1551 E KernelUidCpuTimeReader: 	at java.io.FileOutputStream.<init>(FileOutputStream.java:110)
09-12 01:29:38.781  1529  1551 E KernelUidCpuTimeReader: 	at java.io.FileWriter.<init>(FileWriter.java:63)
09-12 01:29:38.781  1529  1551 E KernelUidCpuTimeReader: 	at com.android.internal.os.KernelUidCpuTimeReader.removeUid(KernelUidCpuTimeReader.java:139)
09-12 01:29:38.781  1529  1551 E KernelUidCpuTimeReader: 	at com.android.internal.os.BatteryStatsImpl.removeIsolatedUidLocked(BatteryStatsImpl.java:3520)
09-12 01:29:38.781  1529  1551 E KernelUidCpuTimeReader: 	at com.android.server.am.BatteryStatsService$BatteryStatsHandler.handleMessage(BatteryStatsService.java:149)
09-12 01:29:38.781  1529  1551 E KernelUidCpuTimeReader: 	at android.os.Handler.dispatchMessage(Handler.java:105)
09-12 01:29:38.781  1529  1551 E KernelUidCpuTimeReader: 	at android.os.Looper.loop(Looper.java:164)
09-12 01:29:38.781  1529  1551 E KernelUidCpuTimeReader: 	at android.os.HandlerThread.run(HandlerThread.java:65)
09-12 01:29:38.781  1529  1551 E KernelUidCpuTimeReader: 	at com.android.server.ServiceThread.run(ServiceThread.java:46)
09-12 01:29:38.806  1529  3974 W zygote  : Long monitor contention with owner batterystats-sync (1551) at void com.android.server.am.BatteryStatsService.updateExternalStatsSync(java.lang.String, int)(BatteryStatsService.java:1553) waiters=0 in void com.android.server.am.BatteryStatsService.noteStopWakelock(int, int, java.lang.String, java.lang.String, int) for 172ms
09-12 01:29:38.806  1529  1611 W zygote  : Long monitor contention with owner Binder:1529_D (3974) at void com.android.server.power.PowerManagerService.updateWakeLockWorkSourceInternal(android.os.IBinder, android.os.WorkSource, java.lang.String, int)(PowerManagerService.java:1178) waiters=0 in void com.android.server.power.PowerManagerService.userActivityInternal(long, int, int, int) for 167ms
09-12 01:29:38.927  2182  4458 D EGL_emulation: eglMakeCurrent: 0x82004860: ver 2 0 (tinfo 0x83cf22f0)
09-12 01:29:38.988  4419  4419 E AndroidRuntime: FATAL EXCEPTION: main
09-12 01:29:38.988  4419  4419 E AndroidRuntime: Process: me.kuehle.carreport, PID: 4419
09-12 01:29:38.988  4419  4419 E AndroidRuntime: java.lang.NullPointerException: Attempt to invoke virtual method 'void lecho.lib.hellocharts.view.ComboLineColumnChartView.setVisibility(int)' on a null object reference
09-12 01:29:38.988  4419  4419 E AndroidRuntime: 	at me.kuehle.carreport.gui.ReportFragment$3.onAnimationEnd(ReportFragment.java:405)
09-12 01:29:38.988  4419  4419 E AndroidRuntime: 	at android.animation.Animator$AnimatorListener.onAnimationEnd(Animator.java:552)
09-12 01:29:38.988  4419  4419 E AndroidRuntime: 	at android.animation.AnimatorSet.endAnimation(AnimatorSet.java:1293)
09-12 01:29:38.988  4419  4419 E AndroidRuntime: 	at android.animation.AnimatorSet.cancel(AnimatorSet.java:429)
09-12 01:29:38.988  4419  4419 E AndroidRuntime: 	at me.kuehle.carreport.gui.ReportFragment.showFullScreenChart(ReportFragment.java:421)
09-12 01:29:38.988  4419  4419 E AndroidRuntime: 	at me.kuehle.carreport.gui.ReportFragment.access$400(ReportFragment.java:74)
09-12 01:29:38.988  4419  4419 E AndroidRuntime: 	at me.kuehle.carreport.gui.ReportFragment$ReportHolder$3.onClick(ReportFragment.java:145)
09-12 01:29:38.988  4419  4419 E AndroidRuntime: 	at android.view.View.performClick(View.java:6256)
09-12 01:29:38.988  4419  4419 E AndroidRuntime: 	at android.view.View$PerformClick.run(View.java:24697)
09-12 01:29:38.988  4419  4419 E AndroidRuntime: 	at android.os.Handler.handleCallback(Handler.java:789)
09-12 01:29:38.988  4419  4419 E AndroidRuntime: 	at android.os.Handler.dispatchMessage(Handler.java:98)
09-12 01:29:38.988  4419  4419 E AndroidRuntime: 	at android.os.Looper.loop(Looper.java:164)
09-12 01:29:38.988  4419  4419 E AndroidRuntime: 	at android.app.ActivityThread.main(ActivityThread.java:6541)
09-12 01:29:38.988  4419  4419 E AndroidRuntime: 	at java.lang.reflect.Method.invoke(Native Method)
09-12 01:29:38.988  4419  4419 E AndroidRuntime: 	at com.android.internal.os.Zygote$MethodAndArgsCaller.run(Zygote.java:240)
09-12 01:29:38.988  4419  4419 E AndroidRuntime: 	at com.android.internal.os.ZygoteInit.main(ZygoteInit.java:767)
09-12 01:29:38.991  4289  4297 W Monkey  : // CRASH: me.kuehle.carreport (pid 4419)
09-12 01:29:38.991  4289  4297 W Monkey  : // Short Msg: java.lang.NullPointerException
09-12 01:29:38.991  4289  4297 W Monkey  : // Long Msg: java.lang.NullPointerException: Attempt to invoke virtual method 'void lecho.lib.hellocharts.view.ComboLineColumnChartView.setVisibility(int)' on a null object reference
09-12 01:29:38.992  4289  4297 W Monkey  : // Build Label: google/sdk_gphone_x86/generic_x86:8.0.0/OSR1.170720.005/4205617:userdebug/dev-keys
09-12 01:29:38.992  4289  4297 W Monkey  : // Build Changelist: 4205617
09-12 01:29:38.992  4289  4297 W Monkey  : // Build Time: 1500682265000
09-12 01:29:38.993  4289  4297 W Monkey  : // java.lang.NullPointerException: Attempt to invoke virtual method 'void lecho.lib.hellocharts.view.ComboLineColumnChartView.setVisibility(int)' on a null object reference
09-12 01:29:38.993  4289  4297 W Monkey  : // 	at me.kuehle.carreport.gui.ReportFragment$3.onAnimationEnd(ReportFragment.java:405)
09-12 01:29:38.993  4289  4297 W Monkey  : // 	at android.animation.Animator$AnimatorListener.onAnimationEnd(Animator.java:552)
09-12 01:29:38.993  4289  4297 W Monkey  : // 	at android.animation.AnimatorSet.endAnimation(AnimatorSet.java:1293)
09-12 01:29:38.993  4289  4297 W Monkey  : // 	at android.animation.AnimatorSet.cancel(AnimatorSet.java:429)
09-12 01:29:38.993  4289  4297 W Monkey  : // 	at me.kuehle.carreport.gui.ReportFragment.showFullScreenChart(ReportFragment.java:421)
09-12 01:29:38.993  4289  4297 W Monkey  : // 	at me.kuehle.carreport.gui.ReportFragment.access$400(ReportFragment.java:74)
09-12 01:29:38.993  4289  4297 W Monkey  : // 	at me.kuehle.carreport.gui.ReportFragment$ReportHolder$3.onClick(ReportFragment.java:145)
09-12 01:29:38.993  4289  4297 W Monkey  : // 	at android.view.View.performClick(View.java:6256)
09-12 01:29:38.993  4289  4297 W Monkey  : // 	at android.view.View$PerformClick.run(View.java:24697)
09-12 01:29:38.993  4289  4297 W Monkey  : // 	at android.os.Handler.handleCallback(Handler.java:789)
09-12 01:29:38.993  4289  4297 W Monkey  : // 	at android.os.Handler.dispatchMessage(Handler.java:98)
09-12 01:29:38.993  4289  4297 W Monkey  : // 	at android.os.Looper.loop(Looper.java:164)
09-12 01:29:38.993  4289  4297 W Monkey  : // 	at android.app.ActivityThread.main(ActivityThread.java:6541)
09-12 01:29:38.993  4289  4297 W Monkey  : // 	at java.lang.reflect.Method.invoke(Native Method)
09-12 01:29:38.993  4289  4297 W Monkey  : // 	at com.android.internal.os.Zygote$MethodAndArgsCaller.run(Zygote.java:240)
09-12 01:29:38.993  4289  4297 W Monkey  : // 	at com.android.internal.os.ZygoteInit.main(ZygoteInit.java:767)
09-12 01:29:38.993  4289  4297 W Monkey  : // 
09-12 01:29:38.995  1529  3975 W ActivityManager: Force-killing crashed app me.kuehle.carreport at watcher's request
09-12 01:29:38.995  1529  3975 W ActivityManager:   Force finishing activity me.kuehle.carreport/.gui.MainActivity
09-12 01:29:39.003  1326  1326 E lowmemorykiller: Error writing /proc/4419/oom_score_adj; errno=22
09-12 01:29:39.055  1529  2359 I ActivityManager: Process me.kuehle.carreport (pid 4419) has died: vis  +99TOP 
09-12 01:29:39.057  1529  1611 W InputDispatcher: channel 'c060fe me.kuehle.carreport/me.kuehle.carreport.gui.MainActivity (server)' ~ Consumer closed input channel or an error occurred.  events=0x9
09-12 01:29:39.057  1529  1611 E InputDispatcher: channel 'c060fe me.kuehle.carreport/me.kuehle.carreport.gui.MainActivity (server)' ~ Channel is unrecoverably broken and will be disposed!
09-12 01:29:39.058  1529  1685 I WindowManager: WIN DEATH: Window{c060fe u0 me.kuehle.carreport/me.kuehle.carreport.gui.MainActivity}
09-12 01:29:39.058  1529  1685 W InputDispatcher: Attempted to unregister already unregistered input channel 'c060fe me.kuehle.carreport/me.kuehle.carreport.gui.MainActivity (server)'
09-12 01:29:39.063  1529  1611 I InputDispatcher: Dropping event because there is no focused window or focused application.
09-12 01:29:39.063  1529  3974 W InputManager: Input event injection from pid 4289 failed.
09-12 01:29:39.064  4289  4289 I Monkey  :     // Injection Failed
09-12 01:29:39.066  1529  1611 I InputDispatcher: Dropping event because there is no focused window or focused application.
09-12 01:29:39.066  1529  2147 W InputManager: Input event injection from pid 4289 failed.
09-12 01:29:39.067  4289  4289 I Monkey  :     // Injection Failed
09-12 01:29:39.072  1529  1557 W ActivityManager: setHasOverlayUi called on unknown pid: 4419
09-12 01:29:39.073  1529  1682 I ActivityManager: START u0 {act=android.intent.action.MAIN cat=[android.intent.category.LAUNCHER] flg=0x10200000 cmp=me.kuehle.carreport/.gui.MainActivity} from uid 2000
09-12 01:29:39.108  1319  1319 D gralloc_ranchu: gralloc_alloc: Creating ashmem region of size 4096
09-12 01:29:39.143  1319  1319 D gralloc_ranchu: gralloc_alloc: Creating ashmem region of size 4096
09-12 01:29:39.147  1327  1327 D SurfaceFlinger: duplicate layer name: changing com.google.android.apps.nexuslauncher/com.google.android.apps.nexuslauncher.NexusLauncherActivity to com.google.android.apps.nexuslauncher/com.google.android.apps.nexuslauncher.NexusLauncherActivity#1
09-12 01:29:39.236  1319  1319 D gralloc_ranchu: gralloc_alloc: Creating ashmem region of size 8298496
09-12 01:29:39.248  1319  1319 D gralloc_ranchu: gralloc_alloc: Creating ashmem region of size 4096
09-12 01:29:39.253  2182  3468 D         : SurfaceInterface::setAsyncMode: set async mode 1
09-12 01:29:39.263  2182  3468 D EGL_emulation: eglMakeCurrent: 0x9e999fe0: ver 2 0 (tinfo 0x9ec7f230)
09-12 01:29:39.266  1319  1319 D gralloc_ranchu: gralloc_alloc: Creating ashmem region of size 4096
09-12 01:29:39.297  1319  1319 D gralloc_ranchu: gralloc_alloc: Creating ashmem region of size 4096
09-12 01:29:39.358  2254  2254 W ViewRootImpl[NexusLauncherActivity]: Dropping event due to no window focus: KeyEvent { action=ACTION_DOWN, keyCode=KEYCODE_DPAD_LEFT, scanCode=0, metaState=0, flags=0x8, repeatCount=0, eventTime=685263, downTime=685263, deviceId=-1, source=0x101 }
09-12 01:29:39.375  1529  3974 I ActivityManager: Start proc 4474:me.kuehle.carreport/u0a84 for activity me.kuehle.carreport/.gui.MainActivity
09-12 01:29:39.375  4474  4474 I chatty  : uid=10084(u0_a84) me.kuehle.carreport expire 1649 lines
09-12 01:29:39.379  2254  2254 W ViewRootImpl[NexusLauncherActivity]: Cancelling event due to no window focus: KeyEvent { action=ACTION_UP, keyCode=KEYCODE_DPAD_LEFT, scanCode=0, metaState=0, flags=0x28, repeatCount=0, eventTime=685312, downTime=685312, deviceId=-1, source=0x101 }
